121.42.0.71 - - [20/Oct/2016:09:19:43 +0000] "GET /vendor/bootstrap/js/bootstrap.min.js HTTP/1.1" 200 37045 "http://alexanderamante.com/" "Mozilla/5.0 (iPhone; CPU iPhone OS 6_1_3 like Mac OS X) AppleWebKit/536.26 (KHTML, like Gecko) Version/6.0 Mobile/WK10171 Safari/8536.25"
121.42.0.71 - - [20/Oct/2016:09:19:43 +0000] "GET /js/jqBootstrapValidation.js HTTP/1.1" 200 36180 "http://alexanderamante.com/" "Mozilla/5.0 (iPhone; CPU iPhone OS 6_1_3 like Mac OS X) AppleWebKit/536.26 (KHTML, like Gecko) Version/6.0 Mobile/WK10171 Safari/8536.25"
121.42.0.66 - - [20/Oct/2016:09:19:43 +0000] "GET /css/freelancer.min.css HTTP/1.1" 200 8672 "http://www.alexanderamante.com/" "Mozilla/4.0 (compatible; MSIE 8.0; Trident/4.0; Windows NT 6.1; SLCC2 2.5.5231; .NET CLR 2.0.50727; .NET CLR 4.1.23457; .NET CLR 4.0.23457; Media Center PC 6.0; MS-WK 8)"
121.42.0.66 - - [20/Oct/2016:09:19:43 +0000] "GET /vendor/font-awesome/css/font-awesome.min.css HTTP/1.1" 200 29063 "http://www.alexanderamante.com/" "Mozilla/4.0 (compatible; MSIE 8.0; Trident/4.0; Windows NT 6.1; SLCC2 2.5.5231; .NET CLR 2.0.50727; .NET CLR 4.1.23457; .NET CLR 4.0.23457; Media Center PC 6.0; MS-WK 8)"
121.42.0.66 - - [20/Oct/2016:09:19:43 +0000] "GET /vendor/bootstrap/css/bootstrap.min.css HTTP/1.1" 200 121200 "http://www.alexanderamante.com/" "Mozilla/4.0 (compatible; MSIE 8.0; Trident/4.0; Windows NT 6.1; SLCC2 2.5.5231; .NET CLR 2.0.50727; .NET CLR 4.1.23457; .NET CLR 4.0.23457; Media Center PC 6.0; MS-WK 8)"
121.42.0.66 - - [20/Oct/2016:09:19:43 +0000] "GET /img/portfolio/game.png HTTP/1.1" 200 25896 "http://www.alexanderamante.com/" "Mozilla/4.0 (compatible; MSIE 8.0; Trident/4.0; Windows NT 6.1; SLCC2 2.5.5231; .NET CLR 2.0.50727; .NET CLR 4.1.23457; .NET CLR 4.0.23457; Media Center PC 6.0; MS-WK 8)"
121.42.0.66 - - [20/Oct/2016:09:19:43 +0000] "GET /img/portfolio/safe.png HTTP/1.1" 200 19240 "http://www.alexanderamante.com/" "Mozilla/4.0 (compatible; MSIE 8.0; Trident/4.0; Windows NT 6.1; SLCC2 2.5.5231; .NET CLR 2.0.50727; .NET CLR 4.1.23457; .NET CLR 4.0.23457; Media Center PC 6.0; MS-WK 8)"
121.42.0.71 - - [20/Oct/2016:09:19:43 +0000] "GET /js/contact_me.js HTTP/1.1" 200 3056 "http://alexanderamante.com/" "Mozilla/5.0 (iPhone; CPU iPhone OS 6_1_3 like Mac OS X) AppleWebKit/536.26 (KHTML, like Gecko) Version/6.0 Mobile/WK10171 Safari/8536.25"
121.42.0.71 - - [20/Oct/2016:09:19:44 +0000] "GET /img/portfolio/submarine.png HTTP/1.1" 200 24330 "http://wap.alexanderamante.com/" "Mozilla/5.0 (iPhone; CPU iPhone OS 6_1_3 like Mac OS X) AppleWebKit/536.26 (KHTML, like Gecko) Version/6.0 Mobile/WK10171 Safari/8536.25"
121.42.0.71 - - [20/Oct/2016:09:19:44 +0000] "GET /js/freelancer.min.js HTTP/1.1" 200 1038 "http://alexanderamante.com/" "Mozilla/5.0 (iPhone; CPU iPhone OS 6_1_3 like Mac OS X) AppleWebKit/536.26 (KHTML, like Gecko) Version/6.0 Mobile/WK10171 Safari/8536.25"
121.42.0.66 - - [20/Oct/2016:09:19:44 +0000] "GET /img/portfolio/cabin.png HTTP/1.1" 200 36514 "http://www.alexanderamante.com/" "Mozilla/4.0 (compatible; MSIE 8.0; Trident/4.0; Windows NT 6.1; SLCC2 2.5.5231; .NET CLR 2.0.50727; .NET CLR 4.1.23457; .NET CLR 4.0.23457; Media Center PC 6.0; MS-WK 8)"
121.42.0.71 - - [20/Oct/2016:09:19:44 +0000] "GET /vendor/font-awesome/fonts/fontawesome-webfont.woff?v=4.6.3 HTTP/1.1" 200 90412 "http://alexanderamante.com/" "Mozilla/5.0 (iPhone; CPU iPhone OS 6_1_3 like Mac OS X) AppleWebKit/536.26 (KHTML, like Gecko) Version/6.0 Mobile/WK10171 Safari/8536.25"
121.42.0.66 - - [20/Oct/2016:09:19:44 +0000] "GET /img/portfolio/submarine.png HTTP/1.1" 200 24330 "http://www.alexanderamante.com/" "Mozilla/4.0 (compatible; MSIE 8.0; Trident/4.0; Windows NT 6.1; SLCC2 2.5.5231; .NET CLR 2.0.50727; .NET CLR 4.1.23457; .NET CLR 4.0.23457; Media Center PC 6.0; MS-WK 8)"
121.42.0.66 - - [20/Oct/2016:09:19:43 +0000] "GET /img/profile.png HTTP/1.1" 200 438630 "http://www.alexanderamante.com/" "Mozilla/4.0 (compatible; MSIE 8.0; Trident/4.0; Windows NT 6.1; SLCC2 2.5.5231; .NET CLR 2.0.50727; .NET CLR 4.1.23457; .NET CLR 4.0.23457; Media Center PC 6.0; MS-WK 8)"
121.42.0.71 - - [20/Oct/2016:09:19:44 +0000] "GET /vendor/bootstrap/js/bootstrap.min.js HTTP/1.1" 200 37045 "http://wap.alexanderamante.com/" "Mozilla/5.0 (iPhone; CPU iPhone OS 6_1_3 like Mac OS X) AppleWebKit/536.26 (KHTML, like Gecko) Version/6.0 Mobile/WK10171 Safari/8536.25"
121.42.0.66 - - [20/Oct/2016:09:19:44 +0000] "GET /vendor/jquery/jquery.min.js HTTP/1.1" 200 97163 "http://www.alexanderamante.com/" "Mozilla/4.0 (compatible; MSIE 8.0; Trident/4.0; Windows NT 6.1; SLCC2 2.5.5231; .NET CLR 2.0.50727; .NET CLR 4.1.23457; .NET CLR 4.0.23457; Media Center PC 6.0; MS-WK 8)"
121.42.0.71 - - [20/Oct/2016:09:19:45 +0000] "GET /js/jqBootstrapValidation.js HTTP/1.1" 200 36180 "http://wap.alexanderamante.com/" "Mozilla/5.0 (iPhone; CPU iPhone OS 6_1_3 like Mac OS X) AppleWebKit/536.26 (KHTML, like Gecko) Version/6.0 Mobile/WK10171 Safari/8536.25"
121.42.0.71 - - [20/Oct/2016:09:19:45 +0000] "GET /js/contact_me.js HTTP/1.1" 200 3056 "http://wap.alexanderamante.com/" "Mozilla/5.0 (iPhone; CPU iPhone OS 6_1_3 like Mac OS X) AppleWebKit/536.26 (KHTML, like Gecko) Version/6.0 Mobile/WK10171 Safari/8536.25"
121.42.0.66 - - [20/Oct/2016:09:19:45 +0000] "GET /vendor/bootstrap/js/bootstrap.min.js HTTP/1.1" 200 37045 "http://www.alexanderamante.com/" "Mozilla/4.0 (compatible; MSIE 8.0; Trident/4.0; Windows NT 6.1; SLCC2 2.5.5231; .NET CLR 2.0.50727; .NET CLR 4.1.23457; .NET CLR 4.0.23457; Media Center PC 6.0; MS-WK 8)"
121.42.0.66 - - [20/Oct/2016:09:19:45 +0000] "GET /js/jqBootstrapValidation.js HTTP/1.1" 200 36180 "http://www.alexanderamante.com/" "Mozilla/4.0 (compatible; MSIE 8.0; Trident/4.0; Windows NT 6.1; SLCC2 2.5.5231; .NET CLR 2.0.50727; .NET CLR 4.1.23457; .NET CLR 4.0.23457; Media Center PC 6.0; MS-WK 8)"
121.42.0.71 - - [20/Oct/2016:09:19:45 +0000] "GET /js/freelancer.min.js HTTP/1.1" 200 1038 "http://wap.alexanderamante.com/" "Mozilla/5.0 (iPhone; CPU iPhone OS 6_1_3 like Mac OS X) AppleWebKit/536.26 (KHTML, like Gecko) Version/6.0 Mobile/WK10171 Safari/8536.25"
121.42.0.66 - - [20/Oct/2016:09:19:45 +0000] "GET /js/contact_me.js HTTP/1.1" 200 3056 "http://www.alexanderamante.com/" "Mozilla/4.0 (compatible; MSIE 8.0; Trident/4.0; Windows NT 6.1; SLCC2 2.5.5231; .NET CLR 2.0.50727; .NET CLR 4.1.23457; .NET CLR 4.0.23457; Media Center PC 6.0; MS-WK 8)"
121.42.0.71 - - [20/Oct/2016:09:19:40 +0000] "GET /img/profile.png HTTP/1.1" 200 438630 "http://alexanderamante.com/" "Mozilla/5.0 (iPhone; CPU iPhone OS 6_1_3 like Mac OS X) AppleWebKit/536.26 (KHTML, like Gecko) Version/6.0 Mobile/WK10171 Safari/8536.25"
121.42.0.66 - - [20/Oct/2016:09:19:45 +0000] "GET /js/freelancer.min.js HTTP/1.1" 200 1038 "http://www.alexanderamante.com/" "Mozilla/4.0 (compatible; MSIE 8.0; Trident/4.0; Windows NT 6.1; SLCC2 2.5.5231; .NET CLR 2.0.50727; .NET CLR 4.1.23457; .NET CLR 4.0.23457; Media Center PC 6.0; MS-WK 8)"
121.42.0.71 - - [20/Oct/2016:09:19:44 +0000] "GET /vendor/jquery/jquery.min.js HTTP/1.1" 200 97163 "http://wap.alexanderamante.com/" "Mozilla/5.0 (iPhone; CPU iPhone OS 6_1_3 like Mac OS X) AppleWebKit/536.26 (KHTML, like Gecko) Version/6.0 Mobile/WK10171 Safari/8536.25"
121.42.0.71 - - [20/Oct/2016:09:19:46 +0000] "GET /vendor/font-awesome/fonts/fontawesome-webfont.woff?v=4.6.3 HTTP/1.1" 200 90412 "http://wap.alexanderamante.com/" "Mozilla/5.0 (iPhone; CPU iPhone OS 6_1_3 like Mac OS X) AppleWebKit/536.26 (KHTML, like Gecko) Version/6.0 Mobile/WK10171 Safari/8536.25"
::1 - - [20/Oct/2016:09:19:46 +0000] "OPTIONS * HTTP/1.0" 200 - "-" "Apache/2.4.6 (CentOS) (internal dummy connection)"
121.42.0.66 - - [20/Oct/2016:09:19:46 +0000] "GET /vendor/font-awesome/fonts/fontawesome-webfont.woff?v=4.6.3 HTTP/1.1" 200 90412 "http://www.alexanderamante.com/" "Mozilla/4.0 (compatible; MSIE 8.0; Trident/4.0; Windows NT 6.1; SLCC2 2.5.5231; .NET CLR 2.0.50727; .NET CLR 4.1.23457; .NET CLR 4.0.23457; Media Center PC 6.0; MS-WK 8)"
121.42.0.71 - - [20/Oct/2016:09:19:42 +0000] "GET /img/profile.png HTTP/1.1" 200 438630 "http://wap.alexanderamante.com/" "Mozilla/5.0 (iPhone; CPU iPhone OS 6_1_3 like Mac OS X) AppleWebKit/536.26 (KHTML, like Gecko) Version/6.0 Mobile/WK10171 Safari/8536.25"
::1 - - [20/Oct/2016:09:19:47 +0000] "OPTIONS * HTTP/1.0" 200 - "-" "Apache/2.4.6 (CentOS) (internal dummy connection)"
::1 - - [20/Oct/2016:09:19:48 +0000] "OPTIONS * HTTP/1.0" 200 - "-" "Apache/2.4.6 (CentOS) (internal dummy connection)"
::1 - - [20/Oct/2016:09:19:49 +0000] "OPTIONS * HTTP/1.0" 200 - "-" "Apache/2.4.6 (CentOS) (internal dummy connection)"
121.42.0.71 - - [20/Oct/2016:09:19:49 +0000] "GET /vendor/font-awesome/fonts/fontawesome-webfont.ttf?v=4.6.3 HTTP/1.1" 200 152796 "http://alexanderamante.com/" "Mozilla/5.0 (iPhone; CPU iPhone OS 6_1_3 like Mac OS X) AppleWebKit/536.26 (KHTML, like Gecko) Version/6.0 Mobile/WK10171 Safari/8536.25"
::1 - - [20/Oct/2016:09:19:50 +0000] "OPTIONS * HTTP/1.0" 200 - "-" "Apache/2.4.6 (CentOS) (internal dummy connection)"
121.42.0.77 - - [20/Oct/2016:09:19:50 +0000] "GET /img/portfolio/cake.png HTTP/1.1" 200 17068 "http://www.alexanderamante.com/img/portfolio/cake.png" "Mozilla/5.0 (Macintosh; Intel Mac OS X 10.11; rv:41.0) Gecko/20100101 Firefox/41.0"
121.42.0.77 - - [20/Oct/2016:09:19:50 +0000] "GET /img/portfolio/cabin.png HTTP/1.1" 200 36514 "http://www.alexanderamante.com/img/portfolio/cabin.png" "Mozilla/5.0 (Macintosh; Intel Mac OS X 10.11; rv:41.0) Gecko/20100101 Firefox/41.0"
121.42.0.77 - - [20/Oct/2016:09:19:51 +0000] "GET /img/portfolio/circus.png HTTP/1.1" 200 27984 "http://www.alexanderamante.com/img/portfolio/circus.png" "Mozilla/5.0 (Macintosh; Intel Mac OS X 10.11; rv:41.0) Gecko/20100101 Firefox/41.0"
::1 - - [20/Oct/2016:09:19:51 +0000] "OPTIONS * HTTP/1.0" 200 - "-" "Apache/2.4.6 (CentOS) (internal dummy connection)"
121.42.0.77 - - [20/Oct/2016:09:19:51 +0000] "GET /img/portfolio/game.png HTTP/1.1" 200 25896 "http://www.alexanderamante.com/img/portfolio/game.png" "Mozilla/5.0 (Macintosh; Intel Mac OS X 10.11; rv:41.0) Gecko/20100101 Firefox/41.0"
121.42.0.77 - - [20/Oct/2016:09:19:50 +0000] "GET /img/profile.png HTTP/1.1" 200 438630 "http://www.alexanderamante.com/img/profile.png" "Mozilla/5.0 (Macintosh; Intel Mac OS X 10.11; rv:41.0) Gecko/20100101 Firefox/41.0"
121.42.0.77 - - [20/Oct/2016:09:19:51 +0000] "GET /img/portfolio/cabin.png HTTP/1.1" 200 36514 "http://alexanderamante.com/img/portfolio/cabin.png" "Mozilla/5.0 (Macintosh; Intel Mac OS X 10.11; rv:41.0) Gecko/20100101 Firefox/41.0"
121.42.0.77 - - [20/Oct/2016:09:19:51 +0000] "GET /img/portfolio/safe.png HTTP/1.1" 200 19240 "http://www.alexanderamante.com/img/portfolio/safe.png" "Mozilla/5.0 (Macintosh; Intel Mac OS X 10.11; rv:41.0) Gecko/20100101 Firefox/41.0"
121.42.0.77 - - [20/Oct/2016:09:19:51 +0000] "GET /img/portfolio/cake.png HTTP/1.1" 200 17068 "http://alexanderamante.com/img/portfolio/cake.png" "Mozilla/5.0 (Macintosh; Intel Mac OS X 10.11; rv:41.0) Gecko/20100101 Firefox/41.0"
121.42.0.77 - - [20/Oct/2016:09:19:52 +0000] "GET /img/portfolio/submarine.png HTTP/1.1" 200 24330 "http://www.alexanderamante.com/img/portfolio/submarine.png" "Mozilla/5.0 (Macintosh; Intel Mac OS X 10.11; rv:41.0) Gecko/20100101 Firefox/41.0"
::1 - - [20/Oct/2016:09:19:52 +0000] "OPTIONS * HTTP/1.0" 200 - "-" "Apache/2.4.6 (CentOS) (internal dummy connection)"
121.42.0.77 - - [20/Oct/2016:09:19:52 +0000] "GET /img/portfolio/circus.png HTTP/1.1" 200 27984 "http://alexanderamante.com/img/portfolio/circus.png" "Mozilla/5.0 (Macintosh; Intel Mac OS X 10.11; rv:41.0) Gecko/20100101 Firefox/41.0"
121.42.0.77 - - [20/Oct/2016:09:19:51 +0000] "GET /img/profile.png HTTP/1.1" 200 438630 "http://alexanderamante.com/img/profile.png" "Mozilla/5.0 (Macintosh; Intel Mac OS X 10.11; rv:41.0) Gecko/20100101 Firefox/41.0"
121.42.0.77 - - [20/Oct/2016:09:19:53 +0000] "GET /img/portfolio/game.png HTTP/1.1" 200 25896 "http://alexanderamante.com/img/portfolio/game.png" "Mozilla/5.0 (Macintosh; Intel Mac OS X 10.11; rv:41.0) Gecko/20100101 Firefox/41.0"
121.42.0.77 - - [20/Oct/2016:09:19:53 +0000] "GET /img/portfolio/safe.png HTTP/1.1" 200 19240 "http://alexanderamante.com/img/portfolio/safe.png" "Mozilla/5.0 (Macintosh; Intel Mac OS X 10.11; rv:41.0) Gecko/20100101 Firefox/41.0"
::1 - - [20/Oct/2016:09:19:53 +0000] "OPTIONS * HTTP/1.0" 200 - "-" "Apache/2.4.6 (CentOS) (internal dummy connection)"
121.42.0.77 - - [20/Oct/2016:09:19:53 +0000] "GET /img/portfolio/submarine.png HTTP/1.1" 200 24330 "http://alexanderamante.com/img/portfolio/submarine.png" "Mozilla/5.0 (Macintosh; Intel Mac OS X 10.11; rv:41.0) Gecko/20100101 Firefox/41.0"
121.42.0.77 - - [20/Oct/2016:09:19:53 +0000] "GET /img/portfolio/cake.png HTTP/1.1" 200 17068 "http://wap.alexanderamante.com/img/portfolio/cake.png" "Mozilla/5.0 (Macintosh; Intel Mac OS X 10.11; rv:41.0) Gecko/20100101 Firefox/41.0"
121.42.0.77 - - [20/Oct/2016:09:19:54 +0000] "GET /img/portfolio/circus.png HTTP/1.1" 200 27984 "http://wap.alexanderamante.com/img/portfolio/circus.png" "Mozilla/5.0 (Macintosh; Intel Mac OS X 10.11; rv:41.0) Gecko/20100101 Firefox/41.0"
121.42.0.77 - - [20/Oct/2016:09:19:53 +0000] "GET /img/profile.png HTTP/1.1" 200 438630 "http://wap.alexanderamante.com/img/profile.png" "Mozilla/5.0 (Macintosh; Intel Mac OS X 10.11; rv:41.0) Gecko/20100101 Firefox/41.0"
121.42.0.77 - - [20/Oct/2016:09:19:54 +0000] "GET /img/portfolio/game.png HTTP/1.1" 200 25896 "http://wap.alexanderamante.com/img/portfolio/game.png" "Mozilla/5.0 (Macintosh; Intel Mac OS X 10.11; rv:41.0) Gecko/20100101 Firefox/41.0"
121.42.0.77 - - [20/Oct/2016:09:19:54 +0000] "GET /img/portfolio/cabin.png HTTP/1.1" 200 36514 "http://wap.alexanderamante.com/img/portfolio/cabin.png" "Mozilla/5.0 (Macintosh; Intel Mac OS X 10.11; rv:41.0) Gecko/20100101 Firefox/41.0"
121.42.0.77 - - [20/Oct/2016:09:19:55 +0000] "GET /img/portfolio/safe.png HTTP/1.1" 200 19240 "http://wap.alexanderamante.com/img/portfolio/safe.png" "Mozilla/5.0 (Macintosh; Intel Mac OS X 10.11; rv:41.0) Gecko/20100101 Firefox/41.0"
121.42.0.77 - - [20/Oct/2016:09:19:55 +0000] "GET /img/portfolio/submarine.png HTTP/1.1" 200 24330 "http://wap.alexanderamante.com/img/portfolio/submarine.png" "Mozilla/5.0 (Macintosh; Intel Mac OS X 10.11; rv:41.0) Gecko/20100101 Firefox/41.0"
::1 - - [20/Oct/2016:09:19:57 +0000] "OPTIONS * HTTP/1.0" 200 - "-" "Apache/2.4.6 (CentOS) (internal dummy connection)"
::1 - - [20/Oct/2016:09:19:58 +0000] "OPTIONS * HTTP/1.0" 200 - "-" "Apache/2.4.6 (CentOS) (internal dummy connection)"
::1 - - [20/Oct/2016:09:19:59 +0000] "OPTIONS * HTTP/1.0" 200 - "-" "Apache/2.4.6 (CentOS) (internal dummy connection)"
::1 - - [20/Oct/2016:09:20:00 +0000] "OPTIONS * HTTP/1.0" 200 - "-" "Apache/2.4.6 (CentOS) (internal dummy connection)"
::1 - - [20/Oct/2016:09:20:01 +0000] "OPTIONS * HTTP/1.0" 200 - "-" "Apache/2.4.6 (CentOS) (internal dummy connection)"
::1 - - [20/Oct/2016:09:20:02 +0000] "OPTIONS * HTTP/1.0" 200 - "-" "Apache/2.4.6 (CentOS) (internal dummy connection)"
::1 - - [20/Oct/2016:09:20:03 +0000] "OPTIONS * HTTP/1.0" 200 - "-" "Apache/2.4.6 (CentOS) (internal dummy connection)"
95.213.177.125 - - [20/Oct/2016:09:32:22 +0000] "CONNECT check.proxyradar.com:80 HTTP/1.1" 400 226 "-" "-"
192.99.144.140 - - [20/Oct/2016:13:42:53 +0000] "PROPFIND /webdav/ HTTP/1.1" 405 233 "-" "WEBDAV Client"
95.213.177.123 - - [20/Oct/2016:13:58:51 +0000] "POST http://check.proxyradar.com/azenv.php?auth=147697193131&a=PSCMN&i=2335963464&p=80 HTTP/1.1" 404 207 "https://proxyradar.com/" "Mozilla/4.0 (compatible; MSIE 8.0; Windows NT 5.1; Trident/4.0)"
95.213.177.126 - - [20/Oct/2016:18:19:16 +0000] "CONNECT check.proxyradar.com:80 HTTP/1.1" 400 226 "-" "-"
198.186.192.44 - - [20/Oct/2016:21:44:03 +0000] "GET / HTTP/1.1" 200 27654 "-" "-"
95.213.177.126 - - [20/Oct/2016:22:39:08 +0000] "CONNECT check.proxyradar.com:80 HTTP/1.1" 400 226 "-" "-"
117.232.67.130 - - [20/Oct/2016:22:53:03 +0000] "HEAD / HTTP/1.0" 200 - "-" "-"
89.248.172.90 - - [21/Oct/2016:01:05:36 +0000] "GET http://httpheader.net/ HTTP/1.1" 200 27654 "-" "Mozilla/5.0 (Windows; U; Windows NT 6.1; en-US; rv:1.9.2.28) Gecko/20120306 Firefox/3.6.28 (.NET CLR 3.5.30729)"
89.248.172.90 - - [21/Oct/2016:01:05:59 +0000] "-" 408 - "-" "-"
89.248.172.90 - - [21/Oct/2016:01:06:20 +0000] "-" 408 - "-" "-"
122.58.44.116 - - [21/Oct/2016:02:37:49 +0000] "GET / HTTP/1.1" 304 - "-" "Mozilla/5.0 (Windows NT 10.0; Win64; x64) AppleWebKit/537.36 (KHTML, like Gecko) Chrome/53.0.2785.143 Safari/537.36"
122.58.44.116 - - [21/Oct/2016:02:37:49 +0000] "GET / HTTP/1.1" 200 27654 "-" "Mozilla/5.0 (Windows NT 10.0; Win64; x64) AppleWebKit/537.36 (KHTML, like Gecko) Chrome/53.0.2785.143 Safari/537.36"
122.58.44.116 - - [21/Oct/2016:02:37:50 +0000] "GET /css/freelancer.min.css HTTP/1.1" 304 - "http://alexanderamante.com/" "Mozilla/5.0 (Windows NT 10.0; Win64; x64) AppleWebKit/537.36 (KHTML, like Gecko) Chrome/53.0.2785.143 Safari/537.36"
122.58.44.116 - - [21/Oct/2016:02:37:50 +0000] "GET /vendor/font-awesome/css/font-awesome.min.css HTTP/1.1" 304 - "http://alexanderamante.com/" "Mozilla/5.0 (Windows NT 10.0; Win64; x64) AppleWebKit/537.36 (KHTML, like Gecko) Chrome/53.0.2785.143 Safari/537.36"
122.58.44.116 - - [21/Oct/2016:02:37:50 +0000] "GET /vendor/bootstrap/css/bootstrap.min.css HTTP/1.1" 304 - "http://alexanderamante.com/" "Mozilla/5.0 (Windows NT 10.0; Win64; x64) AppleWebKit/537.36 (KHTML, like Gecko) Chrome/53.0.2785.143 Safari/537.36"
122.58.44.116 - - [21/Oct/2016:02:37:50 +0000] "GET /img/profile.png HTTP/1.1" 304 - "http://alexanderamante.com/" "Mozilla/5.0 (Windows NT 10.0; Win64; x64) AppleWebKit/537.36 (KHTML, like Gecko) Chrome/53.0.2785.143 Safari/537.36"
122.58.44.116 - - [21/Oct/2016:02:37:50 +0000] "GET /img/portfolio/cabin.png HTTP/1.1" 304 - "http://alexanderamante.com/" "Mozilla/5.0 (Windows NT 10.0; Win64; x64) AppleWebKit/537.36 (KHTML, like Gecko) Chrome/53.0.2785.143 Safari/537.36"
122.58.44.116 - - [21/Oct/2016:02:37:50 +0000] "GET /img/portfolio/cake.png HTTP/1.1" 304 - "http://alexanderamante.com/" "Mozilla/5.0 (Windows NT 10.0; Win64; x64) AppleWebKit/537.36 (KHTML, like Gecko) Chrome/53.0.2785.143 Safari/537.36"
122.58.44.116 - - [21/Oct/2016:02:37:50 +0000] "GET /img/portfolio/circus.png HTTP/1.1" 304 - "http://alexanderamante.com/" "Mozilla/5.0 (Windows NT 10.0; Win64; x64) AppleWebKit/537.36 (KHTML, like Gecko) Chrome/53.0.2785.143 Safari/537.36"
122.58.44.116 - - [21/Oct/2016:02:37:50 +0000] "GET /img/portfolio/game.png HTTP/1.1" 304 - "http://alexanderamante.com/" "Mozilla/5.0 (Windows NT 10.0; Win64; x64) AppleWebKit/537.36 (KHTML, like Gecko) Chrome/53.0.2785.143 Safari/537.36"
122.58.44.116 - - [21/Oct/2016:02:37:50 +0000] "GET /vendor/font-awesome/fonts/fontawesome-webfont.woff2?v=4.6.3 HTTP/1.1" 304 - "http://alexanderamante.com/vendor/font-awesome/css/font-awesome.min.css" "Mozilla/5.0 (Windows NT 10.0; Win64; x64) AppleWebKit/537.36 (KHTML, like Gecko) Chrome/53.0.2785.143 Safari/537.36"
122.58.44.116 - - [21/Oct/2016:02:37:50 +0000] "GET /img/portfolio/safe.png HTTP/1.1" 304 - "http://alexanderamante.com/" "Mozilla/5.0 (Windows NT 10.0; Win64; x64) AppleWebKit/537.36 (KHTML, like Gecko) Chrome/53.0.2785.143 Safari/537.36"
122.58.44.116 - - [21/Oct/2016:02:37:50 +0000] "GET /img/portfolio/submarine.png HTTP/1.1" 304 - "http://alexanderamante.com/" "Mozilla/5.0 (Windows NT 10.0; Win64; x64) AppleWebKit/537.36 (KHTML, like Gecko) Chrome/53.0.2785.143 Safari/537.36"
122.58.44.116 - - [21/Oct/2016:02:37:51 +0000] "GET /vendor/bootstrap/js/bootstrap.min.js HTTP/1.1" 304 - "http://alexanderamante.com/" "Mozilla/5.0 (Windows NT 10.0; Win64; x64) AppleWebKit/537.36 (KHTML, like Gecko) Chrome/53.0.2785.143 Safari/537.36"
122.58.44.116 - - [21/Oct/2016:02:37:51 +0000] "GET /vendor/jquery/jquery.min.js HTTP/1.1" 304 - "http://alexanderamante.com/" "Mozilla/5.0 (Windows NT 10.0; Win64; x64) AppleWebKit/537.36 (KHTML, like Gecko) Chrome/53.0.2785.143 Safari/537.36"
122.58.44.116 - - [21/Oct/2016:02:37:51 +0000] "GET /js/jqBootstrapValidation.js HTTP/1.1" 304 - "http://alexanderamante.com/" "Mozilla/5.0 (Windows NT 10.0; Win64; x64) AppleWebKit/537.36 (KHTML, like Gecko) Chrome/53.0.2785.143 Safari/537.36"
122.58.44.116 - - [21/Oct/2016:02:37:51 +0000] "GET /js/contact_me.js HTTP/1.1" 304 - "http://alexanderamante.com/" "Mozilla/5.0 (Windows NT 10.0; Win64; x64) AppleWebKit/537.36 (KHTML, like Gecko) Chrome/53.0.2785.143 Safari/537.36"
122.58.44.116 - - [21/Oct/2016:02:37:51 +0000] "GET /js/freelancer.min.js HTTP/1.1" 304 - "http://alexanderamante.com/" "Mozilla/5.0 (Windows NT 10.0; Win64; x64) AppleWebKit/537.36 (KHTML, like Gecko) Chrome/53.0.2785.143 Safari/537.36"
::1 - - [21/Oct/2016:02:37:59 +0000] "OPTIONS * HTTP/1.0" 200 - "-" "Apache/2.4.6 (CentOS) (internal dummy connection)"
95.213.177.124 - - [21/Oct/2016:03:03:04 +0000] "CONNECT check.proxyradar.com:80 HTTP/1.1" 400 226 "-" "-"
122.58.44.116 - - [21/Oct/2016:03:54:31 +0000] "GET / HTTP/1.1" 304 - "-" "Mozilla/5.0 (Windows NT 10.0; Win64; x64) AppleWebKit/537.36 (KHTML, like Gecko) Chrome/53.0.2785.143 Safari/537.36"
122.58.44.116 - - [21/Oct/2016:03:54:31 +0000] "GET /vendor/jquery/jquery.min.js HTTP/1.1" 304 - "http://alexanderamante.com/" "Mozilla/5.0 (Windows NT 10.0; Win64; x64) AppleWebKit/537.36 (KHTML, like Gecko) Chrome/53.0.2785.143 Safari/537.36"
122.58.44.116 - - [21/Oct/2016:03:54:31 +0000] "GET /vendor/bootstrap/css/bootstrap.min.css HTTP/1.1" 304 - "http://alexanderamante.com/" "Mozilla/5.0 (Windows NT 10.0; Win64; x64) AppleWebKit/537.36 (KHTML, like Gecko) Chrome/53.0.2785.143 Safari/537.36"
122.58.44.116 - - [21/Oct/2016:03:54:31 +0000] "GET /vendor/font-awesome/css/font-awesome.min.css HTTP/1.1" 304 - "http://alexanderamante.com/" "Mozilla/5.0 (Windows NT 10.0; Win64; x64) AppleWebKit/537.36 (KHTML, like Gecko) Chrome/53.0.2785.143 Safari/537.36"
122.58.44.116 - - [21/Oct/2016:03:54:31 +0000] "GET /css/freelancer.min.css HTTP/1.1" 304 - "http://alexanderamante.com/" "Mozilla/5.0 (Windows NT 10.0; Win64; x64) AppleWebKit/537.36 (KHTML, like Gecko) Chrome/53.0.2785.143 Safari/537.36"
122.58.44.116 - - [21/Oct/2016:03:54:32 +0000] "GET /vendor/bootstrap/js/bootstrap.min.js HTTP/1.1" 304 - "http://alexanderamante.com/" "Mozilla/5.0 (Windows NT 10.0; Win64; x64) AppleWebKit/537.36 (KHTML, like Gecko) Chrome/53.0.2785.143 Safari/537.36"
122.58.44.116 - - [21/Oct/2016:03:54:32 +0000] "GET /js/jqBootstrapValidation.js HTTP/1.1" 304 - "http://alexanderamante.com/" "Mozilla/5.0 (Windows NT 10.0; Win64; x64) AppleWebKit/537.36 (KHTML, like Gecko) Chrome/53.0.2785.143 Safari/537.36"
122.58.44.116 - - [21/Oct/2016:03:54:32 +0000] "GET /js/contact_me.js HTTP/1.1" 304 - "http://alexanderamante.com/" "Mozilla/5.0 (Windows NT 10.0; Win64; x64) AppleWebKit/537.36 (KHTML, like Gecko) Chrome/53.0.2785.143 Safari/537.36"
122.58.44.116 - - [21/Oct/2016:03:54:32 +0000] "GET /img/profile.png HTTP/1.1" 304 - "http://alexanderamante.com/" "Mozilla/5.0 (Windows NT 10.0; Win64; x64) AppleWebKit/537.36 (KHTML, like Gecko) Chrome/53.0.2785.143 Safari/537.36"
122.58.44.116 - - [21/Oct/2016:03:54:32 +0000] "GET /img/portfolio/cabin.png HTTP/1.1" 304 - "http://alexanderamante.com/" "Mozilla/5.0 (Windows NT 10.0; Win64; x64) AppleWebKit/537.36 (KHTML, like Gecko) Chrome/53.0.2785.143 Safari/537.36"
122.58.44.116 - - [21/Oct/2016:03:54:32 +0000] "GET /js/freelancer.min.js HTTP/1.1" 304 - "http://alexanderamante.com/" "Mozilla/5.0 (Windows NT 10.0; Win64; x64) AppleWebKit/537.36 (KHTML, like Gecko) Chrome/53.0.2785.143 Safari/537.36"
122.58.44.116 - - [21/Oct/2016:03:54:32 +0000] "GET /vendor/font-awesome/fonts/fontawesome-webfont.woff2?v=4.6.3 HTTP/1.1" 304 - "http://alexanderamante.com/vendor/font-awesome/css/font-awesome.min.css" "Mozilla/5.0 (Windows NT 10.0; Win64; x64) AppleWebKit/537.36 (KHTML, like Gecko) Chrome/53.0.2785.143 Safari/537.36"
122.58.44.116 - - [21/Oct/2016:03:54:32 +0000] "GET /img/portfolio/cake.png HTTP/1.1" 304 - "http://alexanderamante.com/" "Mozilla/5.0 (Windows NT 10.0; Win64; x64) AppleWebKit/537.36 (KHTML, like Gecko) Chrome/53.0.2785.143 Safari/537.36"
122.58.44.116 - - [21/Oct/2016:03:54:32 +0000] "GET /img/portfolio/circus.png HTTP/1.1" 304 - "http://alexanderamante.com/" "Mozilla/5.0 (Windows NT 10.0; Win64; x64) AppleWebKit/537.36 (KHTML, like Gecko) Chrome/53.0.2785.143 Safari/537.36"
122.58.44.116 - - [21/Oct/2016:03:54:32 +0000] "GET /img/portfolio/game.png HTTP/1.1" 304 - "http://alexanderamante.com/" "Mozilla/5.0 (Windows NT 10.0; Win64; x64) AppleWebKit/537.36 (KHTML, like Gecko) Chrome/53.0.2785.143 Safari/537.36"
122.58.44.116 - - [21/Oct/2016:03:54:32 +0000] "GET /img/portfolio/safe.png HTTP/1.1" 304 - "http://alexanderamante.com/" "Mozilla/5.0 (Windows NT 10.0; Win64; x64) AppleWebKit/537.36 (KHTML, like Gecko) Chrome/53.0.2785.143 Safari/537.36"
122.58.44.116 - - [21/Oct/2016:03:54:32 +0000] "GET /img/portfolio/submarine.png HTTP/1.1" 304 - "http://alexanderamante.com/" "Mozilla/5.0 (Windows NT 10.0; Win64; x64) AppleWebKit/537.36 (KHTML, like Gecko) Chrome/53.0.2785.143 Safari/537.36"
122.58.44.116 - - [21/Oct/2016:03:54:32 +0000] "GET /favicon-32x32.png HTTP/1.1" 200 1462 "http://alexanderamante.com/" "Mozilla/5.0 (Windows NT 10.0; Win64; x64) AppleWebKit/537.36 (KHTML, like Gecko) Chrome/53.0.2785.143 Safari/537.36"
::1 - - [21/Oct/2016:03:54:39 +0000] "OPTIONS * HTTP/1.0" 200 - "-" "Apache/2.4.6 (CentOS) (internal dummy connection)"
123.151.42.61 - - [21/Oct/2016:04:07:55 +0000] "GET http://www.baidu.com/ HTTP/1.1" 200 27654 "-" "-"
122.52.71.144 - - [21/Oct/2016:04:11:03 +0000] "GET /js/jqBootstrapValidation.js HTTP/1.1" 304 - "http://alexanderamante.com/" "Mozilla/5.0 (iPhone; CPU iPhone OS 10_0_2 like Mac OS X) AppleWebKit/602.1.50 (KHTML, like Gecko) Version/10.0 Mobile/14A456 Safari/602.1"
122.52.71.144 - - [21/Oct/2016:04:11:03 +0000] "GET /img/portfolio/safe.png HTTP/1.1" 304 - "http://alexanderamante.com/" "Mozilla/5.0 (iPhone; CPU iPhone OS 10_0_2 like Mac OS X) AppleWebKit/602.1.50 (KHTML, like Gecko) Version/10.0 Mobile/14A456 Safari/602.1"
122.52.71.144 - - [21/Oct/2016:04:11:03 +0000] "GET /img/portfolio/game.png HTTP/1.1" 304 - "http://alexanderamante.com/" "Mozilla/5.0 (iPhone; CPU iPhone OS 10_0_2 like Mac OS X) AppleWebKit/602.1.50 (KHTML, like Gecko) Version/10.0 Mobile/14A456 Safari/602.1"
122.52.71.144 - - [21/Oct/2016:04:11:03 +0000] "GET /css/freelancer.min.css HTTP/1.1" 304 - "http://alexanderamante.com/" "Mozilla/5.0 (iPhone; CPU iPhone OS 10_0_2 like Mac OS X) AppleWebKit/602.1.50 (KHTML, like Gecko) Version/10.0 Mobile/14A456 Safari/602.1"
122.52.71.144 - - [21/Oct/2016:04:11:04 +0000] "GET /vendor/bootstrap/css/bootstrap.min.css HTTP/1.1" 304 - "http://alexanderamante.com/" "Mozilla/5.0 (iPhone; CPU iPhone OS 10_0_2 like Mac OS X) AppleWebKit/602.1.50 (KHTML, like Gecko) Version/10.0 Mobile/14A456 Safari/602.1"
122.52.71.144 - - [21/Oct/2016:04:11:04 +0000] "GET /vendor/font-awesome/fonts/fontawesome-webfont.woff2?v=4.6.3 HTTP/1.1" 304 - "http://alexanderamante.com/" "Mozilla/5.0 (iPhone; CPU iPhone OS 10_0_2 like Mac OS X) AppleWebKit/602.1.50 (KHTML, like Gecko) Version/10.0 Mobile/14A456 Safari/602.1"
122.52.71.144 - - [21/Oct/2016:04:11:04 +0000] "GET /img/portfolio/cake.png HTTP/1.1" 304 - "http://alexanderamante.com/" "Mozilla/5.0 (iPhone; CPU iPhone OS 10_0_2 like Mac OS X) AppleWebKit/602.1.50 (KHTML, like Gecko) Version/10.0 Mobile/14A456 Safari/602.1"
122.52.71.144 - - [21/Oct/2016:04:11:04 +0000] "GET /img/portfolio/submarine.png HTTP/1.1" 304 - "http://alexanderamante.com/" "Mozilla/5.0 (iPhone; CPU iPhone OS 10_0_2 like Mac OS X) AppleWebKit/602.1.50 (KHTML, like Gecko) Version/10.0 Mobile/14A456 Safari/602.1"
122.52.71.144 - - [21/Oct/2016:04:11:04 +0000] "GET /vendor/bootstrap/js/bootstrap.min.js HTTP/1.1" 304 - "http://alexanderamante.com/" "Mozilla/5.0 (iPhone; CPU iPhone OS 10_0_2 like Mac OS X) AppleWebKit/602.1.50 (KHTML, like Gecko) Version/10.0 Mobile/14A456 Safari/602.1"
122.52.71.144 - - [21/Oct/2016:04:11:04 +0000] "GET /js/contact_me.js HTTP/1.1" 304 - "http://alexanderamante.com/" "Mozilla/5.0 (iPhone; CPU iPhone OS 10_0_2 like Mac OS X) AppleWebKit/602.1.50 (KHTML, like Gecko) Version/10.0 Mobile/14A456 Safari/602.1"
122.52.71.144 - - [21/Oct/2016:04:11:04 +0000] "GET /img/portfolio/circus.png HTTP/1.1" 304 - "http://alexanderamante.com/" "Mozilla/5.0 (iPhone; CPU iPhone OS 10_0_2 like Mac OS X) AppleWebKit/602.1.50 (KHTML, like Gecko) Version/10.0 Mobile/14A456 Safari/602.1"
122.52.71.144 - - [21/Oct/2016:04:11:04 +0000] "GET /js/freelancer.min.js HTTP/1.1" 304 - "http://alexanderamante.com/" "Mozilla/5.0 (iPhone; CPU iPhone OS 10_0_2 like Mac OS X) AppleWebKit/602.1.50 (KHTML, like Gecko) Version/10.0 Mobile/14A456 Safari/602.1"
122.52.71.144 - - [21/Oct/2016:04:11:05 +0000] "GET /vendor/jquery/jquery.min.js HTTP/1.1" 304 - "http://alexanderamante.com/" "Mozilla/5.0 (iPhone; CPU iPhone OS 10_0_2 like Mac OS X) AppleWebKit/602.1.50 (KHTML, like Gecko) Version/10.0 Mobile/14A456 Safari/602.1"
122.52.71.144 - - [21/Oct/2016:04:11:05 +0000] "GET /vendor/font-awesome/css/font-awesome.min.css HTTP/1.1" 304 - "http://alexanderamante.com/" "Mozilla/5.0 (iPhone; CPU iPhone OS 10_0_2 like Mac OS X) AppleWebKit/602.1.50 (KHTML, like Gecko) Version/10.0 Mobile/14A456 Safari/602.1"
122.52.71.144 - - [21/Oct/2016:04:11:05 +0000] "GET /img/portfolio/cabin.png HTTP/1.1" 304 - "http://alexanderamante.com/" "Mozilla/5.0 (iPhone; CPU iPhone OS 10_0_2 like Mac OS X) AppleWebKit/602.1.50 (KHTML, like Gecko) Version/10.0 Mobile/14A456 Safari/602.1"
122.52.71.144 - - [21/Oct/2016:04:11:05 +0000] "GET /img/profile.png HTTP/1.1" 304 - "http://alexanderamante.com/" "Mozilla/5.0 (iPhone; CPU iPhone OS 10_0_2 like Mac OS X) AppleWebKit/602.1.50 (KHTML, like Gecko) Version/10.0 Mobile/14A456 Safari/602.1"
23.253.68.16 - - [21/Oct/2016:05:14:34 +0000] "GET / HTTP/1.1" 200 27654 "-" "Mozilla/5.0 (Windows NT 6.1; WOW64) AppleWebKit/534.24 (KHTML, like Gecko) Chrome/11.0.696.71 Safari/534.24"
122.58.44.116 - - [21/Oct/2016:05:25:18 +0000] "GET / HTTP/1.1" 304 - "-" "Mozilla/5.0 (Windows NT 10.0; Win64; x64) AppleWebKit/537.36 (KHTML, like Gecko) Chrome/53.0.2785.143 Safari/537.36"
122.58.44.116 - - [21/Oct/2016:05:25:19 +0000] "GET /vendor/font-awesome/css/font-awesome.min.css HTTP/1.1" 304 - "http://alexanderamante.com/" "Mozilla/5.0 (Windows NT 10.0; Win64; x64) AppleWebKit/537.36 (KHTML, like Gecko) Chrome/53.0.2785.143 Safari/537.36"
122.58.44.116 - - [21/Oct/2016:05:25:19 +0000] "GET /css/freelancer.min.css HTTP/1.1" 304 - "http://alexanderamante.com/" "Mozilla/5.0 (Windows NT 10.0; Win64; x64) AppleWebKit/537.36 (KHTML, like Gecko) Chrome/53.0.2785.143 Safari/537.36"
122.58.44.116 - - [21/Oct/2016:05:25:19 +0000] "GET /vendor/jquery/jquery.min.js HTTP/1.1" 304 - "http://alexanderamante.com/" "Mozilla/5.0 (Windows NT 10.0; Win64; x64) AppleWebKit/537.36 (KHTML, like Gecko) Chrome/53.0.2785.143 Safari/537.36"
122.58.44.116 - - [21/Oct/2016:05:25:19 +0000] "GET /vendor/bootstrap/css/bootstrap.min.css HTTP/1.1" 304 - "http://alexanderamante.com/" "Mozilla/5.0 (Windows NT 10.0; Win64; x64) AppleWebKit/537.36 (KHTML, like Gecko) Chrome/53.0.2785.143 Safari/537.36"
122.58.44.116 - - [21/Oct/2016:05:25:19 +0000] "GET /vendor/bootstrap/js/bootstrap.min.js HTTP/1.1" 304 - "http://alexanderamante.com/" "Mozilla/5.0 (Windows NT 10.0; Win64; x64) AppleWebKit/537.36 (KHTML, like Gecko) Chrome/53.0.2785.143 Safari/537.36"
122.58.44.116 - - [21/Oct/2016:05:25:19 +0000] "GET /js/jqBootstrapValidation.js HTTP/1.1" 304 - "http://alexanderamante.com/" "Mozilla/5.0 (Windows NT 10.0; Win64; x64) AppleWebKit/537.36 (KHTML, like Gecko) Chrome/53.0.2785.143 Safari/537.36"
122.58.44.116 - - [21/Oct/2016:05:25:19 +0000] "GET /js/contact_me.js HTTP/1.1" 304 - "http://alexanderamante.com/" "Mozilla/5.0 (Windows NT 10.0; Win64; x64) AppleWebKit/537.36 (KHTML, like Gecko) Chrome/53.0.2785.143 Safari/537.36"
122.58.44.116 - - [21/Oct/2016:05:25:19 +0000] "GET /js/freelancer.min.js HTTP/1.1" 304 - "http://alexanderamante.com/" "Mozilla/5.0 (Windows NT 10.0; Win64; x64) AppleWebKit/537.36 (KHTML, like Gecko) Chrome/53.0.2785.143 Safari/537.36"
122.58.44.116 - - [21/Oct/2016:05:25:19 +0000] "GET /img/portfolio/cabin.png HTTP/1.1" 304 - "http://alexanderamante.com/" "Mozilla/5.0 (Windows NT 10.0; Win64; x64) AppleWebKit/537.36 (KHTML, like Gecko) Chrome/53.0.2785.143 Safari/537.36"
122.58.44.116 - - [21/Oct/2016:05:25:19 +0000] "GET /img/portfolio/cake.png HTTP/1.1" 304 - "http://alexanderamante.com/" "Mozilla/5.0 (Windows NT 10.0; Win64; x64) AppleWebKit/537.36 (KHTML, like Gecko) Chrome/53.0.2785.143 Safari/537.36"
122.58.44.116 - - [21/Oct/2016:05:25:19 +0000] "GET /img/profile.png HTTP/1.1" 304 - "http://alexanderamante.com/" "Mozilla/5.0 (Windows NT 10.0; Win64; x64) AppleWebKit/537.36 (KHTML, like Gecko) Chrome/53.0.2785.143 Safari/537.36"
122.58.44.116 - - [21/Oct/2016:05:25:19 +0000] "GET /img/portfolio/circus.png HTTP/1.1" 304 - "http://alexanderamante.com/" "Mozilla/5.0 (Windows NT 10.0; Win64; x64) AppleWebKit/537.36 (KHTML, like Gecko) Chrome/53.0.2785.143 Safari/537.36"
122.58.44.116 - - [21/Oct/2016:05:25:20 +0000] "GET /vendor/font-awesome/fonts/fontawesome-webfont.woff2?v=4.6.3 HTTP/1.1" 304 - "http://alexanderamante.com/vendor/font-awesome/css/font-awesome.min.css" "Mozilla/5.0 (Windows NT 10.0; Win64; x64) AppleWebKit/537.36 (KHTML, like Gecko) Chrome/53.0.2785.143 Safari/537.36"
122.58.44.116 - - [21/Oct/2016:05:25:20 +0000] "GET /img/portfolio/game.png HTTP/1.1" 304 - "http://alexanderamante.com/" "Mozilla/5.0 (Windows NT 10.0; Win64; x64) AppleWebKit/537.36 (KHTML, like Gecko) Chrome/53.0.2785.143 Safari/537.36"
122.58.44.116 - - [21/Oct/2016:05:25:20 +0000] "GET /img/portfolio/safe.png HTTP/1.1" 304 - "http://alexanderamante.com/" "Mozilla/5.0 (Windows NT 10.0; Win64; x64) AppleWebKit/537.36 (KHTML, like Gecko) Chrome/53.0.2785.143 Safari/537.36"
122.58.44.116 - - [21/Oct/2016:05:25:20 +0000] "GET /img/portfolio/submarine.png HTTP/1.1" 304 - "http://alexanderamante.com/" "Mozilla/5.0 (Windows NT 10.0; Win64; x64) AppleWebKit/537.36 (KHTML, like Gecko) Chrome/53.0.2785.143 Safari/537.36"
122.58.44.116 - - [21/Oct/2016:05:25:20 +0000] "GET /favicon-32x32.png HTTP/1.1" 200 1462 "http://alexanderamante.com/" "Mozilla/5.0 (Windows NT 10.0; Win64; x64) AppleWebKit/537.36 (KHTML, like Gecko) Chrome/53.0.2785.143 Safari/537.36"
::1 - - [21/Oct/2016:05:25:28 +0000] "OPTIONS * HTTP/1.0" 200 - "-" "Apache/2.4.6 (CentOS) (internal dummy connection)"
188.165.28.233 - - [21/Oct/2016:05:51:59 +0000] "GET /?author=1 HTTP/1.1" 200 27654 "-" "Mozilla/5.0 (Windows NT 6.3; WOW64; rv:28.0) Gecko/20100101 Firefox/28.0"
23.253.68.16 - - [21/Oct/2016:07:09:41 +0000] "GET / HTTP/1.1" 200 27654 "-" "Mozilla/5.0 (Windows NT 6.1; WOW64) AppleWebKit/534.24 (KHTML, like Gecko) Chrome/11.0.696.71 Safari/534.24"
121.42.0.58 - - [21/Oct/2016:07:11:28 +0000] "GET / HTTP/1.1" 200 27654 "-" "Mozilla/5.0 (iPhone; CPU iPhone OS 6_1_3 like Mac OS X) AppleWebKit/536.26 (KHTML, like Gecko) Version/6.0 Mobile/WK10171 Safari/8536.25"
121.42.0.58 - - [21/Oct/2016:07:11:29 +0000] "GET /css/freelancer.min.css HTTP/1.1" 200 8672 "http://alexanderamante.com/" "Mozilla/5.0 (iPhone; CPU iPhone OS 6_1_3 like Mac OS X) AppleWebKit/536.26 (KHTML, like Gecko) Version/6.0 Mobile/WK10171 Safari/8536.25"
121.42.0.58 - - [21/Oct/2016:07:11:29 +0000] "GET /vendor/font-awesome/css/font-awesome.min.css HTTP/1.1" 200 29063 "http://alexanderamante.com/" "Mozilla/5.0 (iPhone; CPU iPhone OS 6_1_3 like Mac OS X) AppleWebKit/536.26 (KHTML, like Gecko) Version/6.0 Mobile/WK10171 Safari/8536.25"
121.42.0.58 - - [21/Oct/2016:07:11:29 +0000] "GET /img/portfolio/cake.png HTTP/1.1" 200 17068 "http://alexanderamante.com/" "Mozilla/5.0 (iPhone; CPU iPhone OS 6_1_3 like Mac OS X) AppleWebKit/536.26 (KHTML, like Gecko) Version/6.0 Mobile/WK10171 Safari/8536.25"
121.42.0.58 - - [21/Oct/2016:07:11:29 +0000] "GET /img/portfolio/cabin.png HTTP/1.1" 200 36514 "http://alexanderamante.com/" "Mozilla/5.0 (iPhone; CPU iPhone OS 6_1_3 like Mac OS X) AppleWebKit/536.26 (KHTML, like Gecko) Version/6.0 Mobile/WK10171 Safari/8536.25"
121.42.0.73 - - [21/Oct/2016:07:11:30 +0000] "GET / HTTP/1.1" 200 27654 "-" "Mozilla/4.0 (compatible; MSIE 8.0; Trident/4.0; Windows NT 6.1; SLCC2 2.5.5231; .NET CLR 2.0.50727; .NET CLR 4.1.23457; .NET CLR 4.0.23457; Media Center PC 6.0; MS-WK 8)"
121.42.0.58 - - [21/Oct/2016:07:11:29 +0000] "GET /vendor/bootstrap/css/bootstrap.min.css HTTP/1.1" 200 121200 "http://alexanderamante.com/" "Mozilla/5.0 (iPhone; CPU iPhone OS 6_1_3 like Mac OS X) AppleWebKit/536.26 (KHTML, like Gecko) Version/6.0 Mobile/WK10171 Safari/8536.25"
121.42.0.58 - - [21/Oct/2016:07:11:30 +0000] "GET /img/portfolio/circus.png HTTP/1.1" 200 27984 "http://alexanderamante.com/" "Mozilla/5.0 (iPhone; CPU iPhone OS 6_1_3 like Mac OS X) AppleWebKit/536.26 (KHTML, like Gecko) Version/6.0 Mobile/WK10171 Safari/8536.25"
121.42.0.58 - - [21/Oct/2016:07:11:30 +0000] "GET /img/portfolio/game.png HTTP/1.1" 200 25896 "http://alexanderamante.com/" "Mozilla/5.0 (iPhone; CPU iPhone OS 6_1_3 like Mac OS X) AppleWebKit/536.26 (KHTML, like Gecko) Version/6.0 Mobile/WK10171 Safari/8536.25"
121.42.0.58 - - [21/Oct/2016:07:11:29 +0000] "GET /img/profile.png HTTP/1.1" 200 438630 "http://alexanderamante.com/" "Mozilla/5.0 (iPhone; CPU iPhone OS 6_1_3 like Mac OS X) AppleWebKit/536.26 (KHTML, like Gecko) Version/6.0 Mobile/WK10171 Safari/8536.25"
121.42.0.58 - - [21/Oct/2016:07:11:30 +0000] "GET /img/portfolio/safe.png HTTP/1.1" 200 19240 "http://alexanderamante.com/" "Mozilla/5.0 (iPhone; CPU iPhone OS 6_1_3 like Mac OS X) AppleWebKit/536.26 (KHTML, like Gecko) Version/6.0 Mobile/WK10171 Safari/8536.25"
121.42.0.73 - - [21/Oct/2016:07:11:30 +0000] "GET /img/portfolio/cabin.png HTTP/1.1" 200 36514 "http://www.alexanderamante.com/" "Mozilla/4.0 (compatible; MSIE 8.0; Trident/4.0; Windows NT 6.1; SLCC2 2.5.5231; .NET CLR 2.0.50727; .NET CLR 4.1.23457; .NET CLR 4.0.23457; Media Center PC 6.0; MS-WK 8)"
121.42.0.73 - - [21/Oct/2016:07:11:30 +0000] "GET /css/freelancer.min.css HTTP/1.1" 200 8672 "http://www.alexanderamante.com/" "Mozilla/4.0 (compatible; MSIE 8.0; Trident/4.0; Windows NT 6.1; SLCC2 2.5.5231; .NET CLR 2.0.50727; .NET CLR 4.1.23457; .NET CLR 4.0.23457; Media Center PC 6.0; MS-WK 8)"
121.42.0.58 - - [21/Oct/2016:07:11:30 +0000] "GET /img/portfolio/submarine.png HTTP/1.1" 200 24330 "http://alexanderamante.com/" "Mozilla/5.0 (iPhone; CPU iPhone OS 6_1_3 like Mac OS X) AppleWebKit/536.26 (KHTML, like Gecko) Version/6.0 Mobile/WK10171 Safari/8536.25"
121.42.0.58 - - [21/Oct/2016:07:11:31 +0000] "GET /vendor/bootstrap/js/bootstrap.min.js HTTP/1.1" 200 37045 "http://alexanderamante.com/" "Mozilla/5.0 (iPhone; CPU iPhone OS 6_1_3 like Mac OS X) AppleWebKit/536.26 (KHTML, like Gecko) Version/6.0 Mobile/WK10171 Safari/8536.25"
121.42.0.58 - - [21/Oct/2016:07:11:31 +0000] "GET /js/jqBootstrapValidation.js HTTP/1.1" 200 36180 "http://alexanderamante.com/" "Mozilla/5.0 (iPhone; CPU iPhone OS 6_1_3 like Mac OS X) AppleWebKit/536.26 (KHTML, like Gecko) Version/6.0 Mobile/WK10171 Safari/8536.25"
121.42.0.73 - - [21/Oct/2016:07:11:31 +0000] "GET /img/portfolio/cake.png HTTP/1.1" 200 17068 "http://www.alexanderamante.com/" "Mozilla/4.0 (compatible; MSIE 8.0; Trident/4.0; Windows NT 6.1; SLCC2 2.5.5231; .NET CLR 2.0.50727; .NET CLR 4.1.23457; .NET CLR 4.0.23457; Media Center PC 6.0; MS-WK 8)"
121.42.0.73 - - [21/Oct/2016:07:11:31 +0000] "GET /img/portfolio/circus.png HTTP/1.1" 200 27984 "http://www.alexanderamante.com/" "Mozilla/4.0 (compatible; MSIE 8.0; Trident/4.0; Windows NT 6.1; SLCC2 2.5.5231; .NET CLR 2.0.50727; .NET CLR 4.1.23457; .NET CLR 4.0.23457; Media Center PC 6.0; MS-WK 8)"
121.42.0.58 - - [21/Oct/2016:07:11:31 +0000] "GET /js/contact_me.js HTTP/1.1" 200 3056 "http://alexanderamante.com/" "Mozilla/5.0 (iPhone; CPU iPhone OS 6_1_3 like Mac OS X) AppleWebKit/536.26 (KHTML, like Gecko) Version/6.0 Mobile/WK10171 Safari/8536.25"
121.42.0.58 - - [21/Oct/2016:07:11:30 +0000] "GET /vendor/jquery/jquery.min.js HTTP/1.1" 200 97163 "http://alexanderamante.com/" "Mozilla/5.0 (iPhone; CPU iPhone OS 6_1_3 like Mac OS X) AppleWebKit/536.26 (KHTML, like Gecko) Version/6.0 Mobile/WK10171 Safari/8536.25"
121.42.0.73 - - [21/Oct/2016:07:11:31 +0000] "GET /vendor/font-awesome/css/font-awesome.min.css HTTP/1.1" 200 29063 "http://www.alexanderamante.com/" "Mozilla/4.0 (compatible; MSIE 8.0; Trident/4.0; Windows NT 6.1; SLCC2 2.5.5231; .NET CLR 2.0.50727; .NET CLR 4.1.23457; .NET CLR 4.0.23457; Media Center PC 6.0; MS-WK 8)"
121.42.0.58 - - [21/Oct/2016:07:11:31 +0000] "GET /js/freelancer.min.js HTTP/1.1" 200 1038 "http://alexanderamante.com/" "Mozilla/5.0 (iPhone; CPU iPhone OS 6_1_3 like Mac OS X) AppleWebKit/536.26 (KHTML, like Gecko) Version/6.0 Mobile/WK10171 Safari/8536.25"
121.42.0.58 - - [21/Oct/2016:07:11:31 +0000] "GET /vendor/font-awesome/fonts/fontawesome-webfont.woff?v=4.6.3 HTTP/1.1" 200 90412 "http://alexanderamante.com/" "Mozilla/5.0 (iPhone; CPU iPhone OS 6_1_3 like Mac OS X) AppleWebKit/536.26 (KHTML, like Gecko) Version/6.0 Mobile/WK10171 Safari/8536.25"
121.42.0.73 - - [21/Oct/2016:07:11:32 +0000] "GET /img/portfolio/game.png HTTP/1.1" 200 25896 "http://www.alexanderamante.com/" "Mozilla/4.0 (compatible; MSIE 8.0; Trident/4.0; Windows NT 6.1; SLCC2 2.5.5231; .NET CLR 2.0.50727; .NET CLR 4.1.23457; .NET CLR 4.0.23457; Media Center PC 6.0; MS-WK 8)"
121.42.0.73 - - [21/Oct/2016:07:11:32 +0000] "GET /img/portfolio/safe.png HTTP/1.1" 200 19240 "http://www.alexanderamante.com/" "Mozilla/4.0 (compatible; MSIE 8.0; Trident/4.0; Windows NT 6.1; SLCC2 2.5.5231; .NET CLR 2.0.50727; .NET CLR 4.1.23457; .NET CLR 4.0.23457; Media Center PC 6.0; MS-WK 8)"
121.42.0.73 - - [21/Oct/2016:07:11:32 +0000] "GET /img/portfolio/submarine.png HTTP/1.1" 200 24330 "http://www.alexanderamante.com/" "Mozilla/4.0 (compatible; MSIE 8.0; Trident/4.0; Windows NT 6.1; SLCC2 2.5.5231; .NET CLR 2.0.50727; .NET CLR 4.1.23457; .NET CLR 4.0.23457; Media Center PC 6.0; MS-WK 8)"
121.42.0.73 - - [21/Oct/2016:07:11:32 +0000] "GET /vendor/bootstrap/js/bootstrap.min.js HTTP/1.1" 200 37045 "http://www.alexanderamante.com/" "Mozilla/4.0 (compatible; MSIE 8.0; Trident/4.0; Windows NT 6.1; SLCC2 2.5.5231; .NET CLR 2.0.50727; .NET CLR 4.1.23457; .NET CLR 4.0.23457; Media Center PC 6.0; MS-WK 8)"
121.42.0.73 - - [21/Oct/2016:07:11:30 +0000] "GET /vendor/bootstrap/css/bootstrap.min.css HTTP/1.1" 200 121200 "http://www.alexanderamante.com/" "Mozilla/4.0 (compatible; MSIE 8.0; Trident/4.0; Windows NT 6.1; SLCC2 2.5.5231; .NET CLR 2.0.50727; .NET CLR 4.1.23457; .NET CLR 4.0.23457; Media Center PC 6.0; MS-WK 8)"
121.42.0.73 - - [21/Oct/2016:07:11:32 +0000] "GET /vendor/jquery/jquery.min.js HTTP/1.1" 200 97163 "http://www.alexanderamante.com/" "Mozilla/4.0 (compatible; MSIE 8.0; Trident/4.0; Windows NT 6.1; SLCC2 2.5.5231; .NET CLR 2.0.50727; .NET CLR 4.1.23457; .NET CLR 4.0.23457; Media Center PC 6.0; MS-WK 8)"
121.42.0.54 - - [21/Oct/2016:07:11:33 +0000] "GET / HTTP/1.1" 200 27654 "-" "Mozilla/5.0 (iPhone; CPU iPhone OS 6_1_3 like Mac OS X) AppleWebKit/536.26 (KHTML, like Gecko) Version/6.0 Mobile/WK10171 Safari/8536.25"
121.42.0.73 - - [21/Oct/2016:07:11:33 +0000] "GET /js/jqBootstrapValidation.js HTTP/1.1" 200 36180 "http://www.alexanderamante.com/" "Mozilla/4.0 (compatible; MSIE 8.0; Trident/4.0; Windows NT 6.1; SLCC2 2.5.5231; .NET CLR 2.0.50727; .NET CLR 4.1.23457; .NET CLR 4.0.23457; Media Center PC 6.0; MS-WK 8)"
121.42.0.73 - - [21/Oct/2016:07:11:34 +0000] "GET /js/contact_me.js HTTP/1.1" 200 3056 "http://www.alexanderamante.com/" "Mozilla/4.0 (compatible; MSIE 8.0; Trident/4.0; Windows NT 6.1; SLCC2 2.5.5231; .NET CLR 2.0.50727; .NET CLR 4.1.23457; .NET CLR 4.0.23457; Media Center PC 6.0; MS-WK 8)"
121.42.0.54 - - [21/Oct/2016:07:11:34 +0000] "GET /css/freelancer.min.css HTTP/1.1" 200 8672 "http://wap.alexanderamante.com/" "Mozilla/5.0 (iPhone; CPU iPhone OS 6_1_3 like Mac OS X) AppleWebKit/536.26 (KHTML, like Gecko) Version/6.0 Mobile/WK10171 Safari/8536.25"
121.42.0.54 - - [21/Oct/2016:07:11:34 +0000] "GET /vendor/font-awesome/css/font-awesome.min.css HTTP/1.1" 200 29063 "http://wap.alexanderamante.com/" "Mozilla/5.0 (iPhone; CPU iPhone OS 6_1_3 like Mac OS X) AppleWebKit/536.26 (KHTML, like Gecko) Version/6.0 Mobile/WK10171 Safari/8536.25"
121.42.0.73 - - [21/Oct/2016:07:11:34 +0000] "GET /js/freelancer.min.js HTTP/1.1" 200 1038 "http://www.alexanderamante.com/" "Mozilla/4.0 (compatible; MSIE 8.0; Trident/4.0; Windows NT 6.1; SLCC2 2.5.5231; .NET CLR 2.0.50727; .NET CLR 4.1.23457; .NET CLR 4.0.23457; Media Center PC 6.0; MS-WK 8)"
121.42.0.54 - - [21/Oct/2016:07:11:34 +0000] "GET /vendor/bootstrap/css/bootstrap.min.css HTTP/1.1" 200 121200 "http://wap.alexanderamante.com/" "Mozilla/5.0 (iPhone; CPU iPhone OS 6_1_3 like Mac OS X) AppleWebKit/536.26 (KHTML, like Gecko) Version/6.0 Mobile/WK10171 Safari/8536.25"
121.42.0.54 - - [21/Oct/2016:07:11:34 +0000] "GET /img/portfolio/cabin.png HTTP/1.1" 200 36514 "http://wap.alexanderamante.com/" "Mozilla/5.0 (iPhone; CPU iPhone OS 6_1_3 like Mac OS X) AppleWebKit/536.26 (KHTML, like Gecko) Version/6.0 Mobile/WK10171 Safari/8536.25"
121.42.0.54 - - [21/Oct/2016:07:11:35 +0000] "GET /img/portfolio/cake.png HTTP/1.1" 200 17068 "http://wap.alexanderamante.com/" "Mozilla/5.0 (iPhone; CPU iPhone OS 6_1_3 like Mac OS X) AppleWebKit/536.26 (KHTML, like Gecko) Version/6.0 Mobile/WK10171 Safari/8536.25"
121.42.0.81 - - [21/Oct/2016:07:11:35 +0000] "GET /img/portfolio/cabin.png HTTP/1.1" 200 36514 "http://alexanderamante.com/img/portfolio/cabin.png" "Mozilla/5.0 (Macintosh; Intel Mac OS X 10.11; rv:41.0) Gecko/20100101 Firefox/41.0"
121.42.0.81 - - [21/Oct/2016:07:11:35 +0000] "GET /img/portfolio/cake.png HTTP/1.1" 200 17068 "http://alexanderamante.com/img/portfolio/cake.png" "Mozilla/5.0 (Macintosh; Intel Mac OS X 10.11; rv:41.0) Gecko/20100101 Firefox/41.0"
121.42.0.73 - - [21/Oct/2016:07:11:35 +0000] "GET /vendor/font-awesome/fonts/fontawesome-webfont.woff?v=4.6.3 HTTP/1.1" 200 90412 "http://www.alexanderamante.com/" "Mozilla/4.0 (compatible; MSIE 8.0; Trident/4.0; Windows NT 6.1; SLCC2 2.5.5231; .NET CLR 2.0.50727; .NET CLR 4.1.23457; .NET CLR 4.0.23457; Media Center PC 6.0; MS-WK 8)"
121.42.0.54 - - [21/Oct/2016:07:11:35 +0000] "GET /img/portfolio/circus.png HTTP/1.1" 200 27984 "http://wap.alexanderamante.com/" "Mozilla/5.0 (iPhone; CPU iPhone OS 6_1_3 like Mac OS X) AppleWebKit/536.26 (KHTML, like Gecko) Version/6.0 Mobile/WK10171 Safari/8536.25"
121.42.0.73 - - [21/Oct/2016:07:11:30 +0000] "GET /img/profile.png HTTP/1.1" 200 438630 "http://www.alexanderamante.com/" "Mozilla/4.0 (compatible; MSIE 8.0; Trident/4.0; Windows NT 6.1; SLCC2 2.5.5231; .NET CLR 2.0.50727; .NET CLR 4.1.23457; .NET CLR 4.0.23457; Media Center PC 6.0; MS-WK 8)"
121.42.0.81 - - [21/Oct/2016:07:11:36 +0000] "GET /img/portfolio/circus.png HTTP/1.1" 200 27984 "http://alexanderamante.com/img/portfolio/circus.png" "Mozilla/5.0 (Macintosh; Intel Mac OS X 10.11; rv:41.0) Gecko/20100101 Firefox/41.0"
121.42.0.81 - - [21/Oct/2016:07:11:36 +0000] "GET /img/portfolio/game.png HTTP/1.1" 200 25896 "http://alexanderamante.com/img/portfolio/game.png" "Mozilla/5.0 (Macintosh; Intel Mac OS X 10.11; rv:41.0) Gecko/20100101 Firefox/41.0"
121.42.0.81 - - [21/Oct/2016:07:11:36 +0000] "GET /img/portfolio/safe.png HTTP/1.1" 200 19240 "http://alexanderamante.com/img/portfolio/safe.png" "Mozilla/5.0 (Macintosh; Intel Mac OS X 10.11; rv:41.0) Gecko/20100101 Firefox/41.0"
121.42.0.81 - - [21/Oct/2016:07:11:36 +0000] "GET /img/portfolio/submarine.png HTTP/1.1" 200 24330 "http://alexanderamante.com/img/portfolio/submarine.png" "Mozilla/5.0 (Macintosh; Intel Mac OS X 10.11; rv:41.0) Gecko/20100101 Firefox/41.0"
121.42.0.54 - - [21/Oct/2016:07:11:36 +0000] "GET /img/portfolio/game.png HTTP/1.1" 200 25896 "http://wap.alexanderamante.com/" "Mozilla/5.0 (iPhone; CPU iPhone OS 6_1_3 like Mac OS X) AppleWebKit/536.26 (KHTML, like Gecko) Version/6.0 Mobile/WK10171 Safari/8536.25"
121.42.0.54 - - [21/Oct/2016:07:11:37 +0000] "GET /img/portfolio/safe.png HTTP/1.1" 200 19240 "http://wap.alexanderamante.com/" "Mozilla/5.0 (iPhone; CPU iPhone OS 6_1_3 like Mac OS X) AppleWebKit/536.26 (KHTML, like Gecko) Version/6.0 Mobile/WK10171 Safari/8536.25"
121.42.0.54 - - [21/Oct/2016:07:11:37 +0000] "GET /img/portfolio/submarine.png HTTP/1.1" 200 24330 "http://wap.alexanderamante.com/" "Mozilla/5.0 (iPhone; CPU iPhone OS 6_1_3 like Mac OS X) AppleWebKit/536.26 (KHTML, like Gecko) Version/6.0 Mobile/WK10171 Safari/8536.25"
121.42.0.54 - - [21/Oct/2016:07:11:38 +0000] "GET /vendor/bootstrap/js/bootstrap.min.js HTTP/1.1" 200 37045 "http://wap.alexanderamante.com/" "Mozilla/5.0 (iPhone; CPU iPhone OS 6_1_3 like Mac OS X) AppleWebKit/536.26 (KHTML, like Gecko) Version/6.0 Mobile/WK10171 Safari/8536.25"
121.42.0.54 - - [21/Oct/2016:07:11:38 +0000] "GET /js/jqBootstrapValidation.js HTTP/1.1" 200 36180 "http://wap.alexanderamante.com/" "Mozilla/5.0 (iPhone; CPU iPhone OS 6_1_3 like Mac OS X) AppleWebKit/536.26 (KHTML, like Gecko) Version/6.0 Mobile/WK10171 Safari/8536.25"
121.42.0.54 - - [21/Oct/2016:07:11:38 +0000] "GET /js/contact_me.js HTTP/1.1" 200 3056 "http://wap.alexanderamante.com/" "Mozilla/5.0 (iPhone; CPU iPhone OS 6_1_3 like Mac OS X) AppleWebKit/536.26 (KHTML, like Gecko) Version/6.0 Mobile/WK10171 Safari/8536.25"
121.42.0.54 - - [21/Oct/2016:07:11:39 +0000] "GET /js/freelancer.min.js HTTP/1.1" 200 1038 "http://wap.alexanderamante.com/" "Mozilla/5.0 (iPhone; CPU iPhone OS 6_1_3 like Mac OS X) AppleWebKit/536.26 (KHTML, like Gecko) Version/6.0 Mobile/WK10171 Safari/8536.25"
121.42.0.54 - - [21/Oct/2016:07:11:37 +0000] "GET /vendor/jquery/jquery.min.js HTTP/1.1" 200 97163 "http://wap.alexanderamante.com/" "Mozilla/5.0 (iPhone; CPU iPhone OS 6_1_3 like Mac OS X) AppleWebKit/536.26 (KHTML, like Gecko) Version/6.0 Mobile/WK10171 Safari/8536.25"
