121.42.0.67 - - [22/Oct/2016:06:57:57 +0000] "GET /img/portfolio/cabin.png HTTP/1.1" 200 36514 "http://wap.alexanderamante.com/" "Mozilla/5.0 (iPhone; CPU iPhone OS 6_1_3 like Mac OS X) AppleWebKit/536.26 (KHTML, like Gecko) Version/6.0 Mobile/WK10171 Safari/8536.25"
121.42.0.59 - - [22/Oct/2016:06:57:57 +0000] "GET /css/freelancer.min.css HTTP/1.1" 200 8672 "http://alexanderamante.com/" "Mozilla/5.0 (iPhone; CPU iPhone OS 6_1_3 like Mac OS X) AppleWebKit/536.26 (KHTML, like Gecko) Version/6.0 Mobile/WK10171 Safari/8536.25"
121.42.0.67 - - [22/Oct/2016:06:57:57 +0000] "GET /img/portfolio/cake.png HTTP/1.1" 200 17068 "http://wap.alexanderamante.com/" "Mozilla/5.0 (iPhone; CPU iPhone OS 6_1_3 like Mac OS X) AppleWebKit/536.26 (KHTML, like Gecko) Version/6.0 Mobile/WK10171 Safari/8536.25"
121.42.0.59 - - [22/Oct/2016:06:57:57 +0000] "GET /vendor/font-awesome/css/font-awesome.min.css HTTP/1.1" 200 29063 "http://alexanderamante.com/" "Mozilla/5.0 (iPhone; CPU iPhone OS 6_1_3 like Mac OS X) AppleWebKit/536.26 (KHTML, like Gecko) Version/6.0 Mobile/WK10171 Safari/8536.25"
121.42.0.67 - - [22/Oct/2016:06:57:57 +0000] "GET /vendor/bootstrap/css/bootstrap.min.css HTTP/1.1" 200 121200 "http://wap.alexanderamante.com/" "Mozilla/5.0 (iPhone; CPU iPhone OS 6_1_3 like Mac OS X) AppleWebKit/536.26 (KHTML, like Gecko) Version/6.0 Mobile/WK10171 Safari/8536.25"
121.42.0.67 - - [22/Oct/2016:06:57:57 +0000] "GET /img/portfolio/circus.png HTTP/1.1" 200 27984 "http://wap.alexanderamante.com/" "Mozilla/5.0 (iPhone; CPU iPhone OS 6_1_3 like Mac OS X) AppleWebKit/536.26 (KHTML, like Gecko) Version/6.0 Mobile/WK10171 Safari/8536.25"
121.42.0.67 - - [22/Oct/2016:06:57:57 +0000] "GET /img/portfolio/game.png HTTP/1.1" 200 25896 "http://wap.alexanderamante.com/" "Mozilla/5.0 (iPhone; CPU iPhone OS 6_1_3 like Mac OS X) AppleWebKit/536.26 (KHTML, like Gecko) Version/6.0 Mobile/WK10171 Safari/8536.25"
121.42.0.59 - - [22/Oct/2016:06:57:58 +0000] "GET /img/portfolio/circus.png HTTP/1.1" 200 27984 "http://alexanderamante.com/" "Mozilla/5.0 (iPhone; CPU iPhone OS 6_1_3 like Mac OS X) AppleWebKit/536.26 (KHTML, like Gecko) Version/6.0 Mobile/WK10171 Safari/8536.25"
121.42.0.59 - - [22/Oct/2016:06:57:57 +0000] "GET /img/profile.png HTTP/1.1" 200 376068 "http://alexanderamante.com/" "Mozilla/5.0 (iPhone; CPU iPhone OS 6_1_3 like Mac OS X) AppleWebKit/536.26 (KHTML, like Gecko) Version/6.0 Mobile/WK10171 Safari/8536.25"
121.42.0.67 - - [22/Oct/2016:06:57:58 +0000] "GET /img/portfolio/safe.png HTTP/1.1" 200 19240 "http://wap.alexanderamante.com/" "Mozilla/5.0 (iPhone; CPU iPhone OS 6_1_3 like Mac OS X) AppleWebKit/536.26 (KHTML, like Gecko) Version/6.0 Mobile/WK10171 Safari/8536.25"
121.42.0.59 - - [22/Oct/2016:06:57:57 +0000] "GET /vendor/bootstrap/css/bootstrap.min.css HTTP/1.1" 200 121200 "http://alexanderamante.com/" "Mozilla/5.0 (iPhone; CPU iPhone OS 6_1_3 like Mac OS X) AppleWebKit/536.26 (KHTML, like Gecko) Version/6.0 Mobile/WK10171 Safari/8536.25"
121.42.0.67 - - [22/Oct/2016:06:57:58 +0000] "GET /img/portfolio/submarine.png HTTP/1.1" 200 24330 "http://wap.alexanderamante.com/" "Mozilla/5.0 (iPhone; CPU iPhone OS 6_1_3 like Mac OS X) AppleWebKit/536.26 (KHTML, like Gecko) Version/6.0 Mobile/WK10171 Safari/8536.25"
121.42.0.59 - - [22/Oct/2016:06:57:58 +0000] "GET /img/portfolio/game.png HTTP/1.1" 200 25896 "http://alexanderamante.com/" "Mozilla/5.0 (iPhone; CPU iPhone OS 6_1_3 like Mac OS X) AppleWebKit/536.26 (KHTML, like Gecko) Version/6.0 Mobile/WK10171 Safari/8536.25"
121.42.0.59 - - [22/Oct/2016:06:57:58 +0000] "GET /img/portfolio/cabin.png HTTP/1.1" 200 36514 "http://alexanderamante.com/" "Mozilla/5.0 (iPhone; CPU iPhone OS 6_1_3 like Mac OS X) AppleWebKit/536.26 (KHTML, like Gecko) Version/6.0 Mobile/WK10171 Safari/8536.25"
121.42.0.59 - - [22/Oct/2016:06:57:58 +0000] "GET /img/portfolio/cake.png HTTP/1.1" 200 17068 "http://alexanderamante.com/" "Mozilla/5.0 (iPhone; CPU iPhone OS 6_1_3 like Mac OS X) AppleWebKit/536.26 (KHTML, like Gecko) Version/6.0 Mobile/WK10171 Safari/8536.25"
121.42.0.67 - - [22/Oct/2016:06:57:58 +0000] "GET /vendor/bootstrap/js/bootstrap.min.js HTTP/1.1" 200 37045 "http://wap.alexanderamante.com/" "Mozilla/5.0 (iPhone; CPU iPhone OS 6_1_3 like Mac OS X) AppleWebKit/536.26 (KHTML, like Gecko) Version/6.0 Mobile/WK10171 Safari/8536.25"
121.42.0.67 - - [22/Oct/2016:06:57:58 +0000] "GET /js/jqBootstrapValidation.js HTTP/1.1" 200 36180 "http://wap.alexanderamante.com/" "Mozilla/5.0 (iPhone; CPU iPhone OS 6_1_3 like Mac OS X) AppleWebKit/536.26 (KHTML, like Gecko) Version/6.0 Mobile/WK10171 Safari/8536.25"
121.42.0.67 - - [22/Oct/2016:06:57:57 +0000] "GET /img/profile.png HTTP/1.1" 200 376068 "http://wap.alexanderamante.com/" "Mozilla/5.0 (iPhone; CPU iPhone OS 6_1_3 like Mac OS X) AppleWebKit/536.26 (KHTML, like Gecko) Version/6.0 Mobile/WK10171 Safari/8536.25"
121.42.0.67 - - [22/Oct/2016:06:57:58 +0000] "GET /js/contact_me.js HTTP/1.1" 200 3056 "http://wap.alexanderamante.com/" "Mozilla/5.0 (iPhone; CPU iPhone OS 6_1_3 like Mac OS X) AppleWebKit/536.26 (KHTML, like Gecko) Version/6.0 Mobile/WK10171 Safari/8536.25"
121.42.0.59 - - [22/Oct/2016:06:57:58 +0000] "GET /img/portfolio/safe.png HTTP/1.1" 200 19240 "http://alexanderamante.com/" "Mozilla/5.0 (iPhone; CPU iPhone OS 6_1_3 like Mac OS X) AppleWebKit/536.26 (KHTML, like Gecko) Version/6.0 Mobile/WK10171 Safari/8536.25"
121.42.0.67 - - [22/Oct/2016:06:57:59 +0000] "GET /js/freelancer.min.js HTTP/1.1" 200 1038 "http://wap.alexanderamante.com/" "Mozilla/5.0 (iPhone; CPU iPhone OS 6_1_3 like Mac OS X) AppleWebKit/536.26 (KHTML, like Gecko) Version/6.0 Mobile/WK10171 Safari/8536.25"
121.42.0.59 - - [22/Oct/2016:06:57:59 +0000] "GET /img/portfolio/submarine.png HTTP/1.1" 200 24330 "http://alexanderamante.com/" "Mozilla/5.0 (iPhone; CPU iPhone OS 6_1_3 like Mac OS X) AppleWebKit/536.26 (KHTML, like Gecko) Version/6.0 Mobile/WK10171 Safari/8536.25"
121.42.0.67 - - [22/Oct/2016:06:57:58 +0000] "GET /vendor/jquery/jquery.min.js HTTP/1.1" 200 97163 "http://wap.alexanderamante.com/" "Mozilla/5.0 (iPhone; CPU iPhone OS 6_1_3 like Mac OS X) AppleWebKit/536.26 (KHTML, like Gecko) Version/6.0 Mobile/WK10171 Safari/8536.25"
121.42.0.59 - - [22/Oct/2016:06:57:59 +0000] "GET /vendor/bootstrap/js/bootstrap.min.js HTTP/1.1" 200 37045 "http://alexanderamante.com/" "Mozilla/5.0 (iPhone; CPU iPhone OS 6_1_3 like Mac OS X) AppleWebKit/536.26 (KHTML, like Gecko) Version/6.0 Mobile/WK10171 Safari/8536.25"
121.42.0.59 - - [22/Oct/2016:06:57:59 +0000] "GET /js/jqBootstrapValidation.js HTTP/1.1" 200 36180 "http://alexanderamante.com/" "Mozilla/5.0 (iPhone; CPU iPhone OS 6_1_3 like Mac OS X) AppleWebKit/536.26 (KHTML, like Gecko) Version/6.0 Mobile/WK10171 Safari/8536.25"
121.42.0.73 - - [22/Oct/2016:06:57:59 +0000] "GET /css/freelancer.min.css HTTP/1.1" 200 8672 "http://www.alexanderamante.com/" "Mozilla/4.0 (compatible; MSIE 8.0; Trident/4.0; Windows NT 6.1; SLCC2 2.5.5231; .NET CLR 2.0.50727; .NET CLR 4.1.23457; .NET CLR 4.0.23457; Media Center PC 6.0; MS-WK 8)"
121.42.0.73 - - [22/Oct/2016:06:57:59 +0000] "GET /vendor/font-awesome/css/font-awesome.min.css HTTP/1.1" 200 29063 "http://www.alexanderamante.com/" "Mozilla/4.0 (compatible; MSIE 8.0; Trident/4.0; Windows NT 6.1; SLCC2 2.5.5231; .NET CLR 2.0.50727; .NET CLR 4.1.23457; .NET CLR 4.0.23457; Media Center PC 6.0; MS-WK 8)"
121.42.0.59 - - [22/Oct/2016:06:57:59 +0000] "GET /vendor/jquery/jquery.min.js HTTP/1.1" 200 97163 "http://alexanderamante.com/" "Mozilla/5.0 (iPhone; CPU iPhone OS 6_1_3 like Mac OS X) AppleWebKit/536.26 (KHTML, like Gecko) Version/6.0 Mobile/WK10171 Safari/8536.25"
121.42.0.59 - - [22/Oct/2016:06:58:00 +0000] "GET /js/contact_me.js HTTP/1.1" 200 3056 "http://alexanderamante.com/" "Mozilla/5.0 (iPhone; CPU iPhone OS 6_1_3 like Mac OS X) AppleWebKit/536.26 (KHTML, like Gecko) Version/6.0 Mobile/WK10171 Safari/8536.25"
121.42.0.73 - - [22/Oct/2016:06:58:00 +0000] "GET /img/portfolio/cake.png HTTP/1.1" 200 17068 "http://www.alexanderamante.com/" "Mozilla/4.0 (compatible; MSIE 8.0; Trident/4.0; Windows NT 6.1; SLCC2 2.5.5231; .NET CLR 2.0.50727; .NET CLR 4.1.23457; .NET CLR 4.0.23457; Media Center PC 6.0; MS-WK 8)"
121.42.0.73 - - [22/Oct/2016:06:58:00 +0000] "GET /img/portfolio/circus.png HTTP/1.1" 200 27984 "http://www.alexanderamante.com/" "Mozilla/4.0 (compatible; MSIE 8.0; Trident/4.0; Windows NT 6.1; SLCC2 2.5.5231; .NET CLR 2.0.50727; .NET CLR 4.1.23457; .NET CLR 4.0.23457; Media Center PC 6.0; MS-WK 8)"
121.42.0.59 - - [22/Oct/2016:06:58:00 +0000] "GET /js/freelancer.min.js HTTP/1.1" 200 1038 "http://alexanderamante.com/" "Mozilla/5.0 (iPhone; CPU iPhone OS 6_1_3 like Mac OS X) AppleWebKit/536.26 (KHTML, like Gecko) Version/6.0 Mobile/WK10171 Safari/8536.25"
121.42.0.59 - - [22/Oct/2016:06:58:00 +0000] "GET /vendor/font-awesome/fonts/fontawesome-webfont.woff?v=4.6.3 HTTP/1.1" 200 90412 "http://alexanderamante.com/" "Mozilla/5.0 (iPhone; CPU iPhone OS 6_1_3 like Mac OS X) AppleWebKit/536.26 (KHTML, like Gecko) Version/6.0 Mobile/WK10171 Safari/8536.25"
121.42.0.73 - - [22/Oct/2016:06:58:00 +0000] "GET /img/portfolio/game.png HTTP/1.1" 200 25896 "http://www.alexanderamante.com/" "Mozilla/4.0 (compatible; MSIE 8.0; Trident/4.0; Windows NT 6.1; SLCC2 2.5.5231; .NET CLR 2.0.50727; .NET CLR 4.1.23457; .NET CLR 4.0.23457; Media Center PC 6.0; MS-WK 8)"
121.42.0.73 - - [22/Oct/2016:06:58:00 +0000] "GET /img/portfolio/cabin.png HTTP/1.1" 200 36514 "http://www.alexanderamante.com/" "Mozilla/4.0 (compatible; MSIE 8.0; Trident/4.0; Windows NT 6.1; SLCC2 2.5.5231; .NET CLR 2.0.50727; .NET CLR 4.1.23457; .NET CLR 4.0.23457; Media Center PC 6.0; MS-WK 8)"
121.42.0.73 - - [22/Oct/2016:06:58:00 +0000] "GET /img/portfolio/submarine.png HTTP/1.1" 200 24330 "http://www.alexanderamante.com/" "Mozilla/4.0 (compatible; MSIE 8.0; Trident/4.0; Windows NT 6.1; SLCC2 2.5.5231; .NET CLR 2.0.50727; .NET CLR 4.1.23457; .NET CLR 4.0.23457; Media Center PC 6.0; MS-WK 8)"
121.42.0.73 - - [22/Oct/2016:06:58:00 +0000] "GET /img/portfolio/safe.png HTTP/1.1" 200 19240 "http://www.alexanderamante.com/" "Mozilla/4.0 (compatible; MSIE 8.0; Trident/4.0; Windows NT 6.1; SLCC2 2.5.5231; .NET CLR 2.0.50727; .NET CLR 4.1.23457; .NET CLR 4.0.23457; Media Center PC 6.0; MS-WK 8)"
121.42.0.73 - - [22/Oct/2016:06:57:59 +0000] "GET /vendor/bootstrap/css/bootstrap.min.css HTTP/1.1" 200 121200 "http://www.alexanderamante.com/" "Mozilla/4.0 (compatible; MSIE 8.0; Trident/4.0; Windows NT 6.1; SLCC2 2.5.5231; .NET CLR 2.0.50727; .NET CLR 4.1.23457; .NET CLR 4.0.23457; Media Center PC 6.0; MS-WK 8)"
121.42.0.73 - - [22/Oct/2016:06:58:02 +0000] "GET /vendor/bootstrap/js/bootstrap.min.js HTTP/1.1" 200 37045 "http://www.alexanderamante.com/" "Mozilla/4.0 (compatible; MSIE 8.0; Trident/4.0; Windows NT 6.1; SLCC2 2.5.5231; .NET CLR 2.0.50727; .NET CLR 4.1.23457; .NET CLR 4.0.23457; Media Center PC 6.0; MS-WK 8)"
121.42.0.73 - - [22/Oct/2016:06:58:01 +0000] "GET /vendor/jquery/jquery.min.js HTTP/1.1" 200 97163 "http://www.alexanderamante.com/" "Mozilla/4.0 (compatible; MSIE 8.0; Trident/4.0; Windows NT 6.1; SLCC2 2.5.5231; .NET CLR 2.0.50727; .NET CLR 4.1.23457; .NET CLR 4.0.23457; Media Center PC 6.0; MS-WK 8)"
121.42.0.67 - - [22/Oct/2016:06:58:01 +0000] "GET /vendor/font-awesome/fonts/fontawesome-webfont.woff?v=4.6.3 HTTP/1.1" 200 90412 "http://wap.alexanderamante.com/" "Mozilla/5.0 (iPhone; CPU iPhone OS 6_1_3 like Mac OS X) AppleWebKit/536.26 (KHTML, like Gecko) Version/6.0 Mobile/WK10171 Safari/8536.25"
121.42.0.73 - - [22/Oct/2016:06:58:02 +0000] "GET /js/jqBootstrapValidation.js HTTP/1.1" 200 36180 "http://www.alexanderamante.com/" "Mozilla/4.0 (compatible; MSIE 8.0; Trident/4.0; Windows NT 6.1; SLCC2 2.5.5231; .NET CLR 2.0.50727; .NET CLR 4.1.23457; .NET CLR 4.0.23457; Media Center PC 6.0; MS-WK 8)"
121.42.0.73 - - [22/Oct/2016:06:58:03 +0000] "GET /js/contact_me.js HTTP/1.1" 200 3056 "http://www.alexanderamante.com/" "Mozilla/4.0 (compatible; MSIE 8.0; Trident/4.0; Windows NT 6.1; SLCC2 2.5.5231; .NET CLR 2.0.50727; .NET CLR 4.1.23457; .NET CLR 4.0.23457; Media Center PC 6.0; MS-WK 8)"
121.42.0.73 - - [22/Oct/2016:06:58:03 +0000] "GET /js/freelancer.min.js HTTP/1.1" 200 1038 "http://www.alexanderamante.com/" "Mozilla/4.0 (compatible; MSIE 8.0; Trident/4.0; Windows NT 6.1; SLCC2 2.5.5231; .NET CLR 2.0.50727; .NET CLR 4.1.23457; .NET CLR 4.0.23457; Media Center PC 6.0; MS-WK 8)"
121.42.0.73 - - [22/Oct/2016:06:57:59 +0000] "GET /img/profile.png HTTP/1.1" 200 229971 "http://www.alexanderamante.com/" "Mozilla/4.0 (compatible; MSIE 8.0; Trident/4.0; Windows NT 6.1; SLCC2 2.5.5231; .NET CLR 2.0.50727; .NET CLR 4.1.23457; .NET CLR 4.0.23457; Media Center PC 6.0; MS-WK 8)"
121.42.0.77 - - [22/Oct/2016:06:58:03 +0000] "GET /img/portfolio/cabin.png HTTP/1.1" 200 36514 "http://alexanderamante.com/img/portfolio/cabin.png" "Mozilla/5.0 (Macintosh; Intel Mac OS X 10.11; rv:41.0) Gecko/20100101 Firefox/41.0"
121.42.0.73 - - [22/Oct/2016:06:58:03 +0000] "GET /vendor/font-awesome/fonts/fontawesome-webfont.woff?v=4.6.3 HTTP/1.1" 200 90412 "http://www.alexanderamante.com/" "Mozilla/4.0 (compatible; MSIE 8.0; Trident/4.0; Windows NT 6.1; SLCC2 2.5.5231; .NET CLR 2.0.50727; .NET CLR 4.1.23457; .NET CLR 4.0.23457; Media Center PC 6.0; MS-WK 8)"
::1 - - [22/Oct/2016:06:58:03 +0000] "OPTIONS * HTTP/1.0" 200 - "-" "Apache/2.4.6 (CentOS) (internal dummy connection)"
121.42.0.77 - - [22/Oct/2016:06:58:03 +0000] "GET /img/portfolio/cake.png HTTP/1.1" 200 17068 "http://alexanderamante.com/img/portfolio/cake.png" "Mozilla/5.0 (Macintosh; Intel Mac OS X 10.11; rv:41.0) Gecko/20100101 Firefox/41.0"
121.42.0.77 - - [22/Oct/2016:06:58:04 +0000] "GET /img/portfolio/cabin.png HTTP/1.1" 200 36514 "http://wap.alexanderamante.com/img/portfolio/cabin.png" "Mozilla/5.0 (Macintosh; Intel Mac OS X 10.11; rv:41.0) Gecko/20100101 Firefox/41.0"
::1 - - [22/Oct/2016:06:58:04 +0000] "OPTIONS * HTTP/1.0" 200 - "-" "Apache/2.4.6 (CentOS) (internal dummy connection)"
121.42.0.77 - - [22/Oct/2016:06:58:04 +0000] "GET /img/portfolio/circus.png HTTP/1.1" 200 27984 "http://alexanderamante.com/img/portfolio/circus.png" "Mozilla/5.0 (Macintosh; Intel Mac OS X 10.11; rv:41.0) Gecko/20100101 Firefox/41.0"
121.42.0.77 - - [22/Oct/2016:06:58:05 +0000] "GET /img/portfolio/safe.png HTTP/1.1" 200 19240 "http://alexanderamante.com/img/portfolio/safe.png" "Mozilla/5.0 (Macintosh; Intel Mac OS X 10.11; rv:41.0) Gecko/20100101 Firefox/41.0"
121.42.0.77 - - [22/Oct/2016:06:58:05 +0000] "GET /img/portfolio/game.png HTTP/1.1" 200 25896 "http://alexanderamante.com/img/portfolio/game.png" "Mozilla/5.0 (Macintosh; Intel Mac OS X 10.11; rv:41.0) Gecko/20100101 Firefox/41.0"
121.42.0.77 - - [22/Oct/2016:06:58:05 +0000] "GET /img/portfolio/cake.png HTTP/1.1" 200 17068 "http://wap.alexanderamante.com/img/portfolio/cake.png" "Mozilla/5.0 (Macintosh; Intel Mac OS X 10.11; rv:41.0) Gecko/20100101 Firefox/41.0"
::1 - - [22/Oct/2016:06:58:05 +0000] "OPTIONS * HTTP/1.0" 200 - "-" "Apache/2.4.6 (CentOS) (internal dummy connection)"
121.42.0.77 - - [22/Oct/2016:06:58:05 +0000] "GET /img/portfolio/submarine.png HTTP/1.1" 200 24330 "http://alexanderamante.com/img/portfolio/submarine.png" "Mozilla/5.0 (Macintosh; Intel Mac OS X 10.11; rv:41.0) Gecko/20100101 Firefox/41.0"
121.42.0.77 - - [22/Oct/2016:06:58:06 +0000] "GET /img/portfolio/circus.png HTTP/1.1" 200 27984 "http://wap.alexanderamante.com/img/portfolio/circus.png" "Mozilla/5.0 (Macintosh; Intel Mac OS X 10.11; rv:41.0) Gecko/20100101 Firefox/41.0"
121.42.0.77 - - [22/Oct/2016:06:58:06 +0000] "GET /img/portfolio/game.png HTTP/1.1" 200 25896 "http://wap.alexanderamante.com/img/portfolio/game.png" "Mozilla/5.0 (Macintosh; Intel Mac OS X 10.11; rv:41.0) Gecko/20100101 Firefox/41.0"
::1 - - [22/Oct/2016:06:58:06 +0000] "OPTIONS * HTTP/1.0" 200 - "-" "Apache/2.4.6 (CentOS) (internal dummy connection)"
121.42.0.77 - - [22/Oct/2016:06:58:07 +0000] "GET /img/portfolio/cake.png HTTP/1.1" 200 17068 "http://www.alexanderamante.com/img/portfolio/cake.png" "Mozilla/5.0 (Macintosh; Intel Mac OS X 10.11; rv:41.0) Gecko/20100101 Firefox/41.0"
121.42.0.77 - - [22/Oct/2016:06:58:07 +0000] "GET /img/portfolio/cabin.png HTTP/1.1" 200 36514 "http://www.alexanderamante.com/img/portfolio/cabin.png" "Mozilla/5.0 (Macintosh; Intel Mac OS X 10.11; rv:41.0) Gecko/20100101 Firefox/41.0"
::1 - - [22/Oct/2016:06:58:07 +0000] "OPTIONS * HTTP/1.0" 200 - "-" "Apache/2.4.6 (CentOS) (internal dummy connection)"
121.42.0.77 - - [22/Oct/2016:06:58:07 +0000] "GET /img/portfolio/safe.png HTTP/1.1" 200 19240 "http://wap.alexanderamante.com/img/portfolio/safe.png" "Mozilla/5.0 (Macintosh; Intel Mac OS X 10.11; rv:41.0) Gecko/20100101 Firefox/41.0"
121.42.0.77 - - [22/Oct/2016:06:58:08 +0000] "GET /img/portfolio/submarine.png HTTP/1.1" 200 24330 "http://wap.alexanderamante.com/img/portfolio/submarine.png" "Mozilla/5.0 (Macintosh; Intel Mac OS X 10.11; rv:41.0) Gecko/20100101 Firefox/41.0"
121.42.0.77 - - [22/Oct/2016:06:58:08 +0000] "GET /img/portfolio/circus.png HTTP/1.1" 200 27984 "http://www.alexanderamante.com/img/portfolio/circus.png" "Mozilla/5.0 (Macintosh; Intel Mac OS X 10.11; rv:41.0) Gecko/20100101 Firefox/41.0"
::1 - - [22/Oct/2016:06:58:08 +0000] "OPTIONS * HTTP/1.0" 200 - "-" "Apache/2.4.6 (CentOS) (internal dummy connection)"
121.42.0.77 - - [22/Oct/2016:06:58:07 +0000] "GET /img/profile.png HTTP/1.1" 200 376068 "http://www.alexanderamante.com/img/profile.png" "Mozilla/5.0 (Macintosh; Intel Mac OS X 10.11; rv:41.0) Gecko/20100101 Firefox/41.0"
121.42.0.77 - - [22/Oct/2016:06:58:08 +0000] "GET /img/portfolio/game.png HTTP/1.1" 200 25896 "http://www.alexanderamante.com/img/portfolio/game.png" "Mozilla/5.0 (Macintosh; Intel Mac OS X 10.11; rv:41.0) Gecko/20100101 Firefox/41.0"
121.42.0.77 - - [22/Oct/2016:06:58:08 +0000] "GET /img/portfolio/safe.png HTTP/1.1" 200 19240 "http://www.alexanderamante.com/img/portfolio/safe.png" "Mozilla/5.0 (Macintosh; Intel Mac OS X 10.11; rv:41.0) Gecko/20100101 Firefox/41.0"
121.42.0.77 - - [22/Oct/2016:06:58:04 +0000] "GET /img/profile.png HTTP/1.1" 200 273393 "http://wap.alexanderamante.com/img/profile.png" "Mozilla/5.0 (Macintosh; Intel Mac OS X 10.11; rv:41.0) Gecko/20100101 Firefox/41.0"
::1 - - [22/Oct/2016:06:58:09 +0000] "OPTIONS * HTTP/1.0" 200 - "-" "Apache/2.4.6 (CentOS) (internal dummy connection)"
121.42.0.77 - - [22/Oct/2016:06:58:11 +0000] "GET /img/portfolio/submarine.png HTTP/1.1" 200 24330 "http://www.alexanderamante.com/img/portfolio/submarine.png" "Mozilla/5.0 (Macintosh; Intel Mac OS X 10.11; rv:41.0) Gecko/20100101 Firefox/41.0"
::1 - - [22/Oct/2016:06:58:11 +0000] "OPTIONS * HTTP/1.0" 200 - "-" "Apache/2.4.6 (CentOS) (internal dummy connection)"
::1 - - [22/Oct/2016:06:58:12 +0000] "OPTIONS * HTTP/1.0" 200 - "-" "Apache/2.4.6 (CentOS) (internal dummy connection)"
::1 - - [22/Oct/2016:06:58:13 +0000] "OPTIONS * HTTP/1.0" 200 - "-" "Apache/2.4.6 (CentOS) (internal dummy connection)"
::1 - - [22/Oct/2016:06:58:14 +0000] "OPTIONS * HTTP/1.0" 200 - "-" "Apache/2.4.6 (CentOS) (internal dummy connection)"
::1 - - [22/Oct/2016:06:58:15 +0000] "OPTIONS * HTTP/1.0" 200 - "-" "Apache/2.4.6 (CentOS) (internal dummy connection)"
::1 - - [22/Oct/2016:06:58:16 +0000] "OPTIONS * HTTP/1.0" 200 - "-" "Apache/2.4.6 (CentOS) (internal dummy connection)"
121.42.0.77 - - [22/Oct/2016:06:58:03 +0000] "GET /img/profile.png HTTP/1.1" 200 376068 "http://alexanderamante.com/img/profile.png" "Mozilla/5.0 (Macintosh; Intel Mac OS X 10.11; rv:41.0) Gecko/20100101 Firefox/41.0"
::1 - - [22/Oct/2016:06:58:17 +0000] "OPTIONS * HTTP/1.0" 200 - "-" "Apache/2.4.6 (CentOS) (internal dummy connection)"
::1 - - [22/Oct/2016:06:58:22 +0000] "OPTIONS * HTTP/1.0" 200 - "-" "Apache/2.4.6 (CentOS) (internal dummy connection)"
95.213.177.124 - - [22/Oct/2016:09:49:07 +0000] "CONNECT check.proxyradar.com:80 HTTP/1.1" 400 226 "-" "-"
122.58.44.116 - - [22/Oct/2016:13:12:14 +0000] "GET / HTTP/1.1" 503 299 "-" "Mozilla/5.0 (Windows NT 10.0; Win64; x64) AppleWebKit/537.36 (KHTML, like Gecko) Chrome/53.0.2785.143 Safari/537.36"
122.58.44.116 - - [22/Oct/2016:13:12:19 +0000] "GET / HTTP/1.1" 503 299 "-" "Mozilla/5.0 (Windows NT 10.0; Win64; x64) AppleWebKit/537.36 (KHTML, like Gecko) Chrome/53.0.2785.143 Safari/537.36"
122.58.44.116 - - [22/Oct/2016:13:12:21 +0000] "GET / HTTP/1.1" 503 299 "-" "Mozilla/5.0 (Windows NT 10.0; Win64; x64) AppleWebKit/537.36 (KHTML, like Gecko) Chrome/53.0.2785.143 Safari/537.36"
122.58.44.116 - - [22/Oct/2016:13:12:23 +0000] "GET / HTTP/1.1" 503 299 "-" "Mozilla/5.0 (Windows NT 10.0; Win64; x64) AppleWebKit/537.36 (KHTML, like Gecko) Chrome/53.0.2785.143 Safari/537.36"
122.58.44.116 - - [22/Oct/2016:13:13:05 +0000] "-" 408 - "-" "-"
122.58.44.116 - - [22/Oct/2016:13:13:05 +0000] "-" 408 - "-" "-"
122.58.44.116 - - [22/Oct/2016:13:13:11 +0000] "-" 408 - "-" "-"
122.58.44.116 - - [22/Oct/2016:13:13:13 +0000] "-" 408 - "-" "-"
122.58.44.116 - - [22/Oct/2016:13:13:14 +0000] "-" 408 - "-" "-"
122.58.44.116 - - [22/Oct/2016:13:13:33 +0000] "GET / HTTP/1.1" 200 27631 "-" "Mozilla/5.0 (Windows NT 10.0; Win64; x64) AppleWebKit/537.36 (KHTML, like Gecko) Chrome/53.0.2785.143 Safari/537.36"
122.58.44.116 - - [22/Oct/2016:13:13:33 +0000] "GET /css/freelancer.min.css HTTP/1.1" 200 8672 "http://alexanderamante.com/" "Mozilla/5.0 (Windows NT 10.0; Win64; x64) AppleWebKit/537.36 (KHTML, like Gecko) Chrome/53.0.2785.143 Safari/537.36"
122.58.44.116 - - [22/Oct/2016:13:13:33 +0000] "GET /vendor/font-awesome/css/font-awesome.min.css HTTP/1.1" 200 29063 "http://alexanderamante.com/" "Mozilla/5.0 (Windows NT 10.0; Win64; x64) AppleWebKit/537.36 (KHTML, like Gecko) Chrome/53.0.2785.143 Safari/537.36"
122.58.44.116 - - [22/Oct/2016:13:13:34 +0000] "GET /vendor/jquery/jquery.min.js HTTP/1.1" 200 97163 "http://alexanderamante.com/" "Mozilla/5.0 (Windows NT 10.0; Win64; x64) AppleWebKit/537.36 (KHTML, like Gecko) Chrome/53.0.2785.143 Safari/537.36"
122.58.44.116 - - [22/Oct/2016:13:13:33 +0000] "GET /vendor/bootstrap/css/bootstrap.min.css HTTP/1.1" 200 121200 "http://alexanderamante.com/" "Mozilla/5.0 (Windows NT 10.0; Win64; x64) AppleWebKit/537.36 (KHTML, like Gecko) Chrome/53.0.2785.143 Safari/537.36"
122.58.44.116 - - [22/Oct/2016:13:13:35 +0000] "GET /vendor/bootstrap/js/bootstrap.min.js HTTP/1.1" 304 - "http://alexanderamante.com/" "Mozilla/5.0 (Windows NT 10.0; Win64; x64) AppleWebKit/537.36 (KHTML, like Gecko) Chrome/53.0.2785.143 Safari/537.36"
122.58.44.116 - - [22/Oct/2016:13:13:36 +0000] "GET /js/jqBootstrapValidation.js HTTP/1.1" 304 - "http://alexanderamante.com/" "Mozilla/5.0 (Windows NT 10.0; Win64; x64) AppleWebKit/537.36 (KHTML, like Gecko) Chrome/53.0.2785.143 Safari/537.36"
122.58.44.116 - - [22/Oct/2016:13:13:36 +0000] "GET /js/contact_me.js HTTP/1.1" 304 - "http://alexanderamante.com/" "Mozilla/5.0 (Windows NT 10.0; Win64; x64) AppleWebKit/537.36 (KHTML, like Gecko) Chrome/53.0.2785.143 Safari/537.36"
122.58.44.116 - - [22/Oct/2016:13:13:36 +0000] "GET /js/freelancer.min.js HTTP/1.1" 304 - "http://alexanderamante.com/" "Mozilla/5.0 (Windows NT 10.0; Win64; x64) AppleWebKit/537.36 (KHTML, like Gecko) Chrome/53.0.2785.143 Safari/537.36"
122.58.44.116 - - [22/Oct/2016:13:13:36 +0000] "GET /img/profile.png HTTP/1.1" 304 - "http://alexanderamante.com/" "Mozilla/5.0 (Windows NT 10.0; Win64; x64) AppleWebKit/537.36 (KHTML, like Gecko) Chrome/53.0.2785.143 Safari/537.36"
122.58.44.116 - - [22/Oct/2016:13:13:36 +0000] "GET /vendor/font-awesome/fonts/fontawesome-webfont.woff2?v=4.6.3 HTTP/1.1" 304 - "http://alexanderamante.com/vendor/font-awesome/css/font-awesome.min.css" "Mozilla/5.0 (Windows NT 10.0; Win64; x64) AppleWebKit/537.36 (KHTML, like Gecko) Chrome/53.0.2785.143 Safari/537.36"
122.58.44.116 - - [22/Oct/2016:13:13:36 +0000] "GET /img/portfolio/cabin.png HTTP/1.1" 304 - "http://alexanderamante.com/" "Mozilla/5.0 (Windows NT 10.0; Win64; x64) AppleWebKit/537.36 (KHTML, like Gecko) Chrome/53.0.2785.143 Safari/537.36"
122.58.44.116 - - [22/Oct/2016:13:13:36 +0000] "GET /img/portfolio/cake.png HTTP/1.1" 304 - "http://alexanderamante.com/" "Mozilla/5.0 (Windows NT 10.0; Win64; x64) AppleWebKit/537.36 (KHTML, like Gecko) Chrome/53.0.2785.143 Safari/537.36"
122.58.44.116 - - [22/Oct/2016:13:13:36 +0000] "GET /img/portfolio/circus.png HTTP/1.1" 304 - "http://alexanderamante.com/" "Mozilla/5.0 (Windows NT 10.0; Win64; x64) AppleWebKit/537.36 (KHTML, like Gecko) Chrome/53.0.2785.143 Safari/537.36"
122.58.44.116 - - [22/Oct/2016:13:13:36 +0000] "GET /img/portfolio/game.png HTTP/1.1" 304 - "http://alexanderamante.com/" "Mozilla/5.0 (Windows NT 10.0; Win64; x64) AppleWebKit/537.36 (KHTML, like Gecko) Chrome/53.0.2785.143 Safari/537.36"
122.58.44.116 - - [22/Oct/2016:13:13:36 +0000] "GET /img/portfolio/safe.png HTTP/1.1" 304 - "http://alexanderamante.com/" "Mozilla/5.0 (Windows NT 10.0; Win64; x64) AppleWebKit/537.36 (KHTML, like Gecko) Chrome/53.0.2785.143 Safari/537.36"
122.58.44.116 - - [22/Oct/2016:13:13:36 +0000] "GET /img/portfolio/submarine.png HTTP/1.1" 304 - "http://alexanderamante.com/" "Mozilla/5.0 (Windows NT 10.0; Win64; x64) AppleWebKit/537.36 (KHTML, like Gecko) Chrome/53.0.2785.143 Safari/537.36"
122.58.44.116 - - [22/Oct/2016:13:13:38 +0000] "GET / HTTP/1.1" 304 - "-" "Mozilla/5.0 (Windows NT 10.0; Win64; x64) AppleWebKit/537.36 (KHTML, like Gecko) Chrome/53.0.2785.143 Safari/537.36"
122.58.44.116 - - [22/Oct/2016:13:13:38 +0000] "GET /css/freelancer.min.css HTTP/1.1" 304 - "http://alexanderamante.com/" "Mozilla/5.0 (Windows NT 10.0; Win64; x64) AppleWebKit/537.36 (KHTML, like Gecko) Chrome/53.0.2785.143 Safari/537.36"
122.58.44.116 - - [22/Oct/2016:13:13:38 +0000] "GET /vendor/font-awesome/css/font-awesome.min.css HTTP/1.1" 304 - "http://alexanderamante.com/" "Mozilla/5.0 (Windows NT 10.0; Win64; x64) AppleWebKit/537.36 (KHTML, like Gecko) Chrome/53.0.2785.143 Safari/537.36"
122.58.44.116 - - [22/Oct/2016:13:13:38 +0000] "GET /vendor/bootstrap/css/bootstrap.min.css HTTP/1.1" 304 - "http://alexanderamante.com/" "Mozilla/5.0 (Windows NT 10.0; Win64; x64) AppleWebKit/537.36 (KHTML, like Gecko) Chrome/53.0.2785.143 Safari/537.36"
122.58.44.116 - - [22/Oct/2016:13:13:38 +0000] "GET /vendor/jquery/jquery.min.js HTTP/1.1" 304 - "http://alexanderamante.com/" "Mozilla/5.0 (Windows NT 10.0; Win64; x64) AppleWebKit/537.36 (KHTML, like Gecko) Chrome/53.0.2785.143 Safari/537.36"
122.58.44.116 - - [22/Oct/2016:13:13:38 +0000] "GET /vendor/bootstrap/js/bootstrap.min.js HTTP/1.1" 304 - "http://alexanderamante.com/" "Mozilla/5.0 (Windows NT 10.0; Win64; x64) AppleWebKit/537.36 (KHTML, like Gecko) Chrome/53.0.2785.143 Safari/537.36"
122.58.44.116 - - [22/Oct/2016:13:13:38 +0000] "GET /js/contact_me.js HTTP/1.1" 304 - "http://alexanderamante.com/" "Mozilla/5.0 (Windows NT 10.0; Win64; x64) AppleWebKit/537.36 (KHTML, like Gecko) Chrome/53.0.2785.143 Safari/537.36"
122.58.44.116 - - [22/Oct/2016:13:13:38 +0000] "GET /js/freelancer.min.js HTTP/1.1" 304 - "http://alexanderamante.com/" "Mozilla/5.0 (Windows NT 10.0; Win64; x64) AppleWebKit/537.36 (KHTML, like Gecko) Chrome/53.0.2785.143 Safari/537.36"
122.58.44.116 - - [22/Oct/2016:13:13:38 +0000] "GET /js/jqBootstrapValidation.js HTTP/1.1" 304 - "http://alexanderamante.com/" "Mozilla/5.0 (Windows NT 10.0; Win64; x64) AppleWebKit/537.36 (KHTML, like Gecko) Chrome/53.0.2785.143 Safari/537.36"
122.58.44.116 - - [22/Oct/2016:13:13:38 +0000] "GET /img/portfolio/cabin.png HTTP/1.1" 304 - "http://alexanderamante.com/" "Mozilla/5.0 (Windows NT 10.0; Win64; x64) AppleWebKit/537.36 (KHTML, like Gecko) Chrome/53.0.2785.143 Safari/537.36"
122.58.44.116 - - [22/Oct/2016:13:13:38 +0000] "GET /img/profile.png HTTP/1.1" 304 - "http://alexanderamante.com/" "Mozilla/5.0 (Windows NT 10.0; Win64; x64) AppleWebKit/537.36 (KHTML, like Gecko) Chrome/53.0.2785.143 Safari/537.36"
122.58.44.116 - - [22/Oct/2016:13:13:38 +0000] "GET /vendor/font-awesome/fonts/fontawesome-webfont.woff2?v=4.6.3 HTTP/1.1" 304 - "http://alexanderamante.com/vendor/font-awesome/css/font-awesome.min.css" "Mozilla/5.0 (Windows NT 10.0; Win64; x64) AppleWebKit/537.36 (KHTML, like Gecko) Chrome/53.0.2785.143 Safari/537.36"
122.58.44.116 - - [22/Oct/2016:13:13:38 +0000] "GET /img/portfolio/cake.png HTTP/1.1" 304 - "http://alexanderamante.com/" "Mozilla/5.0 (Windows NT 10.0; Win64; x64) AppleWebKit/537.36 (KHTML, like Gecko) Chrome/53.0.2785.143 Safari/537.36"
122.58.44.116 - - [22/Oct/2016:13:13:38 +0000] "GET /img/portfolio/circus.png HTTP/1.1" 304 - "http://alexanderamante.com/" "Mozilla/5.0 (Windows NT 10.0; Win64; x64) AppleWebKit/537.36 (KHTML, like Gecko) Chrome/53.0.2785.143 Safari/537.36"
122.58.44.116 - - [22/Oct/2016:13:13:38 +0000] "GET /img/portfolio/game.png HTTP/1.1" 304 - "http://alexanderamante.com/" "Mozilla/5.0 (Windows NT 10.0; Win64; x64) AppleWebKit/537.36 (KHTML, like Gecko) Chrome/53.0.2785.143 Safari/537.36"
122.58.44.116 - - [22/Oct/2016:13:13:38 +0000] "GET /img/portfolio/safe.png HTTP/1.1" 304 - "http://alexanderamante.com/" "Mozilla/5.0 (Windows NT 10.0; Win64; x64) AppleWebKit/537.36 (KHTML, like Gecko) Chrome/53.0.2785.143 Safari/537.36"
122.58.44.116 - - [22/Oct/2016:13:13:38 +0000] "GET /img/portfolio/submarine.png HTTP/1.1" 304 - "http://alexanderamante.com/" "Mozilla/5.0 (Windows NT 10.0; Win64; x64) AppleWebKit/537.36 (KHTML, like Gecko) Chrome/53.0.2785.143 Safari/537.36"
::1 - - [22/Oct/2016:13:13:46 +0000] "OPTIONS * HTTP/1.0" 200 - "-" "Apache/2.4.6 (CentOS) (internal dummy connection)"
122.58.44.116 - - [22/Oct/2016:13:13:46 +0000] "GET / HTTP/1.1" 503 299 "-" "Mozilla/5.0 (Windows NT 10.0; Win64; x64) AppleWebKit/537.36 (KHTML, like Gecko) Chrome/53.0.2785.143 Safari/537.36"
95.213.177.124 - - [22/Oct/2016:14:12:45 +0000] "CONNECT check.proxyradar.com:80 HTTP/1.1" 400 226 "-" "-"
89.248.172.90 - - [22/Oct/2016:19:36:15 +0000] "GET http://httpheader.net/ HTTP/1.1" 503 299 "-" "Mozilla/5.0 (Windows; U; Windows NT 6.1; en-US; rv:1.9.2.28) Gecko/20120306 Firefox/3.6.28 (.NET CLR 3.5.30729)"
89.248.172.90 - - [22/Oct/2016:19:36:36 +0000] "-" 408 - "-" "-"
89.248.172.90 - - [22/Oct/2016:19:36:57 +0000] "-" 408 - "-" "-"
201.22.7.11 - - [22/Oct/2016:19:59:51 +0000] "GET /manager/html HTTP/1.1" 503 299 "-" "Mozilla/5.0 (Windows NT 5.1; rv:5.0) Gecko/20100101 Firefox/5.0"
69.58.178.59 - - [22/Oct/2016:21:37:38 +0000] "GET /robots.txt HTTP/1.1" 503 299 "-" "Mozilla/5.0 (X11; Ubuntu; Linux i686; rv:14.0; ips-agent) Gecko/20100101 Firefox/14.0.1"
69.58.178.59 - - [22/Oct/2016:21:37:40 +0000] "GET / HTTP/1.1" 503 299 "-" "Mozilla/5.0 (X11; Ubuntu; Linux i686; rv:14.0; ips-agent) Gecko/20100101 Firefox/14.0.1"
46.172.91.20 - - [22/Oct/2016:21:50:16 +0000] "GET / HTTP/1.1" 503 299 "-" "-"
::1 - - [23/Oct/2016:03:42:01 +0000] "OPTIONS * HTTP/1.0" 200 - "-" "Apache/2.4.6 (CentOS) (internal dummy connection)"
::1 - - [23/Oct/2016:03:42:01 +0000] "OPTIONS * HTTP/1.0" 200 - "-" "Apache/2.4.6 (CentOS) (internal dummy connection)"
::1 - - [23/Oct/2016:03:42:01 +0000] "OPTIONS * HTTP/1.0" 200 - "-" "Apache/2.4.6 (CentOS) (internal dummy connection)"
::1 - - [23/Oct/2016:03:42:01 +0000] "OPTIONS * HTTP/1.0" 200 - "-" "Apache/2.4.6 (CentOS) (internal dummy connection)"
::1 - - [23/Oct/2016:03:42:01 +0000] "OPTIONS * HTTP/1.0" 200 - "-" "Apache/2.4.6 (CentOS) (internal dummy connection)"
::1 - - [23/Oct/2016:03:42:01 +0000] "OPTIONS * HTTP/1.0" 200 - "-" "Apache/2.4.6 (CentOS) (internal dummy connection)"
::1 - - [23/Oct/2016:03:42:01 +0000] "OPTIONS * HTTP/1.0" 200 - "-" "Apache/2.4.6 (CentOS) (internal dummy connection)"
::1 - - [23/Oct/2016:03:42:01 +0000] "OPTIONS * HTTP/1.0" 200 - "-" "Apache/2.4.6 (CentOS) (internal dummy connection)"
::1 - - [23/Oct/2016:03:42:01 +0000] "OPTIONS * HTTP/1.0" 200 - "-" "Apache/2.4.6 (CentOS) (internal dummy connection)"
::1 - - [23/Oct/2016:03:42:01 +0000] "OPTIONS * HTTP/1.0" 200 - "-" "Apache/2.4.6 (CentOS) (internal dummy connection)"
::1 - - [23/Oct/2016:03:42:01 +0000] "OPTIONS * HTTP/1.0" 200 - "-" "Apache/2.4.6 (CentOS) (internal dummy connection)"
::1 - - [23/Oct/2016:03:42:01 +0000] "OPTIONS * HTTP/1.0" 200 - "-" "Apache/2.4.6 (CentOS) (internal dummy connection)"
::1 - - [23/Oct/2016:03:42:01 +0000] "OPTIONS * HTTP/1.0" 200 - "-" "Apache/2.4.6 (CentOS) (internal dummy connection)"
::1 - - [23/Oct/2016:03:42:01 +0000] "OPTIONS * HTTP/1.0" 200 - "-" "Apache/2.4.6 (CentOS) (internal dummy connection)"
::1 - - [23/Oct/2016:03:42:01 +0000] "OPTIONS * HTTP/1.0" 200 - "-" "Apache/2.4.6 (CentOS) (internal dummy connection)"
::1 - - [23/Oct/2016:03:42:01 +0000] "OPTIONS * HTTP/1.0" 200 - "-" "Apache/2.4.6 (CentOS) (internal dummy connection)"
::1 - - [23/Oct/2016:03:42:01 +0000] "OPTIONS * HTTP/1.0" 200 - "-" "Apache/2.4.6 (CentOS) (internal dummy connection)"
::1 - - [23/Oct/2016:03:42:01 +0000] "OPTIONS * HTTP/1.0" 200 - "-" "Apache/2.4.6 (CentOS) (internal dummy connection)"
::1 - - [23/Oct/2016:03:42:01 +0000] "OPTIONS * HTTP/1.0" 200 - "-" "Apache/2.4.6 (CentOS) (internal dummy connection)"
::1 - - [23/Oct/2016:03:42:01 +0000] "OPTIONS * HTTP/1.0" 200 - "-" "Apache/2.4.6 (CentOS) (internal dummy connection)"
::1 - - [23/Oct/2016:03:42:01 +0000] "OPTIONS * HTTP/1.0" 200 - "-" "Apache/2.4.6 (CentOS) (internal dummy connection)"
::1 - - [23/Oct/2016:03:42:01 +0000] "OPTIONS * HTTP/1.0" 200 - "-" "Apache/2.4.6 (CentOS) (internal dummy connection)"
::1 - - [23/Oct/2016:03:42:01 +0000] "OPTIONS * HTTP/1.0" 200 - "-" "Apache/2.4.6 (CentOS) (internal dummy connection)"
::1 - - [23/Oct/2016:03:42:01 +0000] "OPTIONS * HTTP/1.0" 200 - "-" "Apache/2.4.6 (CentOS) (internal dummy connection)"
::1 - - [23/Oct/2016:03:42:01 +0000] "OPTIONS * HTTP/1.0" 200 - "-" "Apache/2.4.6 (CentOS) (internal dummy connection)"
123.151.42.61 - - [23/Oct/2016:06:01:19 +0000] "GET http://www.baidu.com/ HTTP/1.1" 503 299 "-" "-"
139.162.13.205 - - [23/Oct/2016:07:03:21 +0000] "GET / HTTP/1.1" 503 299 "-" "Mozilla/5.0 (Windows NT 10.0; WOW64) AppleWebKit/537.36 (KHTML, like Gecko) Chrome/45.0.2454.101 Safari/537.36"
193.201.225.6 - - [23/Oct/2016:07:41:55 +0000] "GET / HTTP/1.0" 503 299 "-" "Mozilla/4.0 (compatible; Synapse)"
121.42.0.57 - - [23/Oct/2016:07:48:01 +0000] "GET / HTTP/1.1" 503 299 "-" "Mozilla/5.0 (iPhone; CPU iPhone OS 6_1_3 like Mac OS X) AppleWebKit/536.26 (KHTML, like Gecko) Version/6.0 Mobile/WK10171 Safari/8536.25"
121.42.0.65 - - [23/Oct/2016:07:48:01 +0000] "GET / HTTP/1.1" 503 299 "-" "Mozilla/5.0 (iPhone; CPU iPhone OS 6_1_3 like Mac OS X) AppleWebKit/536.26 (KHTML, like Gecko) Version/6.0 Mobile/WK10171 Safari/8536.25"
121.42.0.56 - - [23/Oct/2016:07:48:01 +0000] "GET / HTTP/1.1" 503 299 "-" "Mozilla/4.0 (compatible; MSIE 8.0; Trident/4.0; Windows NT 6.1; SLCC2 2.5.5231; .NET CLR 2.0.50727; .NET CLR 4.1.23457; .NET CLR 4.0.23457; Media Center PC 6.0; MS-WK 8)"
198.20.69.98 - - [23/Oct/2016:09:51:02 +0000] "GET / HTTP/1.1" 503 299 "-" "Mozilla/5.0 (Windows NT 6.1) AppleWebKit/537.36 (KHTML, like Gecko) Chrome/41.0.2228.0 Safari/537.36"
198.20.69.98 - - [23/Oct/2016:09:51:03 +0000] "GET /robots.txt HTTP/1.1" 503 299 "-" "-"
198.20.69.98 - - [23/Oct/2016:09:51:03 +0000] "GET /sitemap.xml HTTP/1.1" 503 299 "-" "-"
201.173.199.21 - - [23/Oct/2016:12:54:09 +0000] "GET /cgi/common.cgi HTTP/1.0" 503 299 "-" "Wget(linux)"
201.173.199.21 - - [23/Oct/2016:12:54:09 +0000] "GET /stssys.htm HTTP/1.0" 503 299 "-" "Wget(linux)"
201.173.199.21 - - [23/Oct/2016:12:54:10 +0000] "GET / HTTP/1.0" 503 299 "-" "Wget(linux)"
201.173.199.21 - - [23/Oct/2016:12:54:10 +0000] "POST /command.php HTTP/1.0" 503 299 "-" "Wget(linux)"
201.173.199.21 - - [23/Oct/2016:12:54:11 +0000] "GET /language/Swedish${IFS}&&echo${IFS}610cker>qt&&tar${IFS}/string.js HTTP/1.0" 503 299 "-" "Wget(linux)"
141.212.122.160 - - [23/Oct/2016:14:47:51 +0000] "GET /x HTTP/1.1" 400 226 "-" "Telesphoreo"
38.100.21.113 - - [23/Oct/2016:15:45:23 +0000] "GET / HTTP/1.1" 503 299 "-" "Mozilla/4.0 (compatible; MSIE 7.0; Windows NT 5.1)"
38.100.21.113 - - [23/Oct/2016:15:45:24 +0000] "GET / HTTP/1.1" 503 299 "-" "Mozilla/4.0 (compatible; MSIE 7.0; Windows NT 5.1)"
109.169.29.30 - - [23/Oct/2016:16:32:13 +0000] "GET /robots.txt HTTP/1.1" 503 299 "-" "Mozilla/5.0 (compatible; aiHitBot/2.9; +https://www.aihitdata.com/about)"
109.169.29.30 - - [23/Oct/2016:16:32:24 +0000] "GET /robots.txt HTTP/1.1" 503 299 "-" "Mozilla/5.0 (compatible; aiHitBot/2.9; +https://www.aihitdata.com/about)"
109.169.29.30 - - [23/Oct/2016:16:32:45 +0000] "GET /robots.txt HTTP/1.1" 503 299 "-" "Mozilla/5.0 (compatible; aiHitBot/2.9; +https://www.aihitdata.com/about)"
109.169.29.30 - - [23/Oct/2016:16:33:15 +0000] "GET /robots.txt HTTP/1.1" 503 299 "-" "Mozilla/5.0 (compatible; aiHitBot/2.9; +https://www.aihitdata.com/about)"
78.129.250.17 - - [23/Oct/2016:16:33:27 +0000] "HEAD /robots.txt HTTP/1.1" 503 - "-" "Mozilla/5.0 (compatible; aiHitBot/2.9; +https://www.aihitdata.com/about)"
82.145.46.102 - - [23/Oct/2016:16:33:39 +0000] "HEAD /robots.txt HTTP/1.1" 503 - "-" "Mozilla/5.0 (compatible; aiHitBot/2.9; +https://www.aihitdata.com/about)"
109.169.29.30 - - [23/Oct/2016:16:33:41 +0000] "GET /robots.txt HTTP/1.1" 503 299 "-" "Mozilla/5.0 (compatible; aiHitBot/2.9; +https://www.aihitdata.com/about)"
109.169.29.30 - - [23/Oct/2016:16:33:51 +0000] "GET /robots.txt HTTP/1.1" 503 299 "-" "Mozilla/5.0 (compatible; aiHitBot/2.9; +https://www.aihitdata.com/about)"
109.169.29.30 - - [23/Oct/2016:16:34:12 +0000] "GET /robots.txt HTTP/1.1" 503 299 "-" "Mozilla/5.0 (compatible; aiHitBot/2.9; +https://www.aihitdata.com/about)"
109.169.29.30 - - [23/Oct/2016:16:34:43 +0000] "GET /robots.txt HTTP/1.1" 503 299 "-" "Mozilla/5.0 (compatible; aiHitBot/2.9; +https://www.aihitdata.com/about)"
78.129.250.17 - - [23/Oct/2016:16:34:54 +0000] "HEAD /robots.txt HTTP/1.1" 503 - "-" "Mozilla/5.0 (compatible; aiHitBot/2.9; +https://www.aihitdata.com/about)"
82.145.46.102 - - [23/Oct/2016:16:35:06 +0000] "HEAD /robots.txt HTTP/1.1" 503 - "-" "Mozilla/5.0 (compatible; aiHitBot/2.9; +https://www.aihitdata.com/about)"
118.193.184.216 - - [23/Oct/2016:16:35:57 +0000] "GET / HTTP/1.1" 503 299 "-" "Mozilla/4.0 (compatible; MSIE 6.0; Windows NT 5.0)"
27.151.73.137 - - [23/Oct/2016:17:33:30 +0000] "GET / HTTP/1.1" 503 299 "-" "Mozilla/5.0 (Windows NT 6.1; WOW64) AppleWebKit/537.1 (KHTML, like Gecko) Chrome/21.0.1180.89 Safari/537.1"
37.115.199.39 - - [23/Oct/2016:18:01:42 +0000] "GET /admin.php HTTP/1.0" 503 299 "-" "Opera/9.80 (Windows NT 6.1; U; ru) Presto/2.8.131 Version/11.10"
37.115.199.39 - - [23/Oct/2016:18:01:43 +0000] "GET /administrator/index.php HTTP/1.0" 503 299 "-" "Opera/9.80 (Windows NT 6.1; U; ru) Presto/2.8.131 Version/11.10"
37.115.199.39 - - [23/Oct/2016:18:01:44 +0000] "GET /wp-login.php HTTP/1.0" 503 299 "-" "Opera/9.80 (Windows NT 6.1; U; ru) Presto/2.8.131 Version/11.10"
80.255.3.105 - - [23/Oct/2016:22:41:04 +0000] "GET / HTTP/1.0" 503 299 "-" "-"
37.115.199.39 - - [23/Oct/2016:22:56:58 +0000] "GET /admin.php HTTP/1.0" 503 299 "-" "Opera/9.80 (Windows NT 6.1; U; ru) Presto/2.8.131 Version/11.10"
37.115.199.39 - - [23/Oct/2016:22:56:59 +0000] "GET /administrator/index.php HTTP/1.0" 503 299 "-" "Opera/9.80 (Windows NT 6.1; U; ru) Presto/2.8.131 Version/11.10"
37.115.199.39 - - [23/Oct/2016:22:57:00 +0000] "GET /wp-login.php HTTP/1.0" 503 299 "-" "Opera/9.80 (Windows NT 6.1; U; ru) Presto/2.8.131 Version/11.10"
183.129.160.229 - - [23/Oct/2016:23:26:12 +0000] "test" 503 299 "-" "-"
183.129.160.229 - - [23/Oct/2016:23:26:12 +0000] "GET / HTTP/1.1" 503 299 "-" "Mozilla/5.0 (Macintosh; Intel Mac OS X 10.11; rv:47.0) Gecko/20100101 Firefox/47.0"
45.56.116.155 - - [24/Oct/2016:00:14:08 +0000] "GET / HTTP/1.1" 503 299 "-" "Mozilla/5.0 (Windows; U; Windows NT 5.1; rv:1.7.3) Gecko/20041001 Firefox/0.10.1"
122.58.44.116 - - [24/Oct/2016:01:18:31 +0000] "GET / HTTP/1.1" 503 299 "-" "Mozilla/5.0 (Windows NT 10.0; Win64; x64) AppleWebKit/537.36 (KHTML, like Gecko) Chrome/53.0.2785.143 Safari/537.36"
122.58.44.116 - - [24/Oct/2016:01:18:31 +0000] "GET /favicon.ico HTTP/1.1" 503 299 "http://alexanderamante.com/" "Mozilla/5.0 (Windows NT 10.0; Win64; x64) AppleWebKit/537.36 (KHTML, like Gecko) Chrome/53.0.2785.143 Safari/537.36"
103.239.30.128 - - [24/Oct/2016:02:36:46 +0000] "GET /phpmyadmin HTTP/1.1" 503 299 "http://139.59.249.72/phpmyadmin" "Mozilla/4.0 (compatible; MSIE 9.0; Windows NT 6.1)"
122.58.44.116 - - [24/Oct/2016:04:10:32 +0000] "GET / HTTP/1.1" 200 27631 "-" "Mozilla/5.0 (Windows NT 10.0; Win64; x64) AppleWebKit/537.36 (KHTML, like Gecko) Chrome/53.0.2785.143 Safari/537.36"
122.58.44.116 - - [24/Oct/2016:04:10:33 +0000] "GET /vendor/bootstrap/css/bootstrap.min.css HTTP/1.1" 304 - "http://alexanderamante.com/" "Mozilla/5.0 (Windows NT 10.0; Win64; x64) AppleWebKit/537.36 (KHTML, like Gecko) Chrome/53.0.2785.143 Safari/537.36"
122.58.44.116 - - [24/Oct/2016:04:10:33 +0000] "GET /css/freelancer.min.css HTTP/1.1" 304 - "http://alexanderamante.com/" "Mozilla/5.0 (Windows NT 10.0; Win64; x64) AppleWebKit/537.36 (KHTML, like Gecko) Chrome/53.0.2785.143 Safari/537.36"
122.58.44.116 - - [24/Oct/2016:04:10:33 +0000] "GET /vendor/font-awesome/css/font-awesome.min.css HTTP/1.1" 304 - "http://alexanderamante.com/" "Mozilla/5.0 (Windows NT 10.0; Win64; x64) AppleWebKit/537.36 (KHTML, like Gecko) Chrome/53.0.2785.143 Safari/537.36"
122.58.44.116 - - [24/Oct/2016:04:10:33 +0000] "GET /vendor/jquery/jquery.min.js HTTP/1.1" 304 - "http://alexanderamante.com/" "Mozilla/5.0 (Windows NT 10.0; Win64; x64) AppleWebKit/537.36 (KHTML, like Gecko) Chrome/53.0.2785.143 Safari/537.36"
122.58.44.116 - - [24/Oct/2016:04:10:33 +0000] "GET /vendor/bootstrap/js/bootstrap.min.js HTTP/1.1" 304 - "http://alexanderamante.com/" "Mozilla/5.0 (Windows NT 10.0; Win64; x64) AppleWebKit/537.36 (KHTML, like Gecko) Chrome/53.0.2785.143 Safari/537.36"
122.58.44.116 - - [24/Oct/2016:04:10:33 +0000] "GET /js/jqBootstrapValidation.js HTTP/1.1" 304 - "http://alexanderamante.com/" "Mozilla/5.0 (Windows NT 10.0; Win64; x64) AppleWebKit/537.36 (KHTML, like Gecko) Chrome/53.0.2785.143 Safari/537.36"
122.58.44.116 - - [24/Oct/2016:04:10:33 +0000] "GET /js/freelancer.min.js HTTP/1.1" 304 - "http://alexanderamante.com/" "Mozilla/5.0 (Windows NT 10.0; Win64; x64) AppleWebKit/537.36 (KHTML, like Gecko) Chrome/53.0.2785.143 Safari/537.36"
122.58.44.116 - - [24/Oct/2016:04:10:33 +0000] "GET /img/profile.png HTTP/1.1" 304 - "http://alexanderamante.com/" "Mozilla/5.0 (Windows NT 10.0; Win64; x64) AppleWebKit/537.36 (KHTML, like Gecko) Chrome/53.0.2785.143 Safari/537.36"
122.58.44.116 - - [24/Oct/2016:04:10:33 +0000] "GET /vendor/font-awesome/fonts/fontawesome-webfont.woff2?v=4.6.3 HTTP/1.1" 304 - "http://alexanderamante.com/vendor/font-awesome/css/font-awesome.min.css" "Mozilla/5.0 (Windows NT 10.0; Win64; x64) AppleWebKit/537.36 (KHTML, like Gecko) Chrome/53.0.2785.143 Safari/537.36"
122.58.44.116 - - [24/Oct/2016:04:10:33 +0000] "GET /js/contact_me.js HTTP/1.1" 304 - "http://alexanderamante.com/" "Mozilla/5.0 (Windows NT 10.0; Win64; x64) AppleWebKit/537.36 (KHTML, like Gecko) Chrome/53.0.2785.143 Safari/537.36"
122.58.44.116 - - [24/Oct/2016:04:10:33 +0000] "GET /img/portfolio/cabin.png HTTP/1.1" 304 - "http://alexanderamante.com/" "Mozilla/5.0 (Windows NT 10.0; Win64; x64) AppleWebKit/537.36 (KHTML, like Gecko) Chrome/53.0.2785.143 Safari/537.36"
122.58.44.116 - - [24/Oct/2016:04:10:33 +0000] "GET /img/portfolio/circus.png HTTP/1.1" 304 - "http://alexanderamante.com/" "Mozilla/5.0 (Windows NT 10.0; Win64; x64) AppleWebKit/537.36 (KHTML, like Gecko) Chrome/53.0.2785.143 Safari/537.36"
122.58.44.116 - - [24/Oct/2016:04:10:33 +0000] "GET /img/portfolio/cake.png HTTP/1.1" 304 - "http://alexanderamante.com/" "Mozilla/5.0 (Windows NT 10.0; Win64; x64) AppleWebKit/537.36 (KHTML, like Gecko) Chrome/53.0.2785.143 Safari/537.36"
122.58.44.116 - - [24/Oct/2016:04:10:33 +0000] "GET /img/portfolio/game.png HTTP/1.1" 304 - "http://alexanderamante.com/" "Mozilla/5.0 (Windows NT 10.0; Win64; x64) AppleWebKit/537.36 (KHTML, like Gecko) Chrome/53.0.2785.143 Safari/537.36"
122.58.44.116 - - [24/Oct/2016:04:10:33 +0000] "GET /img/portfolio/safe.png HTTP/1.1" 304 - "http://alexanderamante.com/" "Mozilla/5.0 (Windows NT 10.0; Win64; x64) AppleWebKit/537.36 (KHTML, like Gecko) Chrome/53.0.2785.143 Safari/537.36"
122.58.44.116 - - [24/Oct/2016:04:10:33 +0000] "GET /img/portfolio/submarine.png HTTP/1.1" 304 - "http://alexanderamante.com/" "Mozilla/5.0 (Windows NT 10.0; Win64; x64) AppleWebKit/537.36 (KHTML, like Gecko) Chrome/53.0.2785.143 Safari/537.36"
122.58.44.116 - - [24/Oct/2016:04:10:34 +0000] "GET /favicon-32x32.png HTTP/1.1" 200 1462 "http://alexanderamante.com/" "Mozilla/5.0 (Windows NT 10.0; Win64; x64) AppleWebKit/537.36 (KHTML, like Gecko) Chrome/53.0.2785.143 Safari/537.36"
122.58.44.116 - - [24/Oct/2016:04:10:39 +0000] "GET / HTTP/1.1" 503 299 "-" "Mozilla/5.0 (Windows NT 10.0; Win64; x64) AppleWebKit/537.36 (KHTML, like Gecko) Chrome/53.0.2785.143 Safari/537.36"
122.58.44.116 - - [24/Oct/2016:04:10:39 +0000] "GET /favicon.ico HTTP/1.1" 503 299 "http://alexanderamante.com/" "Mozilla/5.0 (Windows NT 10.0; Win64; x64) AppleWebKit/537.36 (KHTML, like Gecko) Chrome/53.0.2785.143 Safari/537.36"
::1 - - [24/Oct/2016:04:10:40 +0000] "OPTIONS * HTTP/1.0" 200 - "-" "Apache/2.4.6 (CentOS) (internal dummy connection)"
122.58.44.116 - - [24/Oct/2016:04:10:43 +0000] "GET / HTTP/1.1" 503 299 "-" "Mozilla/5.0 (Windows NT 10.0; Win64; x64) AppleWebKit/537.36 (KHTML, like Gecko) Chrome/53.0.2785.143 Safari/537.36"
122.58.44.116 - - [24/Oct/2016:04:10:43 +0000] "GET /favicon.ico HTTP/1.1" 503 299 "http://alexanderamante.com/" "Mozilla/5.0 (Windows NT 10.0; Win64; x64) AppleWebKit/537.36 (KHTML, like Gecko) Chrome/53.0.2785.143 Safari/537.36"
122.58.44.116 - - [24/Oct/2016:04:13:54 +0000] "GET / HTTP/1.1" 200 27631 "-" "Mozilla/5.0 (Windows NT 10.0; Win64; x64) AppleWebKit/537.36 (KHTML, like Gecko) Chrome/53.0.2785.143 Safari/537.36"
122.58.44.116 - - [24/Oct/2016:04:13:54 +0000] "GET /vendor/bootstrap/css/bootstrap.min.css HTTP/1.1" 304 - "http://alexanderamante.com/" "Mozilla/5.0 (Windows NT 10.0; Win64; x64) AppleWebKit/537.36 (KHTML, like Gecko) Chrome/53.0.2785.143 Safari/537.36"
122.58.44.116 - - [24/Oct/2016:04:13:54 +0000] "GET /css/freelancer.min.css HTTP/1.1" 304 - "http://alexanderamante.com/" "Mozilla/5.0 (Windows NT 10.0; Win64; x64) AppleWebKit/537.36 (KHTML, like Gecko) Chrome/53.0.2785.143 Safari/537.36"
122.58.44.116 - - [24/Oct/2016:04:13:54 +0000] "GET /vendor/font-awesome/css/font-awesome.min.css HTTP/1.1" 304 - "http://alexanderamante.com/" "Mozilla/5.0 (Windows NT 10.0; Win64; x64) AppleWebKit/537.36 (KHTML, like Gecko) Chrome/53.0.2785.143 Safari/537.36"
122.58.44.116 - - [24/Oct/2016:04:13:54 +0000] "GET /img/portfolio/cabin.png HTTP/1.1" 304 - "http://alexanderamante.com/" "Mozilla/5.0 (Windows NT 10.0; Win64; x64) AppleWebKit/537.36 (KHTML, like Gecko) Chrome/53.0.2785.143 Safari/537.36"
122.58.44.116 - - [24/Oct/2016:04:13:54 +0000] "GET /img/profile.png HTTP/1.1" 304 - "http://alexanderamante.com/" "Mozilla/5.0 (Windows NT 10.0; Win64; x64) AppleWebKit/537.36 (KHTML, like Gecko) Chrome/53.0.2785.143 Safari/537.36"
122.58.44.116 - - [24/Oct/2016:04:13:54 +0000] "GET /img/portfolio/cake.png HTTP/1.1" 304 - "http://alexanderamante.com/" "Mozilla/5.0 (Windows NT 10.0; Win64; x64) AppleWebKit/537.36 (KHTML, like Gecko) Chrome/53.0.2785.143 Safari/537.36"
122.58.44.116 - - [24/Oct/2016:04:13:54 +0000] "GET /img/portfolio/circus.png HTTP/1.1" 304 - "http://alexanderamante.com/" "Mozilla/5.0 (Windows NT 10.0; Win64; x64) AppleWebKit/537.36 (KHTML, like Gecko) Chrome/53.0.2785.143 Safari/537.36"
122.58.44.116 - - [24/Oct/2016:04:13:54 +0000] "GET /vendor/font-awesome/fonts/fontawesome-webfont.woff2?v=4.6.3 HTTP/1.1" 304 - "http://alexanderamante.com/vendor/font-awesome/css/font-awesome.min.css" "Mozilla/5.0 (Windows NT 10.0; Win64; x64) AppleWebKit/537.36 (KHTML, like Gecko) Chrome/53.0.2785.143 Safari/537.36"
122.58.44.116 - - [24/Oct/2016:04:13:54 +0000] "GET /vendor/jquery/jquery.min.js HTTP/1.1" 304 - "http://alexanderamante.com/" "Mozilla/5.0 (Windows NT 10.0; Win64; x64) AppleWebKit/537.36 (KHTML, like Gecko) Chrome/53.0.2785.143 Safari/537.36"
122.58.44.116 - - [24/Oct/2016:04:13:54 +0000] "GET /img/portfolio/game.png HTTP/1.1" 304 - "http://alexanderamante.com/" "Mozilla/5.0 (Windows NT 10.0; Win64; x64) AppleWebKit/537.36 (KHTML, like Gecko) Chrome/53.0.2785.143 Safari/537.36"
122.58.44.116 - - [24/Oct/2016:04:13:54 +0000] "GET /vendor/bootstrap/js/bootstrap.min.js HTTP/1.1" 304 - "http://alexanderamante.com/" "Mozilla/5.0 (Windows NT 10.0; Win64; x64) AppleWebKit/537.36 (KHTML, like Gecko) Chrome/53.0.2785.143 Safari/537.36"
122.58.44.116 - - [24/Oct/2016:04:13:54 +0000] "GET /js/jqBootstrapValidation.js HTTP/1.1" 304 - "http://alexanderamante.com/" "Mozilla/5.0 (Windows NT 10.0; Win64; x64) AppleWebKit/537.36 (KHTML, like Gecko) Chrome/53.0.2785.143 Safari/537.36"
122.58.44.116 - - [24/Oct/2016:04:13:54 +0000] "GET /js/contact_me.js HTTP/1.1" 304 - "http://alexanderamante.com/" "Mozilla/5.0 (Windows NT 10.0; Win64; x64) AppleWebKit/537.36 (KHTML, like Gecko) Chrome/53.0.2785.143 Safari/537.36"
122.58.44.116 - - [24/Oct/2016:04:13:54 +0000] "GET /js/freelancer.min.js HTTP/1.1" 304 - "http://alexanderamante.com/" "Mozilla/5.0 (Windows NT 10.0; Win64; x64) AppleWebKit/537.36 (KHTML, like Gecko) Chrome/53.0.2785.143 Safari/537.36"
122.58.44.116 - - [24/Oct/2016:04:13:54 +0000] "GET /img/portfolio/safe.png HTTP/1.1" 304 - "http://alexanderamante.com/" "Mozilla/5.0 (Windows NT 10.0; Win64; x64) AppleWebKit/537.36 (KHTML, like Gecko) Chrome/53.0.2785.143 Safari/537.36"
122.58.44.116 - - [24/Oct/2016:04:13:54 +0000] "GET /img/portfolio/submarine.png HTTP/1.1" 304 - "http://alexanderamante.com/" "Mozilla/5.0 (Windows NT 10.0; Win64; x64) AppleWebKit/537.36 (KHTML, like Gecko) Chrome/53.0.2785.143 Safari/537.36"
122.58.44.116 - - [24/Oct/2016:04:13:55 +0000] "GET /favicon-32x32.png HTTP/1.1" 200 1462 "http://alexanderamante.com/" "Mozilla/5.0 (Windows NT 10.0; Win64; x64) AppleWebKit/537.36 (KHTML, like Gecko) Chrome/53.0.2785.143 Safari/537.36"
