43.245.240.159 - - [19/Oct/2016:01:21:57 +0000] "GET / HTTP/1.1" 200 27131 "-" "Mozilla/5.0 (Windows NT 10.0; Win64; x64) AppleWebKit/537.36 (KHTML, like Gecko) Chrome/53.0.2785.143 Safari/537.36"
43.245.240.159 - - [19/Oct/2016:01:21:57 +0000] "GET /css/freelancer.min.css HTTP/1.1" 200 8672 "http://alexanderamante.com/" "Mozilla/5.0 (Windows NT 10.0; Win64; x64) AppleWebKit/537.36 (KHTML, like Gecko) Chrome/53.0.2785.143 Safari/537.36"
43.245.240.159 - - [19/Oct/2016:01:21:57 +0000] "GET /vendor/font-awesome/css/font-awesome.min.css HTTP/1.1" 200 29063 "http://alexanderamante.com/" "Mozilla/5.0 (Windows NT 10.0; Win64; x64) AppleWebKit/537.36 (KHTML, like Gecko) Chrome/53.0.2785.143 Safari/537.36"
43.245.240.159 - - [19/Oct/2016:01:21:58 +0000] "GET /img/portfolio/cabin.png HTTP/1.1" 200 36514 "http://alexanderamante.com/" "Mozilla/5.0 (Windows NT 10.0; Win64; x64) AppleWebKit/537.36 (KHTML, like Gecko) Chrome/53.0.2785.143 Safari/537.36"
43.245.240.159 - - [19/Oct/2016:01:21:57 +0000] "GET /vendor/bootstrap/css/bootstrap.min.css HTTP/1.1" 200 121200 "http://alexanderamante.com/" "Mozilla/5.0 (Windows NT 10.0; Win64; x64) AppleWebKit/537.36 (KHTML, like Gecko) Chrome/53.0.2785.143 Safari/537.36"
43.245.240.159 - - [19/Oct/2016:01:21:58 +0000] "GET /img/portfolio/cake.png HTTP/1.1" 200 17068 "http://alexanderamante.com/" "Mozilla/5.0 (Windows NT 10.0; Win64; x64) AppleWebKit/537.36 (KHTML, like Gecko) Chrome/53.0.2785.143 Safari/537.36"
43.245.240.159 - - [19/Oct/2016:01:21:58 +0000] "GET /img/portfolio/circus.png HTTP/1.1" 200 27984 "http://alexanderamante.com/" "Mozilla/5.0 (Windows NT 10.0; Win64; x64) AppleWebKit/537.36 (KHTML, like Gecko) Chrome/53.0.2785.143 Safari/537.36"
43.245.240.159 - - [19/Oct/2016:01:21:58 +0000] "GET /vendor/bootstrap/js/bootstrap.min.js HTTP/1.1" 200 37045 "http://alexanderamante.com/" "Mozilla/5.0 (Windows NT 10.0; Win64; x64) AppleWebKit/537.36 (KHTML, like Gecko) Chrome/53.0.2785.143 Safari/537.36"
43.245.240.159 - - [19/Oct/2016:01:21:58 +0000] "GET /js/jqBootstrapValidation.js HTTP/1.1" 200 36180 "http://alexanderamante.com/" "Mozilla/5.0 (Windows NT 10.0; Win64; x64) AppleWebKit/537.36 (KHTML, like Gecko) Chrome/53.0.2785.143 Safari/537.36"
43.245.240.159 - - [19/Oct/2016:01:21:59 +0000] "GET /js/contact_me.js HTTP/1.1" 200 3056 "http://alexanderamante.com/" "Mozilla/5.0 (Windows NT 10.0; Win64; x64) AppleWebKit/537.36 (KHTML, like Gecko) Chrome/53.0.2785.143 Safari/537.36"
43.245.240.159 - - [19/Oct/2016:01:21:58 +0000] "GET /vendor/jquery/jquery.min.js HTTP/1.1" 200 97163 "http://alexanderamante.com/" "Mozilla/5.0 (Windows NT 10.0; Win64; x64) AppleWebKit/537.36 (KHTML, like Gecko) Chrome/53.0.2785.143 Safari/537.36"
43.245.240.159 - - [19/Oct/2016:01:21:59 +0000] "GET /js/freelancer.min.js HTTP/1.1" 200 1038 "http://alexanderamante.com/" "Mozilla/5.0 (Windows NT 10.0; Win64; x64) AppleWebKit/537.36 (KHTML, like Gecko) Chrome/53.0.2785.143 Safari/537.36"
43.245.240.159 - - [19/Oct/2016:01:21:59 +0000] "GET /img/portfolio/game.png HTTP/1.1" 200 25896 "http://alexanderamante.com/" "Mozilla/5.0 (Windows NT 10.0; Win64; x64) AppleWebKit/537.36 (KHTML, like Gecko) Chrome/53.0.2785.143 Safari/537.36"
43.245.240.159 - - [19/Oct/2016:01:21:59 +0000] "GET /img/portfolio/safe.png HTTP/1.1" 200 19240 "http://alexanderamante.com/" "Mozilla/5.0 (Windows NT 10.0; Win64; x64) AppleWebKit/537.36 (KHTML, like Gecko) Chrome/53.0.2785.143 Safari/537.36"
43.245.240.159 - - [19/Oct/2016:01:21:59 +0000] "GET /img/portfolio/submarine.png HTTP/1.1" 200 24330 "http://alexanderamante.com/" "Mozilla/5.0 (Windows NT 10.0; Win64; x64) AppleWebKit/537.36 (KHTML, like Gecko) Chrome/53.0.2785.143 Safari/537.36"
43.245.240.159 - - [19/Oct/2016:01:21:59 +0000] "GET /vendor/font-awesome/fonts/fontawesome-webfont.woff2?v=4.6.3 HTTP/1.1" 200 71896 "http://alexanderamante.com/vendor/font-awesome/css/font-awesome.min.css" "Mozilla/5.0 (Windows NT 10.0; Win64; x64) AppleWebKit/537.36 (KHTML, like Gecko) Chrome/53.0.2785.143 Safari/537.36"
43.245.240.159 - - [19/Oct/2016:01:21:57 +0000] "GET /img/profile.png HTTP/1.1" 200 438630 "http://alexanderamante.com/" "Mozilla/5.0 (Windows NT 10.0; Win64; x64) AppleWebKit/537.36 (KHTML, like Gecko) Chrome/53.0.2785.143 Safari/537.36"
43.245.240.159 - - [19/Oct/2016:01:22:02 +0000] "GET /favicon.ico HTTP/1.1" 404 209 "http://alexanderamante.com/" "Mozilla/5.0 (Windows NT 10.0; Win64; x64) AppleWebKit/537.36 (KHTML, like Gecko) Chrome/53.0.2785.143 Safari/537.36"
::1 - - [19/Oct/2016:01:22:07 +0000] "OPTIONS * HTTP/1.0" 200 - "-" "Apache/2.4.6 (CentOS) (internal dummy connection)"
::1 - - [19/Oct/2016:01:22:09 +0000] "OPTIONS * HTTP/1.0" 200 - "-" "Apache/2.4.6 (CentOS) (internal dummy connection)"
167.114.228.206 - - [19/Oct/2016:01:26:36 +0000] "GET / HTTP/1.0" 200 27131 "-" "Mozilla/5.0 (Windows NT 10.0; Win64; x64; rv:48.0) Gecko/20100101 Firefox/48.0"
43.245.240.159 - - [19/Oct/2016:01:28:08 +0000] "POST /mail/contact_me.php HTTP/1.1" 200 1218 "http://alexanderamante.com/" "Mozilla/5.0 (Windows NT 10.0; Win64; x64) AppleWebKit/537.36 (KHTML, like Gecko) Chrome/53.0.2785.143 Safari/537.36"
43.245.240.159 - - [19/Oct/2016:01:44:53 +0000] "GET / HTTP/1.1" 304 - "-" "Mozilla/5.0 (Windows NT 10.0; Win64; x64) AppleWebKit/537.36 (KHTML, like Gecko) Chrome/53.0.2785.143 Safari/537.36"
43.245.240.159 - - [19/Oct/2016:01:44:53 +0000] "GET /css/freelancer.min.css HTTP/1.1" 304 - "http://alexanderamante.com/" "Mozilla/5.0 (Windows NT 10.0; Win64; x64) AppleWebKit/537.36 (KHTML, like Gecko) Chrome/53.0.2785.143 Safari/537.36"
43.245.240.159 - - [19/Oct/2016:01:44:53 +0000] "GET /vendor/jquery/jquery.min.js HTTP/1.1" 304 - "http://alexanderamante.com/" "Mozilla/5.0 (Windows NT 10.0; Win64; x64) AppleWebKit/537.36 (KHTML, like Gecko) Chrome/53.0.2785.143 Safari/537.36"
43.245.240.159 - - [19/Oct/2016:01:44:53 +0000] "GET /vendor/bootstrap/css/bootstrap.min.css HTTP/1.1" 304 - "http://alexanderamante.com/" "Mozilla/5.0 (Windows NT 10.0; Win64; x64) AppleWebKit/537.36 (KHTML, like Gecko) Chrome/53.0.2785.143 Safari/537.36"
43.245.240.159 - - [19/Oct/2016:01:44:53 +0000] "GET /vendor/font-awesome/css/font-awesome.min.css HTTP/1.1" 304 - "http://alexanderamante.com/" "Mozilla/5.0 (Windows NT 10.0; Win64; x64) AppleWebKit/537.36 (KHTML, like Gecko) Chrome/53.0.2785.143 Safari/537.36"
43.245.240.159 - - [19/Oct/2016:01:44:54 +0000] "GET /img/portfolio/cabin.png HTTP/1.1" 304 - "http://alexanderamante.com/" "Mozilla/5.0 (Windows NT 10.0; Win64; x64) AppleWebKit/537.36 (KHTML, like Gecko) Chrome/53.0.2785.143 Safari/537.36"
43.245.240.159 - - [19/Oct/2016:01:44:54 +0000] "GET /img/profile.png HTTP/1.1" 304 - "http://alexanderamante.com/" "Mozilla/5.0 (Windows NT 10.0; Win64; x64) AppleWebKit/537.36 (KHTML, like Gecko) Chrome/53.0.2785.143 Safari/537.36"
43.245.240.159 - - [19/Oct/2016:01:44:54 +0000] "GET /js/contact_me.js HTTP/1.1" 304 - "http://alexanderamante.com/" "Mozilla/5.0 (Windows NT 10.0; Win64; x64) AppleWebKit/537.36 (KHTML, like Gecko) Chrome/53.0.2785.143 Safari/537.36"
43.245.240.159 - - [19/Oct/2016:01:44:54 +0000] "GET /js/jqBootstrapValidation.js HTTP/1.1" 304 - "http://alexanderamante.com/" "Mozilla/5.0 (Windows NT 10.0; Win64; x64) AppleWebKit/537.36 (KHTML, like Gecko) Chrome/53.0.2785.143 Safari/537.36"
43.245.240.159 - - [19/Oct/2016:01:44:54 +0000] "GET /js/freelancer.min.js HTTP/1.1" 304 - "http://alexanderamante.com/" "Mozilla/5.0 (Windows NT 10.0; Win64; x64) AppleWebKit/537.36 (KHTML, like Gecko) Chrome/53.0.2785.143 Safari/537.36"
43.245.240.159 - - [19/Oct/2016:01:44:54 +0000] "GET /vendor/bootstrap/js/bootstrap.min.js HTTP/1.1" 304 - "http://alexanderamante.com/" "Mozilla/5.0 (Windows NT 10.0; Win64; x64) AppleWebKit/537.36 (KHTML, like Gecko) Chrome/53.0.2785.143 Safari/537.36"
43.245.240.159 - - [19/Oct/2016:01:44:54 +0000] "GET /vendor/font-awesome/fonts/fontawesome-webfont.woff2?v=4.6.3 HTTP/1.1" 304 - "http://alexanderamante.com/vendor/font-awesome/css/font-awesome.min.css" "Mozilla/5.0 (Windows NT 10.0; Win64; x64) AppleWebKit/537.36 (KHTML, like Gecko) Chrome/53.0.2785.143 Safari/537.36"
43.245.240.159 - - [19/Oct/2016:01:44:54 +0000] "GET /img/portfolio/circus.png HTTP/1.1" 304 - "http://alexanderamante.com/" "Mozilla/5.0 (Windows NT 10.0; Win64; x64) AppleWebKit/537.36 (KHTML, like Gecko) Chrome/53.0.2785.143 Safari/537.36"
43.245.240.159 - - [19/Oct/2016:01:44:54 +0000] "GET /img/portfolio/cake.png HTTP/1.1" 304 - "http://alexanderamante.com/" "Mozilla/5.0 (Windows NT 10.0; Win64; x64) AppleWebKit/537.36 (KHTML, like Gecko) Chrome/53.0.2785.143 Safari/537.36"
43.245.240.159 - - [19/Oct/2016:01:44:54 +0000] "GET /img/portfolio/game.png HTTP/1.1" 304 - "http://alexanderamante.com/" "Mozilla/5.0 (Windows NT 10.0; Win64; x64) AppleWebKit/537.36 (KHTML, like Gecko) Chrome/53.0.2785.143 Safari/537.36"
43.245.240.159 - - [19/Oct/2016:01:44:54 +0000] "GET /img/portfolio/safe.png HTTP/1.1" 304 - "http://alexanderamante.com/" "Mozilla/5.0 (Windows NT 10.0; Win64; x64) AppleWebKit/537.36 (KHTML, like Gecko) Chrome/53.0.2785.143 Safari/537.36"
43.245.240.159 - - [19/Oct/2016:01:44:54 +0000] "GET /img/portfolio/submarine.png HTTP/1.1" 304 - "http://alexanderamante.com/" "Mozilla/5.0 (Windows NT 10.0; Win64; x64) AppleWebKit/537.36 (KHTML, like Gecko) Chrome/53.0.2785.143 Safari/537.36"
::1 - - [19/Oct/2016:01:45:01 +0000] "OPTIONS * HTTP/1.0" 200 - "-" "Apache/2.4.6 (CentOS) (internal dummy connection)"
43.245.240.159 - - [19/Oct/2016:02:18:28 +0000] "GET / HTTP/1.1" 200 27169 "-" "Mozilla/5.0 (Windows NT 10.0; Win64; x64) AppleWebKit/537.36 (KHTML, like Gecko) Chrome/53.0.2785.143 Safari/537.36"
43.245.240.159 - - [19/Oct/2016:02:18:28 +0000] "GET /vendor/bootstrap/css/bootstrap.min.css HTTP/1.1" 304 - "http://alexanderamante.com/" "Mozilla/5.0 (Windows NT 10.0; Win64; x64) AppleWebKit/537.36 (KHTML, like Gecko) Chrome/53.0.2785.143 Safari/537.36"
43.245.240.159 - - [19/Oct/2016:02:18:28 +0000] "GET /css/freelancer.min.css HTTP/1.1" 304 - "http://alexanderamante.com/" "Mozilla/5.0 (Windows NT 10.0; Win64; x64) AppleWebKit/537.36 (KHTML, like Gecko) Chrome/53.0.2785.143 Safari/537.36"
43.245.240.159 - - [19/Oct/2016:02:18:28 +0000] "GET /vendor/font-awesome/css/font-awesome.min.css HTTP/1.1" 304 - "http://alexanderamante.com/" "Mozilla/5.0 (Windows NT 10.0; Win64; x64) AppleWebKit/537.36 (KHTML, like Gecko) Chrome/53.0.2785.143 Safari/537.36"
43.245.240.159 - - [19/Oct/2016:02:18:28 +0000] "GET /vendor/jquery/jquery.min.js HTTP/1.1" 304 - "http://alexanderamante.com/" "Mozilla/5.0 (Windows NT 10.0; Win64; x64) AppleWebKit/537.36 (KHTML, like Gecko) Chrome/53.0.2785.143 Safari/537.36"
43.245.240.159 - - [19/Oct/2016:02:18:28 +0000] "GET /js/jqBootstrapValidation.js HTTP/1.1" 304 - "http://alexanderamante.com/" "Mozilla/5.0 (Windows NT 10.0; Win64; x64) AppleWebKit/537.36 (KHTML, like Gecko) Chrome/53.0.2785.143 Safari/537.36"
43.245.240.159 - - [19/Oct/2016:02:18:28 +0000] "GET /img/profile.png HTTP/1.1" 304 - "http://alexanderamante.com/" "Mozilla/5.0 (Windows NT 10.0; Win64; x64) AppleWebKit/537.36 (KHTML, like Gecko) Chrome/53.0.2785.143 Safari/537.36"
43.245.240.159 - - [19/Oct/2016:02:18:28 +0000] "GET /js/freelancer.min.js HTTP/1.1" 304 - "http://alexanderamante.com/" "Mozilla/5.0 (Windows NT 10.0; Win64; x64) AppleWebKit/537.36 (KHTML, like Gecko) Chrome/53.0.2785.143 Safari/537.36"
43.245.240.159 - - [19/Oct/2016:02:18:28 +0000] "GET /js/contact_me.js HTTP/1.1" 304 - "http://alexanderamante.com/" "Mozilla/5.0 (Windows NT 10.0; Win64; x64) AppleWebKit/537.36 (KHTML, like Gecko) Chrome/53.0.2785.143 Safari/537.36"
43.245.240.159 - - [19/Oct/2016:02:18:28 +0000] "GET /vendor/bootstrap/js/bootstrap.min.js HTTP/1.1" 304 - "http://alexanderamante.com/" "Mozilla/5.0 (Windows NT 10.0; Win64; x64) AppleWebKit/537.36 (KHTML, like Gecko) Chrome/53.0.2785.143 Safari/537.36"
43.245.240.159 - - [19/Oct/2016:02:18:29 +0000] "GET /vendor/font-awesome/fonts/fontawesome-webfont.woff2?v=4.6.3 HTTP/1.1" 304 - "http://alexanderamante.com/vendor/font-awesome/css/font-awesome.min.css" "Mozilla/5.0 (Windows NT 10.0; Win64; x64) AppleWebKit/537.36 (KHTML, like Gecko) Chrome/53.0.2785.143 Safari/537.36"
43.245.240.159 - - [19/Oct/2016:02:18:29 +0000] "GET /img/portfolio/cake.png HTTP/1.1" 304 - "http://alexanderamante.com/" "Mozilla/5.0 (Windows NT 10.0; Win64; x64) AppleWebKit/537.36 (KHTML, like Gecko) Chrome/53.0.2785.143 Safari/537.36"
43.245.240.159 - - [19/Oct/2016:02:18:29 +0000] "GET /img/portfolio/cabin.png HTTP/1.1" 304 - "http://alexanderamante.com/" "Mozilla/5.0 (Windows NT 10.0; Win64; x64) AppleWebKit/537.36 (KHTML, like Gecko) Chrome/53.0.2785.143 Safari/537.36"
43.245.240.159 - - [19/Oct/2016:02:18:29 +0000] "GET /img/portfolio/safe.png HTTP/1.1" 304 - "http://alexanderamante.com/" "Mozilla/5.0 (Windows NT 10.0; Win64; x64) AppleWebKit/537.36 (KHTML, like Gecko) Chrome/53.0.2785.143 Safari/537.36"
43.245.240.159 - - [19/Oct/2016:02:18:29 +0000] "GET /img/portfolio/game.png HTTP/1.1" 304 - "http://alexanderamante.com/" "Mozilla/5.0 (Windows NT 10.0; Win64; x64) AppleWebKit/537.36 (KHTML, like Gecko) Chrome/53.0.2785.143 Safari/537.36"
43.245.240.159 - - [19/Oct/2016:02:18:29 +0000] "GET /img/portfolio/circus.png HTTP/1.1" 304 - "http://alexanderamante.com/" "Mozilla/5.0 (Windows NT 10.0; Win64; x64) AppleWebKit/537.36 (KHTML, like Gecko) Chrome/53.0.2785.143 Safari/537.36"
43.245.240.159 - - [19/Oct/2016:02:18:29 +0000] "GET /img/portfolio/submarine.png HTTP/1.1" 304 - "http://alexanderamante.com/" "Mozilla/5.0 (Windows NT 10.0; Win64; x64) AppleWebKit/537.36 (KHTML, like Gecko) Chrome/53.0.2785.143 Safari/537.36"
::1 - - [19/Oct/2016:02:18:36 +0000] "OPTIONS * HTTP/1.0" 200 - "-" "Apache/2.4.6 (CentOS) (internal dummy connection)"
95.211.97.198 - - [19/Oct/2016:04:40:46 +0000] "GET / HTTP/1.0" 200 27169 "-" "masscan/1.0 (https://github.com/robertdavidgraham/masscan)"
104.238.248.15 - - [19/Oct/2016:05:48:33 +0000] "GET / HTTP/1.1" 200 27169 "-" "Mozilla/4.0 (compatible; MSIE 8.0; Windows NT 6.0)"
104.238.248.15 - - [19/Oct/2016:05:48:33 +0000] "GET / HTTP/1.1" 200 27169 "-" "Mozilla/4.0 (compatible; MSIE 8.0; Windows NT 6.0)"
170.0.236.103 - - [19/Oct/2016:05:54:11 +0000] "PROPFIND /webdav/ HTTP/1.1" 405 233 "-" "WEBDAV Client"
122.58.44.116 - - [19/Oct/2016:06:45:20 +0000] "GET / HTTP/1.1" 304 - "-" "Mozilla/5.0 (Windows NT 10.0; Win64; x64) AppleWebKit/537.36 (KHTML, like Gecko) Chrome/53.0.2785.143 Safari/537.36"
122.58.44.116 - - [19/Oct/2016:06:45:27 +0000] "GET /favicon.ico HTTP/1.1" 404 209 "http://alexanderamante.com/" "Mozilla/5.0 (Windows NT 10.0; Win64; x64) AppleWebKit/537.36 (KHTML, like Gecko) Chrome/53.0.2785.143 Safari/537.36"
212.129.54.164 - - [19/Oct/2016:07:41:55 +0000] "PROPFIND /webdav/ HTTP/1.1" 405 233 "-" "WEBDAV Client"
121.42.0.54 - - [19/Oct/2016:09:06:37 +0000] "GET / HTTP/1.1" 200 27169 "-" "Mozilla/4.0 (compatible; MSIE 8.0; Trident/4.0; Windows NT 6.1; SLCC2 2.5.5231; .NET CLR 2.0.50727; .NET CLR 4.1.23457; .NET CLR 4.0.23457; Media Center PC 6.0; MS-WK 8)"
121.42.0.67 - - [19/Oct/2016:09:06:37 +0000] "GET / HTTP/1.1" 200 27169 "-" "Mozilla/5.0 (iPhone; CPU iPhone OS 6_1_3 like Mac OS X) AppleWebKit/536.26 (KHTML, like Gecko) Version/6.0 Mobile/WK10171 Safari/8536.25"
121.42.0.60 - - [19/Oct/2016:09:06:38 +0000] "GET / HTTP/1.1" 200 27169 "-" "Mozilla/5.0 (iPhone; CPU iPhone OS 6_1_3 like Mac OS X) AppleWebKit/536.26 (KHTML, like Gecko) Version/6.0 Mobile/WK10171 Safari/8536.25"
121.42.0.54 - - [19/Oct/2016:09:06:38 +0000] "GET /css/freelancer.min.css HTTP/1.1" 200 8672 "http://www.alexanderamante.com/" "Mozilla/4.0 (compatible; MSIE 8.0; Trident/4.0; Windows NT 6.1; SLCC2 2.5.5231; .NET CLR 2.0.50727; .NET CLR 4.1.23457; .NET CLR 4.0.23457; Media Center PC 6.0; MS-WK 8)"
121.42.0.54 - - [19/Oct/2016:09:06:38 +0000] "GET /vendor/font-awesome/css/font-awesome.min.css HTTP/1.1" 200 29063 "http://www.alexanderamante.com/" "Mozilla/4.0 (compatible; MSIE 8.0; Trident/4.0; Windows NT 6.1; SLCC2 2.5.5231; .NET CLR 2.0.50727; .NET CLR 4.1.23457; .NET CLR 4.0.23457; Media Center PC 6.0; MS-WK 8)"
121.42.0.67 - - [19/Oct/2016:09:06:38 +0000] "GET /css/freelancer.min.css HTTP/1.1" 200 8672 "http://wap.alexanderamante.com/" "Mozilla/5.0 (iPhone; CPU iPhone OS 6_1_3 like Mac OS X) AppleWebKit/536.26 (KHTML, like Gecko) Version/6.0 Mobile/WK10171 Safari/8536.25"
121.42.0.67 - - [19/Oct/2016:09:06:38 +0000] "GET /vendor/font-awesome/css/font-awesome.min.css HTTP/1.1" 200 29063 "http://wap.alexanderamante.com/" "Mozilla/5.0 (iPhone; CPU iPhone OS 6_1_3 like Mac OS X) AppleWebKit/536.26 (KHTML, like Gecko) Version/6.0 Mobile/WK10171 Safari/8536.25"
121.42.0.67 - - [19/Oct/2016:09:06:38 +0000] "GET /img/portfolio/cabin.png HTTP/1.1" 200 36514 "http://wap.alexanderamante.com/" "Mozilla/5.0 (iPhone; CPU iPhone OS 6_1_3 like Mac OS X) AppleWebKit/536.26 (KHTML, like Gecko) Version/6.0 Mobile/WK10171 Safari/8536.25"
121.42.0.67 - - [19/Oct/2016:09:06:38 +0000] "GET /img/portfolio/cake.png HTTP/1.1" 200 17068 "http://wap.alexanderamante.com/" "Mozilla/5.0 (iPhone; CPU iPhone OS 6_1_3 like Mac OS X) AppleWebKit/536.26 (KHTML, like Gecko) Version/6.0 Mobile/WK10171 Safari/8536.25"
121.42.0.67 - - [19/Oct/2016:09:06:38 +0000] "GET /vendor/bootstrap/css/bootstrap.min.css HTTP/1.1" 200 121200 "http://wap.alexanderamante.com/" "Mozilla/5.0 (iPhone; CPU iPhone OS 6_1_3 like Mac OS X) AppleWebKit/536.26 (KHTML, like Gecko) Version/6.0 Mobile/WK10171 Safari/8536.25"
121.42.0.67 - - [19/Oct/2016:09:06:39 +0000] "GET /img/portfolio/circus.png HTTP/1.1" 200 27984 "http://wap.alexanderamante.com/" "Mozilla/5.0 (iPhone; CPU iPhone OS 6_1_3 like Mac OS X) AppleWebKit/536.26 (KHTML, like Gecko) Version/6.0 Mobile/WK10171 Safari/8536.25"
121.42.0.60 - - [19/Oct/2016:09:06:39 +0000] "GET /vendor/font-awesome/css/font-awesome.min.css HTTP/1.1" 200 29063 "http://alexanderamante.com/" "Mozilla/5.0 (iPhone; CPU iPhone OS 6_1_3 like Mac OS X) AppleWebKit/536.26 (KHTML, like Gecko) Version/6.0 Mobile/WK10171 Safari/8536.25"
121.42.0.60 - - [19/Oct/2016:09:06:39 +0000] "GET /css/freelancer.min.css HTTP/1.1" 200 8672 "http://alexanderamante.com/" "Mozilla/5.0 (iPhone; CPU iPhone OS 6_1_3 like Mac OS X) AppleWebKit/536.26 (KHTML, like Gecko) Version/6.0 Mobile/WK10171 Safari/8536.25"
121.42.0.67 - - [19/Oct/2016:09:06:39 +0000] "GET /img/portfolio/game.png HTTP/1.1" 200 25896 "http://wap.alexanderamante.com/" "Mozilla/5.0 (iPhone; CPU iPhone OS 6_1_3 like Mac OS X) AppleWebKit/536.26 (KHTML, like Gecko) Version/6.0 Mobile/WK10171 Safari/8536.25"
121.42.0.67 - - [19/Oct/2016:09:06:39 +0000] "GET /img/portfolio/safe.png HTTP/1.1" 200 19240 "http://wap.alexanderamante.com/" "Mozilla/5.0 (iPhone; CPU iPhone OS 6_1_3 like Mac OS X) AppleWebKit/536.26 (KHTML, like Gecko) Version/6.0 Mobile/WK10171 Safari/8536.25"
121.42.0.67 - - [19/Oct/2016:09:06:39 +0000] "GET /img/portfolio/submarine.png HTTP/1.1" 200 24330 "http://wap.alexanderamante.com/" "Mozilla/5.0 (iPhone; CPU iPhone OS 6_1_3 like Mac OS X) AppleWebKit/536.26 (KHTML, like Gecko) Version/6.0 Mobile/WK10171 Safari/8536.25"
121.42.0.60 - - [19/Oct/2016:09:06:39 +0000] "GET /vendor/bootstrap/css/bootstrap.min.css HTTP/1.1" 200 121200 "http://alexanderamante.com/" "Mozilla/5.0 (iPhone; CPU iPhone OS 6_1_3 like Mac OS X) AppleWebKit/536.26 (KHTML, like Gecko) Version/6.0 Mobile/WK10171 Safari/8536.25"
121.42.0.67 - - [19/Oct/2016:09:06:38 +0000] "GET /img/profile.png HTTP/1.1" 200 438630 "http://wap.alexanderamante.com/" "Mozilla/5.0 (iPhone; CPU iPhone OS 6_1_3 like Mac OS X) AppleWebKit/536.26 (KHTML, like Gecko) Version/6.0 Mobile/WK10171 Safari/8536.25"
121.42.0.60 - - [19/Oct/2016:09:06:40 +0000] "GET /img/portfolio/circus.png HTTP/1.1" 200 27984 "http://alexanderamante.com/" "Mozilla/5.0 (iPhone; CPU iPhone OS 6_1_3 like Mac OS X) AppleWebKit/536.26 (KHTML, like Gecko) Version/6.0 Mobile/WK10171 Safari/8536.25"
121.42.0.67 - - [19/Oct/2016:09:06:40 +0000] "GET /vendor/bootstrap/js/bootstrap.min.js HTTP/1.1" 200 37045 "http://wap.alexanderamante.com/" "Mozilla/5.0 (iPhone; CPU iPhone OS 6_1_3 like Mac OS X) AppleWebKit/536.26 (KHTML, like Gecko) Version/6.0 Mobile/WK10171 Safari/8536.25"
121.42.0.67 - - [19/Oct/2016:09:06:40 +0000] "GET /js/jqBootstrapValidation.js HTTP/1.1" 200 36180 "http://wap.alexanderamante.com/" "Mozilla/5.0 (iPhone; CPU iPhone OS 6_1_3 like Mac OS X) AppleWebKit/536.26 (KHTML, like Gecko) Version/6.0 Mobile/WK10171 Safari/8536.25"
121.42.0.60 - - [19/Oct/2016:09:06:40 +0000] "GET /img/portfolio/cabin.png HTTP/1.1" 200 36514 "http://alexanderamante.com/" "Mozilla/5.0 (iPhone; CPU iPhone OS 6_1_3 like Mac OS X) AppleWebKit/536.26 (KHTML, like Gecko) Version/6.0 Mobile/WK10171 Safari/8536.25"
121.42.0.60 - - [19/Oct/2016:09:06:40 +0000] "GET /img/portfolio/cake.png HTTP/1.1" 200 17068 "http://alexanderamante.com/" "Mozilla/5.0 (iPhone; CPU iPhone OS 6_1_3 like Mac OS X) AppleWebKit/536.26 (KHTML, like Gecko) Version/6.0 Mobile/WK10171 Safari/8536.25"
121.42.0.67 - - [19/Oct/2016:09:06:39 +0000] "GET /vendor/jquery/jquery.min.js HTTP/1.1" 200 97163 "http://wap.alexanderamante.com/" "Mozilla/5.0 (iPhone; CPU iPhone OS 6_1_3 like Mac OS X) AppleWebKit/536.26 (KHTML, like Gecko) Version/6.0 Mobile/WK10171 Safari/8536.25"
121.42.0.54 - - [19/Oct/2016:09:06:40 +0000] "GET /img/portfolio/cake.png HTTP/1.1" 200 17068 "http://www.alexanderamante.com/" "Mozilla/4.0 (compatible; MSIE 8.0; Trident/4.0; Windows NT 6.1; SLCC2 2.5.5231; .NET CLR 2.0.50727; .NET CLR 4.1.23457; .NET CLR 4.0.23457; Media Center PC 6.0; MS-WK 8)"
121.42.0.54 - - [19/Oct/2016:09:06:40 +0000] "GET /img/portfolio/cabin.png HTTP/1.1" 200 36514 "http://www.alexanderamante.com/" "Mozilla/4.0 (compatible; MSIE 8.0; Trident/4.0; Windows NT 6.1; SLCC2 2.5.5231; .NET CLR 2.0.50727; .NET CLR 4.1.23457; .NET CLR 4.0.23457; Media Center PC 6.0; MS-WK 8)"
121.42.0.67 - - [19/Oct/2016:09:06:41 +0000] "GET /js/contact_me.js HTTP/1.1" 200 3056 "http://wap.alexanderamante.com/" "Mozilla/5.0 (iPhone; CPU iPhone OS 6_1_3 like Mac OS X) AppleWebKit/536.26 (KHTML, like Gecko) Version/6.0 Mobile/WK10171 Safari/8536.25"
121.42.0.60 - - [19/Oct/2016:09:06:41 +0000] "GET /img/portfolio/game.png HTTP/1.1" 200 25896 "http://alexanderamante.com/" "Mozilla/5.0 (iPhone; CPU iPhone OS 6_1_3 like Mac OS X) AppleWebKit/536.26 (KHTML, like Gecko) Version/6.0 Mobile/WK10171 Safari/8536.25"
121.42.0.67 - - [19/Oct/2016:09:06:41 +0000] "GET /js/freelancer.min.js HTTP/1.1" 200 1038 "http://wap.alexanderamante.com/" "Mozilla/5.0 (iPhone; CPU iPhone OS 6_1_3 like Mac OS X) AppleWebKit/536.26 (KHTML, like Gecko) Version/6.0 Mobile/WK10171 Safari/8536.25"
121.42.0.54 - - [19/Oct/2016:09:06:41 +0000] "GET /img/portfolio/circus.png HTTP/1.1" 200 27984 "http://www.alexanderamante.com/" "Mozilla/4.0 (compatible; MSIE 8.0; Trident/4.0; Windows NT 6.1; SLCC2 2.5.5231; .NET CLR 2.0.50727; .NET CLR 4.1.23457; .NET CLR 4.0.23457; Media Center PC 6.0; MS-WK 8)"
121.42.0.60 - - [19/Oct/2016:09:06:41 +0000] "GET /img/portfolio/safe.png HTTP/1.1" 200 19240 "http://alexanderamante.com/" "Mozilla/5.0 (iPhone; CPU iPhone OS 6_1_3 like Mac OS X) AppleWebKit/536.26 (KHTML, like Gecko) Version/6.0 Mobile/WK10171 Safari/8536.25"
121.42.0.60 - - [19/Oct/2016:09:06:41 +0000] "GET /img/portfolio/submarine.png HTTP/1.1" 200 24330 "http://alexanderamante.com/" "Mozilla/5.0 (iPhone; CPU iPhone OS 6_1_3 like Mac OS X) AppleWebKit/536.26 (KHTML, like Gecko) Version/6.0 Mobile/WK10171 Safari/8536.25"
121.42.0.54 - - [19/Oct/2016:09:06:42 +0000] "GET /img/portfolio/game.png HTTP/1.1" 200 25896 "http://www.alexanderamante.com/" "Mozilla/4.0 (compatible; MSIE 8.0; Trident/4.0; Windows NT 6.1; SLCC2 2.5.5231; .NET CLR 2.0.50727; .NET CLR 4.1.23457; .NET CLR 4.0.23457; Media Center PC 6.0; MS-WK 8)"
121.42.0.60 - - [19/Oct/2016:09:06:42 +0000] "GET /vendor/bootstrap/js/bootstrap.min.js HTTP/1.1" 200 37045 "http://alexanderamante.com/" "Mozilla/5.0 (iPhone; CPU iPhone OS 6_1_3 like Mac OS X) AppleWebKit/536.26 (KHTML, like Gecko) Version/6.0 Mobile/WK10171 Safari/8536.25"
121.42.0.67 - - [19/Oct/2016:09:06:41 +0000] "GET /vendor/font-awesome/fonts/fontawesome-webfont.woff?v=4.6.3 HTTP/1.1" 200 90412 "http://wap.alexanderamante.com/" "Mozilla/5.0 (iPhone; CPU iPhone OS 6_1_3 like Mac OS X) AppleWebKit/536.26 (KHTML, like Gecko) Version/6.0 Mobile/WK10171 Safari/8536.25"
121.42.0.60 - - [19/Oct/2016:09:06:42 +0000] "GET /js/jqBootstrapValidation.js HTTP/1.1" 200 36180 "http://alexanderamante.com/" "Mozilla/5.0 (iPhone; CPU iPhone OS 6_1_3 like Mac OS X) AppleWebKit/536.26 (KHTML, like Gecko) Version/6.0 Mobile/WK10171 Safari/8536.25"
121.42.0.60 - - [19/Oct/2016:09:06:42 +0000] "GET /vendor/jquery/jquery.min.js HTTP/1.1" 200 97163 "http://alexanderamante.com/" "Mozilla/5.0 (iPhone; CPU iPhone OS 6_1_3 like Mac OS X) AppleWebKit/536.26 (KHTML, like Gecko) Version/6.0 Mobile/WK10171 Safari/8536.25"
121.42.0.60 - - [19/Oct/2016:09:06:40 +0000] "GET /img/profile.png HTTP/1.1" 200 438630 "http://alexanderamante.com/" "Mozilla/5.0 (iPhone; CPU iPhone OS 6_1_3 like Mac OS X) AppleWebKit/536.26 (KHTML, like Gecko) Version/6.0 Mobile/WK10171 Safari/8536.25"
121.42.0.54 - - [19/Oct/2016:09:06:38 +0000] "GET /vendor/bootstrap/css/bootstrap.min.css HTTP/1.1" 200 121200 "http://www.alexanderamante.com/" "Mozilla/4.0 (compatible; MSIE 8.0; Trident/4.0; Windows NT 6.1; SLCC2 2.5.5231; .NET CLR 2.0.50727; .NET CLR 4.1.23457; .NET CLR 4.0.23457; Media Center PC 6.0; MS-WK 8)"
::1 - - [19/Oct/2016:09:06:44 +0000] "OPTIONS * HTTP/1.0" 200 - "-" "Apache/2.4.6 (CentOS) (internal dummy connection)"
121.42.0.67 - - [19/Oct/2016:09:06:44 +0000] "GET /vendor/font-awesome/fonts/fontawesome-webfont.ttf?v=4.6.3 HTTP/1.1" 200 152796 "http://wap.alexanderamante.com/" "Mozilla/5.0 (iPhone; CPU iPhone OS 6_1_3 like Mac OS X) AppleWebKit/536.26 (KHTML, like Gecko) Version/6.0 Mobile/WK10171 Safari/8536.25"
121.42.0.60 - - [19/Oct/2016:09:06:44 +0000] "GET /vendor/font-awesome/fonts/fontawesome-webfont.woff?v=4.6.3 HTTP/1.1" 200 90412 "http://alexanderamante.com/" "Mozilla/5.0 (iPhone; CPU iPhone OS 6_1_3 like Mac OS X) AppleWebKit/536.26 (KHTML, like Gecko) Version/6.0 Mobile/WK10171 Safari/8536.25"
121.42.0.54 - - [19/Oct/2016:09:06:44 +0000] "GET /img/portfolio/safe.png HTTP/1.1" 200 19240 "http://www.alexanderamante.com/" "Mozilla/4.0 (compatible; MSIE 8.0; Trident/4.0; Windows NT 6.1; SLCC2 2.5.5231; .NET CLR 2.0.50727; .NET CLR 4.1.23457; .NET CLR 4.0.23457; Media Center PC 6.0; MS-WK 8)"
::1 - - [19/Oct/2016:09:06:45 +0000] "OPTIONS * HTTP/1.0" 200 - "-" "Apache/2.4.6 (CentOS) (internal dummy connection)"
121.42.0.54 - - [19/Oct/2016:09:06:45 +0000] "GET /vendor/font-awesome/fonts/fontawesome-webfont.woff?v=4.6.3 HTTP/1.1" 200 90412 "http://www.alexanderamante.com/" "Mozilla/4.0 (compatible; MSIE 8.0; Trident/4.0; Windows NT 6.1; SLCC2 2.5.5231; .NET CLR 2.0.50727; .NET CLR 4.1.23457; .NET CLR 4.0.23457; Media Center PC 6.0; MS-WK 8)"
::1 - - [19/Oct/2016:09:06:46 +0000] "OPTIONS * HTTP/1.0" 200 - "-" "Apache/2.4.6 (CentOS) (internal dummy connection)"
121.42.0.54 - - [19/Oct/2016:09:06:40 +0000] "GET /img/profile.png HTTP/1.1" 200 438630 "http://www.alexanderamante.com/" "Mozilla/4.0 (compatible; MSIE 8.0; Trident/4.0; Windows NT 6.1; SLCC2 2.5.5231; .NET CLR 2.0.50727; .NET CLR 4.1.23457; .NET CLR 4.0.23457; Media Center PC 6.0; MS-WK 8)"
121.42.0.74 - - [19/Oct/2016:09:06:47 +0000] "GET /img/portfolio/cabin.png HTTP/1.1" 200 36514 "http://www.alexanderamante.com/img/portfolio/cabin.png" "Mozilla/5.0 (Macintosh; Intel Mac OS X 10.11; rv:41.0) Gecko/20100101 Firefox/41.0"
121.42.0.74 - - [19/Oct/2016:09:06:47 +0000] "GET /img/portfolio/cabin.png HTTP/1.1" 200 36514 "http://wap.alexanderamante.com/img/portfolio/cabin.png" "Mozilla/5.0 (Macintosh; Intel Mac OS X 10.11; rv:41.0) Gecko/20100101 Firefox/41.0"
121.42.0.74 - - [19/Oct/2016:09:06:47 +0000] "GET /img/portfolio/cake.png HTTP/1.1" 200 17068 "http://wap.alexanderamante.com/img/portfolio/cake.png" "Mozilla/5.0 (Macintosh; Intel Mac OS X 10.11; rv:41.0) Gecko/20100101 Firefox/41.0"
::1 - - [19/Oct/2016:09:06:47 +0000] "OPTIONS * HTTP/1.0" 200 - "-" "Apache/2.4.6 (CentOS) (internal dummy connection)"
121.42.0.74 - - [19/Oct/2016:09:06:48 +0000] "GET /img/portfolio/cake.png HTTP/1.1" 200 17068 "http://www.alexanderamante.com/img/portfolio/cake.png" "Mozilla/5.0 (Macintosh; Intel Mac OS X 10.11; rv:41.0) Gecko/20100101 Firefox/41.0"
121.42.0.74 - - [19/Oct/2016:09:06:48 +0000] "GET /img/portfolio/circus.png HTTP/1.1" 200 27984 "http://wap.alexanderamante.com/img/portfolio/circus.png" "Mozilla/5.0 (Macintosh; Intel Mac OS X 10.11; rv:41.0) Gecko/20100101 Firefox/41.0"
121.42.0.74 - - [19/Oct/2016:09:06:48 +0000] "GET /img/portfolio/cabin.png HTTP/1.1" 200 36514 "http://alexanderamante.com/img/portfolio/cabin.png" "Mozilla/5.0 (Macintosh; Intel Mac OS X 10.11; rv:41.0) Gecko/20100101 Firefox/41.0"
121.42.0.74 - - [19/Oct/2016:09:06:48 +0000] "GET /img/portfolio/cake.png HTTP/1.1" 200 17068 "http://alexanderamante.com/img/portfolio/cake.png" "Mozilla/5.0 (Macintosh; Intel Mac OS X 10.11; rv:41.0) Gecko/20100101 Firefox/41.0"
::1 - - [19/Oct/2016:09:06:48 +0000] "OPTIONS * HTTP/1.0" 200 - "-" "Apache/2.4.6 (CentOS) (internal dummy connection)"
121.42.0.74 - - [19/Oct/2016:09:06:48 +0000] "GET /img/portfolio/game.png HTTP/1.1" 200 25896 "http://www.alexanderamante.com/img/portfolio/game.png" "Mozilla/5.0 (Macintosh; Intel Mac OS X 10.11; rv:41.0) Gecko/20100101 Firefox/41.0"
121.42.0.74 - - [19/Oct/2016:09:06:49 +0000] "GET /img/portfolio/game.png HTTP/1.1" 200 25896 "http://wap.alexanderamante.com/img/portfolio/game.png" "Mozilla/5.0 (Macintosh; Intel Mac OS X 10.11; rv:41.0) Gecko/20100101 Firefox/41.0"
121.42.0.74 - - [19/Oct/2016:09:06:49 +0000] "GET /img/portfolio/circus.png HTTP/1.1" 200 27984 "http://alexanderamante.com/img/portfolio/circus.png" "Mozilla/5.0 (Macintosh; Intel Mac OS X 10.11; rv:41.0) Gecko/20100101 Firefox/41.0"
121.42.0.74 - - [19/Oct/2016:09:06:49 +0000] "GET /img/portfolio/safe.png HTTP/1.1" 200 19240 "http://wap.alexanderamante.com/img/portfolio/safe.png" "Mozilla/5.0 (Macintosh; Intel Mac OS X 10.11; rv:41.0) Gecko/20100101 Firefox/41.0"
121.42.0.74 - - [19/Oct/2016:09:06:50 +0000] "GET /img/portfolio/submarine.png HTTP/1.1" 200 24330 "http://wap.alexanderamante.com/img/portfolio/submarine.png" "Mozilla/5.0 (Macintosh; Intel Mac OS X 10.11; rv:41.0) Gecko/20100101 Firefox/41.0"
::1 - - [19/Oct/2016:09:06:50 +0000] "OPTIONS * HTTP/1.0" 200 - "-" "Apache/2.4.6 (CentOS) (internal dummy connection)"
121.42.0.74 - - [19/Oct/2016:09:06:51 +0000] "GET /img/portfolio/game.png HTTP/1.1" 200 25896 "http://alexanderamante.com/img/portfolio/game.png" "Mozilla/5.0 (Macintosh; Intel Mac OS X 10.11; rv:41.0) Gecko/20100101 Firefox/41.0"
121.42.0.74 - - [19/Oct/2016:09:06:51 +0000] "GET /img/portfolio/safe.png HTTP/1.1" 200 19240 "http://alexanderamante.com/img/portfolio/safe.png" "Mozilla/5.0 (Macintosh; Intel Mac OS X 10.11; rv:41.0) Gecko/20100101 Firefox/41.0"
121.42.0.74 - - [19/Oct/2016:09:06:52 +0000] "GET /img/portfolio/submarine.png HTTP/1.1" 200 24330 "http://alexanderamante.com/img/portfolio/submarine.png" "Mozilla/5.0 (Macintosh; Intel Mac OS X 10.11; rv:41.0) Gecko/20100101 Firefox/41.0"
::1 - - [19/Oct/2016:09:06:54 +0000] "OPTIONS * HTTP/1.0" 200 - "-" "Apache/2.4.6 (CentOS) (internal dummy connection)"
::1 - - [19/Oct/2016:09:06:55 +0000] "OPTIONS * HTTP/1.0" 200 - "-" "Apache/2.4.6 (CentOS) (internal dummy connection)"
121.42.0.74 - - [19/Oct/2016:09:06:48 +0000] "GET /img/profile.png HTTP/1.1" 200 438630 "http://alexanderamante.com/img/profile.png" "Mozilla/5.0 (Macintosh; Intel Mac OS X 10.11; rv:41.0) Gecko/20100101 Firefox/41.0"
::1 - - [19/Oct/2016:09:06:56 +0000] "OPTIONS * HTTP/1.0" 200 - "-" "Apache/2.4.6 (CentOS) (internal dummy connection)"
::1 - - [19/Oct/2016:09:06:57 +0000] "OPTIONS * HTTP/1.0" 200 - "-" "Apache/2.4.6 (CentOS) (internal dummy connection)"
121.42.0.74 - - [19/Oct/2016:09:06:47 +0000] "GET /img/profile.png HTTP/1.1" 200 438630 "http://www.alexanderamante.com/img/profile.png" "Mozilla/5.0 (Macintosh; Intel Mac OS X 10.11; rv:41.0) Gecko/20100101 Firefox/41.0"
::1 - - [19/Oct/2016:09:06:58 +0000] "OPTIONS * HTTP/1.0" 200 - "-" "Apache/2.4.6 (CentOS) (internal dummy connection)"
::1 - - [19/Oct/2016:09:06:59 +0000] "OPTIONS * HTTP/1.0" 200 - "-" "Apache/2.4.6 (CentOS) (internal dummy connection)"
121.42.0.74 - - [19/Oct/2016:09:06:47 +0000] "GET /img/profile.png HTTP/1.1" 200 438630 "http://wap.alexanderamante.com/img/profile.png" "Mozilla/5.0 (Macintosh; Intel Mac OS X 10.11; rv:41.0) Gecko/20100101 Firefox/41.0"
::1 - - [19/Oct/2016:09:07:03 +0000] "OPTIONS * HTTP/1.0" 200 - "-" "Apache/2.4.6 (CentOS) (internal dummy connection)"
::1 - - [19/Oct/2016:09:07:05 +0000] "OPTIONS * HTTP/1.0" 200 - "-" "Apache/2.4.6 (CentOS) (internal dummy connection)"
::1 - - [19/Oct/2016:09:07:07 +0000] "OPTIONS * HTTP/1.0" 200 - "-" "Apache/2.4.6 (CentOS) (internal dummy connection)"
108.171.132.165 - - [19/Oct/2016:09:35:21 +0000] "GET / HTTP/1.1" 200 27169 "-" "Jakarta Commons-HttpClient/3.0.1"
108.171.132.165 - - [19/Oct/2016:09:35:21 +0000] "GET /itassistant/ui/omaBaseFrame.htm HTTP/1.1" 404 229 "-" "Jakarta Commons-HttpClient/3.0.1"
108.171.132.165 - - [19/Oct/2016:09:35:22 +0000] "GET /xmldata?item=All HTTP/1.1" 404 205 "-" "Jakarta Commons-HttpClient/3.0.1"
199.30.228.154 - - [19/Oct/2016:09:36:08 +0000] "GET / HTTP/1.1" 200 27169 "-" "Mozilla/5.0 (Macintosh; U; Intel Mac OS X 10.5; en-US; rv:1.9.2.13) Gecko/20101203 Firefox/3.6.13 GTB7.1"
89.248.172.90 - - [19/Oct/2016:09:52:28 +0000] "GET http://httpheader.net/ HTTP/1.1" 200 27169 "-" "Mozilla/5.0 (Windows; U; Windows NT 6.1; en-US; rv:1.9.2.28) Gecko/20120306 Firefox/3.6.28 (.NET CLR 3.5.30729)"
89.248.172.90 - - [19/Oct/2016:09:52:49 +0000] "-" 408 - "-" "-"
89.248.172.90 - - [19/Oct/2016:09:53:10 +0000] "-" 408 - "-" "-"
182.69.195.218 - - [19/Oct/2016:11:13:16 +0000] "GET / HTTP/1.1" 200 27169 "-" "-"
182.69.195.218 - - [19/Oct/2016:11:13:17 +0000] "GET / HTTP/1.1" 200 27169 "-" "-"
37.115.199.39 - - [19/Oct/2016:15:22:59 +0000] "GET /admin.php HTTP/1.0" 404 207 "-" "Opera/9.80 (Windows NT 6.1; U; ru) Presto/2.8.131 Version/11.10"
37.115.199.39 - - [19/Oct/2016:15:23:00 +0000] "GET /administrator/index.php HTTP/1.0" 404 221 "-" "Opera/9.80 (Windows NT 6.1; U; ru) Presto/2.8.131 Version/11.10"
37.115.199.39 - - [19/Oct/2016:15:23:01 +0000] "GET /wp-login.php HTTP/1.0" 404 210 "-" "Opera/9.80 (Windows NT 6.1; U; ru) Presto/2.8.131 Version/11.10"
95.213.177.126 - - [19/Oct/2016:16:00:59 +0000] "CONNECT check.proxyradar.com:80 HTTP/1.1" 400 226 "-" "-"
180.97.106.162 - - [19/Oct/2016:18:47:52 +0000] "HEAD http://180.163.113.82/check_proxy HTTP/1.1" 404 - "-" "-"
95.213.177.124 - - [19/Oct/2016:20:23:43 +0000] "CONNECT check.proxyradar.com:80 HTTP/1.1" 400 226 "-" "-"
183.129.160.229 - - [19/Oct/2016:20:25:37 +0000] "GET / HTTP/1.1" 200 27169 "-" "Mozilla/5.0 (Macintosh; Intel Mac OS X 10.11; rv:47.0) Gecko/20100101 Firefox/47.0"
183.129.160.229 - - [19/Oct/2016:20:25:37 +0000] "test" 501 202 "-" "-"
198.186.192.44 - - [19/Oct/2016:20:46:13 +0000] "GET / HTTP/1.1" 200 27169 "-" "-"
95.213.177.126 - - [20/Oct/2016:00:49:21 +0000] "CONNECT check.proxyradar.com:80 HTTP/1.1" 400 226 "-" "-"
122.58.44.116 - - [20/Oct/2016:01:04:45 +0000] "GET / HTTP/1.1" 304 - "-" "Mozilla/5.0 (Windows NT 10.0; Win64; x64) AppleWebKit/537.36 (KHTML, like Gecko) Chrome/53.0.2785.143 Safari/537.36"
122.58.44.116 - - [20/Oct/2016:01:04:46 +0000] "GET /vendor/bootstrap/css/bootstrap.min.css HTTP/1.1" 304 - "http://alexanderamante.com/" "Mozilla/5.0 (Windows NT 10.0; Win64; x64) AppleWebKit/537.36 (KHTML, like Gecko) Chrome/53.0.2785.143 Safari/537.36"
122.58.44.116 - - [20/Oct/2016:01:04:46 +0000] "GET /vendor/font-awesome/css/font-awesome.min.css HTTP/1.1" 304 - "http://alexanderamante.com/" "Mozilla/5.0 (Windows NT 10.0; Win64; x64) AppleWebKit/537.36 (KHTML, like Gecko) Chrome/53.0.2785.143 Safari/537.36"
122.58.44.116 - - [20/Oct/2016:01:04:46 +0000] "GET /css/freelancer.min.css HTTP/1.1" 304 - "http://alexanderamante.com/" "Mozilla/5.0 (Windows NT 10.0; Win64; x64) AppleWebKit/537.36 (KHTML, like Gecko) Chrome/53.0.2785.143 Safari/537.36"
122.58.44.116 - - [20/Oct/2016:01:04:46 +0000] "GET /vendor/jquery/jquery.min.js HTTP/1.1" 304 - "http://alexanderamante.com/" "Mozilla/5.0 (Windows NT 10.0; Win64; x64) AppleWebKit/537.36 (KHTML, like Gecko) Chrome/53.0.2785.143 Safari/537.36"
122.58.44.116 - - [20/Oct/2016:01:04:46 +0000] "GET /vendor/bootstrap/js/bootstrap.min.js HTTP/1.1" 304 - "http://alexanderamante.com/" "Mozilla/5.0 (Windows NT 10.0; Win64; x64) AppleWebKit/537.36 (KHTML, like Gecko) Chrome/53.0.2785.143 Safari/537.36"
122.58.44.116 - - [20/Oct/2016:01:04:46 +0000] "GET /js/jqBootstrapValidation.js HTTP/1.1" 304 - "http://alexanderamante.com/" "Mozilla/5.0 (Windows NT 10.0; Win64; x64) AppleWebKit/537.36 (KHTML, like Gecko) Chrome/53.0.2785.143 Safari/537.36"
122.58.44.116 - - [20/Oct/2016:01:04:46 +0000] "GET /js/contact_me.js HTTP/1.1" 304 - "http://alexanderamante.com/" "Mozilla/5.0 (Windows NT 10.0; Win64; x64) AppleWebKit/537.36 (KHTML, like Gecko) Chrome/53.0.2785.143 Safari/537.36"
122.58.44.116 - - [20/Oct/2016:01:04:46 +0000] "GET /js/freelancer.min.js HTTP/1.1" 304 - "http://alexanderamante.com/" "Mozilla/5.0 (Windows NT 10.0; Win64; x64) AppleWebKit/537.36 (KHTML, like Gecko) Chrome/53.0.2785.143 Safari/537.36"
122.58.44.116 - - [20/Oct/2016:01:04:46 +0000] "GET /img/profile.png HTTP/1.1" 304 - "http://alexanderamante.com/" "Mozilla/5.0 (Windows NT 10.0; Win64; x64) AppleWebKit/537.36 (KHTML, like Gecko) Chrome/53.0.2785.143 Safari/537.36"
122.58.44.116 - - [20/Oct/2016:01:04:46 +0000] "GET /img/portfolio/cabin.png HTTP/1.1" 304 - "http://alexanderamante.com/" "Mozilla/5.0 (Windows NT 10.0; Win64; x64) AppleWebKit/537.36 (KHTML, like Gecko) Chrome/53.0.2785.143 Safari/537.36"
122.58.44.116 - - [20/Oct/2016:01:04:46 +0000] "GET /vendor/font-awesome/fonts/fontawesome-webfont.woff2?v=4.6.3 HTTP/1.1" 304 - "http://alexanderamante.com/vendor/font-awesome/css/font-awesome.min.css" "Mozilla/5.0 (Windows NT 10.0; Win64; x64) AppleWebKit/537.36 (KHTML, like Gecko) Chrome/53.0.2785.143 Safari/537.36"
122.58.44.116 - - [20/Oct/2016:01:04:46 +0000] "GET /img/portfolio/cake.png HTTP/1.1" 304 - "http://alexanderamante.com/" "Mozilla/5.0 (Windows NT 10.0; Win64; x64) AppleWebKit/537.36 (KHTML, like Gecko) Chrome/53.0.2785.143 Safari/537.36"
122.58.44.116 - - [20/Oct/2016:01:04:46 +0000] "GET /img/portfolio/circus.png HTTP/1.1" 304 - "http://alexanderamante.com/" "Mozilla/5.0 (Windows NT 10.0; Win64; x64) AppleWebKit/537.36 (KHTML, like Gecko) Chrome/53.0.2785.143 Safari/537.36"
122.58.44.116 - - [20/Oct/2016:01:04:46 +0000] "GET /img/portfolio/game.png HTTP/1.1" 304 - "http://alexanderamante.com/" "Mozilla/5.0 (Windows NT 10.0; Win64; x64) AppleWebKit/537.36 (KHTML, like Gecko) Chrome/53.0.2785.143 Safari/537.36"
122.58.44.116 - - [20/Oct/2016:01:04:46 +0000] "GET /img/portfolio/safe.png HTTP/1.1" 304 - "http://alexanderamante.com/" "Mozilla/5.0 (Windows NT 10.0; Win64; x64) AppleWebKit/537.36 (KHTML, like Gecko) Chrome/53.0.2785.143 Safari/537.36"
122.58.44.116 - - [20/Oct/2016:01:04:46 +0000] "GET /img/portfolio/submarine.png HTTP/1.1" 304 - "http://alexanderamante.com/" "Mozilla/5.0 (Windows NT 10.0; Win64; x64) AppleWebKit/537.36 (KHTML, like Gecko) Chrome/53.0.2785.143 Safari/537.36"
122.58.44.116 - - [20/Oct/2016:01:04:50 +0000] "GET /favicon.ico HTTP/1.1" 404 209 "http://alexanderamante.com/" "Mozilla/5.0 (Windows NT 10.0; Win64; x64) AppleWebKit/537.36 (KHTML, like Gecko) Chrome/53.0.2785.143 Safari/537.36"
::1 - - [20/Oct/2016:01:04:58 +0000] "OPTIONS * HTTP/1.0" 200 - "-" "Apache/2.4.6 (CentOS) (internal dummy connection)"
122.58.44.116 - - [20/Oct/2016:01:30:02 +0000] "GET / HTTP/1.1" 200 27158 "-" "Mozilla/5.0 (Windows NT 10.0; Win64; x64) AppleWebKit/537.36 (KHTML, like Gecko) Chrome/53.0.2785.143 Safari/537.36"
122.58.44.116 - - [20/Oct/2016:01:30:02 +0000] "GET /vendor/bootstrap/css/bootstrap.min.css HTTP/1.1" 304 - "http://alexanderamante.com/" "Mozilla/5.0 (Windows NT 10.0; Win64; x64) AppleWebKit/537.36 (KHTML, like Gecko) Chrome/53.0.2785.143 Safari/537.36"
122.58.44.116 - - [20/Oct/2016:01:30:02 +0000] "GET /css/freelancer.min.css HTTP/1.1" 304 - "http://alexanderamante.com/" "Mozilla/5.0 (Windows NT 10.0; Win64; x64) AppleWebKit/537.36 (KHTML, like Gecko) Chrome/53.0.2785.143 Safari/537.36"
122.58.44.116 - - [20/Oct/2016:01:30:02 +0000] "GET /vendor/font-awesome/css/font-awesome.min.css HTTP/1.1" 304 - "http://alexanderamante.com/" "Mozilla/5.0 (Windows NT 10.0; Win64; x64) AppleWebKit/537.36 (KHTML, like Gecko) Chrome/53.0.2785.143 Safari/537.36"
122.58.44.116 - - [20/Oct/2016:01:30:02 +0000] "GET /vendor/jquery/jquery.min.js HTTP/1.1" 304 - "http://alexanderamante.com/" "Mozilla/5.0 (Windows NT 10.0; Win64; x64) AppleWebKit/537.36 (KHTML, like Gecko) Chrome/53.0.2785.143 Safari/537.36"
122.58.44.116 - - [20/Oct/2016:01:30:02 +0000] "GET /vendor/bootstrap/js/bootstrap.min.js HTTP/1.1" 304 - "http://alexanderamante.com/" "Mozilla/5.0 (Windows NT 10.0; Win64; x64) AppleWebKit/537.36 (KHTML, like Gecko) Chrome/53.0.2785.143 Safari/537.36"
122.58.44.116 - - [20/Oct/2016:01:30:02 +0000] "GET /js/jqBootstrapValidation.js HTTP/1.1" 304 - "http://alexanderamante.com/" "Mozilla/5.0 (Windows NT 10.0; Win64; x64) AppleWebKit/537.36 (KHTML, like Gecko) Chrome/53.0.2785.143 Safari/537.36"
122.58.44.116 - - [20/Oct/2016:01:30:02 +0000] "GET /js/contact_me.js HTTP/1.1" 304 - "http://alexanderamante.com/" "Mozilla/5.0 (Windows NT 10.0; Win64; x64) AppleWebKit/537.36 (KHTML, like Gecko) Chrome/53.0.2785.143 Safari/537.36"
122.58.44.116 - - [20/Oct/2016:01:30:02 +0000] "GET /js/freelancer.min.js HTTP/1.1" 304 - "http://alexanderamante.com/" "Mozilla/5.0 (Windows NT 10.0; Win64; x64) AppleWebKit/537.36 (KHTML, like Gecko) Chrome/53.0.2785.143 Safari/537.36"
122.58.44.116 - - [20/Oct/2016:01:30:02 +0000] "GET /img/profile.png HTTP/1.1" 304 - "http://alexanderamante.com/" "Mozilla/5.0 (Windows NT 10.0; Win64; x64) AppleWebKit/537.36 (KHTML, like Gecko) Chrome/53.0.2785.143 Safari/537.36"
122.58.44.116 - - [20/Oct/2016:01:30:02 +0000] "GET /img/portfolio/cabin.png HTTP/1.1" 304 - "http://alexanderamante.com/" "Mozilla/5.0 (Windows NT 10.0; Win64; x64) AppleWebKit/537.36 (KHTML, like Gecko) Chrome/53.0.2785.143 Safari/537.36"
122.58.44.116 - - [20/Oct/2016:01:30:03 +0000] "GET /vendor/font-awesome/fonts/fontawesome-webfont.woff2?v=4.6.3 HTTP/1.1" 304 - "http://alexanderamante.com/vendor/font-awesome/css/font-awesome.min.css" "Mozilla/5.0 (Windows NT 10.0; Win64; x64) AppleWebKit/537.36 (KHTML, like Gecko) Chrome/53.0.2785.143 Safari/537.36"
122.58.44.116 - - [20/Oct/2016:01:30:03 +0000] "GET /img/portfolio/cake.png HTTP/1.1" 304 - "http://alexanderamante.com/" "Mozilla/5.0 (Windows NT 10.0; Win64; x64) AppleWebKit/537.36 (KHTML, like Gecko) Chrome/53.0.2785.143 Safari/537.36"
122.58.44.116 - - [20/Oct/2016:01:30:03 +0000] "GET /img/portfolio/circus.png HTTP/1.1" 304 - "http://alexanderamante.com/" "Mozilla/5.0 (Windows NT 10.0; Win64; x64) AppleWebKit/537.36 (KHTML, like Gecko) Chrome/53.0.2785.143 Safari/537.36"
122.58.44.116 - - [20/Oct/2016:01:30:03 +0000] "GET /img/portfolio/game.png HTTP/1.1" 304 - "http://alexanderamante.com/" "Mozilla/5.0 (Windows NT 10.0; Win64; x64) AppleWebKit/537.36 (KHTML, like Gecko) Chrome/53.0.2785.143 Safari/537.36"
122.58.44.116 - - [20/Oct/2016:01:30:03 +0000] "GET /img/portfolio/safe.png HTTP/1.1" 304 - "http://alexanderamante.com/" "Mozilla/5.0 (Windows NT 10.0; Win64; x64) AppleWebKit/537.36 (KHTML, like Gecko) Chrome/53.0.2785.143 Safari/537.36"
122.58.44.116 - - [20/Oct/2016:01:30:03 +0000] "GET /img/portfolio/submarine.png HTTP/1.1" 304 - "http://alexanderamante.com/" "Mozilla/5.0 (Windows NT 10.0; Win64; x64) AppleWebKit/537.36 (KHTML, like Gecko) Chrome/53.0.2785.143 Safari/537.36"
::1 - - [20/Oct/2016:01:30:10 +0000] "OPTIONS * HTTP/1.0" 200 - "-" "Apache/2.4.6 (CentOS) (internal dummy connection)"
122.58.44.116 - - [20/Oct/2016:01:32:23 +0000] "GET / HTTP/1.1" 200 27122 "-" "Mozilla/5.0 (Windows NT 10.0; Win64; x64) AppleWebKit/537.36 (KHTML, like Gecko) Chrome/53.0.2785.143 Safari/537.36"
122.58.44.116 - - [20/Oct/2016:01:32:23 +0000] "GET /vendor/bootstrap/css/bootstrap.min.css HTTP/1.1" 304 - "http://alexanderamante.com/" "Mozilla/5.0 (Windows NT 10.0; Win64; x64) AppleWebKit/537.36 (KHTML, like Gecko) Chrome/53.0.2785.143 Safari/537.36"
122.58.44.116 - - [20/Oct/2016:01:32:23 +0000] "GET /css/freelancer.min.css HTTP/1.1" 304 - "http://alexanderamante.com/" "Mozilla/5.0 (Windows NT 10.0; Win64; x64) AppleWebKit/537.36 (KHTML, like Gecko) Chrome/53.0.2785.143 Safari/537.36"
122.58.44.116 - - [20/Oct/2016:01:32:23 +0000] "GET /vendor/font-awesome/css/font-awesome.min.css HTTP/1.1" 304 - "http://alexanderamante.com/" "Mozilla/5.0 (Windows NT 10.0; Win64; x64) AppleWebKit/537.36 (KHTML, like Gecko) Chrome/53.0.2785.143 Safari/537.36"
122.58.44.116 - - [20/Oct/2016:01:32:23 +0000] "GET /vendor/jquery/jquery.min.js HTTP/1.1" 304 - "http://alexanderamante.com/" "Mozilla/5.0 (Windows NT 10.0; Win64; x64) AppleWebKit/537.36 (KHTML, like Gecko) Chrome/53.0.2785.143 Safari/537.36"
122.58.44.116 - - [20/Oct/2016:01:32:23 +0000] "GET /vendor/bootstrap/js/bootstrap.min.js HTTP/1.1" 304 - "http://alexanderamante.com/" "Mozilla/5.0 (Windows NT 10.0; Win64; x64) AppleWebKit/537.36 (KHTML, like Gecko) Chrome/53.0.2785.143 Safari/537.36"
122.58.44.116 - - [20/Oct/2016:01:32:23 +0000] "GET /js/jqBootstrapValidation.js HTTP/1.1" 304 - "http://alexanderamante.com/" "Mozilla/5.0 (Windows NT 10.0; Win64; x64) AppleWebKit/537.36 (KHTML, like Gecko) Chrome/53.0.2785.143 Safari/537.36"
122.58.44.116 - - [20/Oct/2016:01:32:23 +0000] "GET /js/contact_me.js HTTP/1.1" 304 - "http://alexanderamante.com/" "Mozilla/5.0 (Windows NT 10.0; Win64; x64) AppleWebKit/537.36 (KHTML, like Gecko) Chrome/53.0.2785.143 Safari/537.36"
122.58.44.116 - - [20/Oct/2016:01:32:23 +0000] "GET /js/freelancer.min.js HTTP/1.1" 304 - "http://alexanderamante.com/" "Mozilla/5.0 (Windows NT 10.0; Win64; x64) AppleWebKit/537.36 (KHTML, like Gecko) Chrome/53.0.2785.143 Safari/537.36"
122.58.44.116 - - [20/Oct/2016:01:32:23 +0000] "GET /img/profile.png HTTP/1.1" 304 - "http://alexanderamante.com/" "Mozilla/5.0 (Windows NT 10.0; Win64; x64) AppleWebKit/537.36 (KHTML, like Gecko) Chrome/53.0.2785.143 Safari/537.36"
122.58.44.116 - - [20/Oct/2016:01:32:23 +0000] "GET /img/portfolio/cabin.png HTTP/1.1" 304 - "http://alexanderamante.com/" "Mozilla/5.0 (Windows NT 10.0; Win64; x64) AppleWebKit/537.36 (KHTML, like Gecko) Chrome/53.0.2785.143 Safari/537.36"
122.58.44.116 - - [20/Oct/2016:01:32:23 +0000] "GET /img/portfolio/cake.png HTTP/1.1" 304 - "http://alexanderamante.com/" "Mozilla/5.0 (Windows NT 10.0; Win64; x64) AppleWebKit/537.36 (KHTML, like Gecko) Chrome/53.0.2785.143 Safari/537.36"
122.58.44.116 - - [20/Oct/2016:01:32:23 +0000] "GET /img/portfolio/circus.png HTTP/1.1" 304 - "http://alexanderamante.com/" "Mozilla/5.0 (Windows NT 10.0; Win64; x64) AppleWebKit/537.36 (KHTML, like Gecko) Chrome/53.0.2785.143 Safari/537.36"
122.58.44.116 - - [20/Oct/2016:01:32:23 +0000] "GET /img/portfolio/game.png HTTP/1.1" 304 - "http://alexanderamante.com/" "Mozilla/5.0 (Windows NT 10.0; Win64; x64) AppleWebKit/537.36 (KHTML, like Gecko) Chrome/53.0.2785.143 Safari/537.36"
122.58.44.116 - - [20/Oct/2016:01:32:23 +0000] "GET /img/portfolio/safe.png HTTP/1.1" 304 - "http://alexanderamante.com/" "Mozilla/5.0 (Windows NT 10.0; Win64; x64) AppleWebKit/537.36 (KHTML, like Gecko) Chrome/53.0.2785.143 Safari/537.36"
122.58.44.116 - - [20/Oct/2016:01:32:23 +0000] "GET /img/portfolio/submarine.png HTTP/1.1" 304 - "http://alexanderamante.com/" "Mozilla/5.0 (Windows NT 10.0; Win64; x64) AppleWebKit/537.36 (KHTML, like Gecko) Chrome/53.0.2785.143 Safari/537.36"
::1 - - [20/Oct/2016:01:32:31 +0000] "OPTIONS * HTTP/1.0" 200 - "-" "Apache/2.4.6 (CentOS) (internal dummy connection)"
122.58.44.116 - - [20/Oct/2016:01:42:09 +0000] "GET / HTTP/1.1" 200 27363 "-" "Mozilla/5.0 (Windows NT 10.0; Win64; x64) AppleWebKit/537.36 (KHTML, like Gecko) Chrome/53.0.2785.143 Safari/537.36"
122.58.44.116 - - [20/Oct/2016:01:42:09 +0000] "GET /vendor/bootstrap/css/bootstrap.min.css HTTP/1.1" 304 - "http://alexanderamante.com/" "Mozilla/5.0 (Windows NT 10.0; Win64; x64) AppleWebKit/537.36 (KHTML, like Gecko) Chrome/53.0.2785.143 Safari/537.36"
122.58.44.116 - - [20/Oct/2016:01:42:09 +0000] "GET /css/freelancer.min.css HTTP/1.1" 304 - "http://alexanderamante.com/" "Mozilla/5.0 (Windows NT 10.0; Win64; x64) AppleWebKit/537.36 (KHTML, like Gecko) Chrome/53.0.2785.143 Safari/537.36"
122.58.44.116 - - [20/Oct/2016:01:42:09 +0000] "GET /vendor/font-awesome/css/font-awesome.min.css HTTP/1.1" 304 - "http://alexanderamante.com/" "Mozilla/5.0 (Windows NT 10.0; Win64; x64) AppleWebKit/537.36 (KHTML, like Gecko) Chrome/53.0.2785.143 Safari/537.36"
122.58.44.116 - - [20/Oct/2016:01:42:10 +0000] "GET /vendor/jquery/jquery.min.js HTTP/1.1" 304 - "http://alexanderamante.com/" "Mozilla/5.0 (Windows NT 10.0; Win64; x64) AppleWebKit/537.36 (KHTML, like Gecko) Chrome/53.0.2785.143 Safari/537.36"
122.58.44.116 - - [20/Oct/2016:01:42:10 +0000] "GET /js/jqBootstrapValidation.js HTTP/1.1" 304 - "http://alexanderamante.com/" "Mozilla/5.0 (Windows NT 10.0; Win64; x64) AppleWebKit/537.36 (KHTML, like Gecko) Chrome/53.0.2785.143 Safari/537.36"
122.58.44.116 - - [20/Oct/2016:01:42:10 +0000] "GET /vendor/bootstrap/js/bootstrap.min.js HTTP/1.1" 304 - "http://alexanderamante.com/" "Mozilla/5.0 (Windows NT 10.0; Win64; x64) AppleWebKit/537.36 (KHTML, like Gecko) Chrome/53.0.2785.143 Safari/537.36"
122.58.44.116 - - [20/Oct/2016:01:42:10 +0000] "GET /js/contact_me.js HTTP/1.1" 304 - "http://alexanderamante.com/" "Mozilla/5.0 (Windows NT 10.0; Win64; x64) AppleWebKit/537.36 (KHTML, like Gecko) Chrome/53.0.2785.143 Safari/537.36"
